Loading labelled SMARTS (EC depth=1)...
EC map: 214007 labelled SMARTS
After join with validated set: 214007 labelled SMARTS
Class distribution:
label
2    92314
1    56568
3    33764
4    18275
6     8223
5     4793
7       70
Sampled 19996 SMARTS (stratified)
Labels: ['1', '2', '3', '4', '5', '6', '7']
Train: 15996 | Test: 4000 (stratified 80/20)

=== Extracting CLS and mean embeddings (single model load) ===
Loaded pretrained weights from models/smarts_transformer_20260410_111830.pt (d_model=256, layers=6)
SMARTSDataset: 19996 sequences | max_length=256 | avg_len=118.3 | vocab_size=4465
/projects/F202508983CPCAA0/jcorreia/work/smartrxn_env/lib/python3.12/site-packages/torch/nn/modules/transformer.py:508: UserWarning: The PyTorch API of nested tensors is in prototype stage and will change in the near future. We recommend specifying layout=torch.jagged when constructing a nested tensor, as this layout receives active development, has better operator coverage, and works with torch.compile. (Triggered internally at /pytorch/aten/src/ATen/NestedTensorImpl.cpp:178.)
  output = torch._nested_tensor_from_mask(
Extracted 19996 embeddings | dim=256 | pooling=cls | device=cuda
CLS embeddings extracted: (19996, 256)
SMARTSDataset: 19996 sequences | max_length=256 | avg_len=117.3 | vocab_size=4465
Extracted 19996 embeddings | dim=256 | pooling=mean | device=cuda
Mean embeddings extracted: (19996, 256)
Total embedding extraction time: 16.7 s

=== CLS+logreg ===

CLS+logreg — 10-fold CV (train=15996, test=4000, head=logreg):
  accuracy : 0.5924 ± 0.0099
  f1_macro : 0.4741 ± 0.0484
              precision    recall  f1-score   support

           1       0.68      0.50      0.58      1057
           2       0.85      0.66      0.74      1726
           3       0.48      0.52      0.50       631
           4       0.39      0.56      0.46       342
           5       0.25      0.76      0.38        89
           6       0.25      0.69      0.36       154
           7       0.00      0.00      0.00         1

    accuracy                           0.59      4000
   macro avg       0.41      0.53      0.43      4000
weighted avg       0.67      0.59      0.61      4000


=== CLS+mlp ===

CLS+mlp — 10-fold CV (train=15996, test=4000, head=mlp):
  accuracy : 0.7367 ± 0.0124
  f1_macro : 0.5837 ± 0.0538
              precision    recall  f1-score   support

           1       0.76      0.76      0.76      1057
           2       0.84      0.85      0.84      1726
           3       0.62      0.61      0.62       631
           4       0.58      0.60      0.59       342
           5       0.67      0.51      0.58        89
           6       0.53      0.49      0.51       154
           7       0.00      0.00      0.00         1

    accuracy                           0.74      4000
   macro avg       0.57      0.55      0.56      4000
weighted avg       0.74      0.74      0.74      4000


=== Mean+logreg ===

Mean+logreg — 10-fold CV (train=15996, test=4000, head=logreg):
  accuracy : 0.6709 ± 0.0111
  f1_macro : 0.5557 ± 0.0519
              precision    recall  f1-score   support

           1       0.78      0.61      0.69      1057
           2       0.88      0.75      0.81      1726
           3       0.56      0.63      0.59       631
           4       0.47      0.58      0.52       342
           5       0.31      0.78      0.45        89
           6       0.32      0.74      0.45       154
           7       0.00      0.00      0.00         1

    accuracy                           0.68      4000
   macro avg       0.48      0.58      0.50      4000
weighted avg       0.74      0.68      0.70      4000


=== Mean+mlp ===

Mean+mlp — 10-fold CV (train=15996, test=4000, head=mlp):
  accuracy : 0.7959 ± 0.0102
  f1_macro : 0.6464 ± 0.0490
              precision    recall  f1-score   support

           1       0.81      0.83      0.82      1057
           2       0.88      0.91      0.89      1726
           3       0.69      0.71      0.70       631
           4       0.69      0.59      0.64       342
           5       0.73      0.52      0.61        89
           6       0.68      0.55      0.61       154
           7       0.00      0.00      0.00         1

    accuracy                           0.81      4000
   macro avg       0.64      0.59      0.61      4000
weighted avg       0.80      0.81      0.80      4000


Total ablation time: 2844.8 s
Results written to results/pooling_ablation_1163359.json
Loaded environment from results/pooling_ablation_1163359_env.json
Figure saved to results/pooling_ablation_1163359_report.pdf
Report written to results/pooling_ablation_1163359_report.md
