Loading labelled SMARTS (EC depth=1)...
EC map built: 214007 labelled SMARTS
After join with validated set: 214007 SMARTS with EC labels
Class distribution:
label
2    92314
1    56568
3    33764
4    18275
6     8223
5     4793
7       70
Sampled 9996 SMARTS (stratified)
Labels: ['1', '2', '3', '4', '5', '6', '7']
Train: 7996 samples | Test: 2000 samples (stratified 80/20)

--- SmartsTokenizer ---

SmartsTokenizer — 5-fold CV results (train=7996, test=2000):
  accuracy : 0.5400 ± 0.0066
  f1_macro : 0.3688 ± 0.0076
  f1_weighted: 0.5734 ± 0.0053
  cv_time  : 7.7 s | fit_time: 2.3 s

Classification report (held-out test set):
              precision    recall  f1-score   support

           1       0.61      0.44      0.51       529
           2       0.84      0.63      0.72       863
           3       0.47      0.47      0.47       315
           4       0.33      0.44      0.38       171
           5       0.12      0.51      0.20        45
           6       0.19      0.60      0.29        77
           7       0.00      0.00      0.00         0

    accuracy                           0.53      2000
   macro avg       0.37      0.44      0.37      2000
weighted avg       0.64      0.53      0.57      2000

Note: classes with very few samples (e.g. EC class 7, n=0) are expected to score 0 — insufficient data, not a model failure.

--- SentencePieceTokenizer (data/processed/sp_tokenizer.model) ---

SentencePieceTokenizer — 5-fold CV results (train=7996, test=2000):
  accuracy : 0.5858 ± 0.0115
  f1_macro : 0.4217 ± 0.0309
  f1_weighted: 0.6109 ± 0.0118
  cv_time  : 8.5 s | fit_time: 1.8 s

Classification report (held-out test set):
              precision    recall  f1-score   support

           1       0.65      0.55      0.60       529
           2       0.85      0.67      0.75       863
           3       0.45      0.45      0.45       315
           4       0.36      0.51      0.42       171
           5       0.17      0.49      0.25        45
           6       0.27      0.66      0.38        77
           7       0.00      0.00      0.00         0

    accuracy                           0.58      2000
   macro avg       0.39      0.48      0.41      2000
weighted avg       0.66      0.58      0.61      2000

Note: classes with very few samples (e.g. EC class 7, n=0) are expected to score 0 — insufficient data, not a model failure.
Results written to results/tokenizer_comparison_20260409_124425/ec_classifier.json
Loaded 361751 valid SMARTS from data/processed/validated_smarts.csv
Sampled 10000 SMARTS (seed=42)

Benchmarking SmartsTokenizer...
Benchmarking SentencePieceTokenizer (data/processed/sp_tokenizer.model)...
Results written to results/tokenizer_comparison_20260409_124425/tokenizer_metrics.json
Loaded metrics for: ['SmartsTokenizer', 'SentencePieceTokenizer']
Saved results/tokenizer_comparison_20260409_124425/figures/token_length_distribution.svg
Saved results/tokenizer_comparison_20260409_124425/figures/token_length_distribution.png
Saved results/tokenizer_comparison_20260409_124425/figures/throughput_fertility.svg
Saved results/tokenizer_comparison_20260409_124425/figures/throughput_fertility.png
Loaded classifier results for: ['SmartsTokenizer', 'SentencePieceTokenizer']
Saved results/tokenizer_comparison_20260409_124425/figures/ec_classifier.svg
Saved results/tokenizer_comparison_20260409_124425/figures/ec_classifier.png
Loaded environment from results/tokenizer_comparison_20260409_124425/env.json
Report written to results/tokenizer_comparison_20260409_124425/tokenizer_comparison_report.md
