Loading labelled SMARTS (EC depth=3)...
EC map built: 214007 labelled SMARTS
After join with validated set: 214007 SMARTS with EC labels
Dropping 25 rare classes (<10 samples): ['1.10.1', '1.12.1', '1.16.3', '1.17', '1.21.99', '1.3.2', '1.4.2', '1.4.5', '1.4.7', '1.5.7', '1.5.8', '1.6', '1.6.98', '1.7.5', '1.7.6', '1.7.99', '1.8.2', '1.8.7', '1.9.6', '3.12.1', '3.8.2', '4', '5.1', '7.1.1', '7.3.2']
Class distribution:
label
2.4.1      27830
2.3.1      17998
2.1.1      10962
1.1.1      10229
1.14.13     9119
2.5.1       8629
3.2.1       6980
3.1.1       5617
4.2.1       5163
2.6.1       4853
2.7.1       4174
4.2.3       3985
3.5.1       3934
1.14.14     3665
1.13.11     3583
1.2.1       3377
1.3.1       3330
6.3.2       3087
2.8.3       2753
2.4.2       2595
2.7.7       2561
1.14.11     2509
6.2.1       2469
3.1.3       2450
4.1.1       2356
2.7.8       2131
4.1.2       1726
3.6.1       1482
3.7.1       1276
4.4.1       1210
3.1.2       1170
5.5.1       1168
2.8.2       1087
1.11.1      1045
3.3.2       1018
1.14.99     1013
3.1.4       1000
5.4.99       990
1.14         978
3.5.4        973
2.2.1        964
1.1.3        936
1.5.1        932
3.4.13       932
2.7.4        931
3.4.11       925
2.3.3        865
1.14.12      818
4.1.99       780
1.14.19      775
5.3.3        765
3.2.2        754
2.1.2        745
1.14.15      725
1.4.3        723
1.3.3        713
1.10.3       675
1.5.3        641
4.1.3        610
3.5.3        594
1.13.12      591
1            571
1.14.20      552
6.3.1        536
3.5.99       525
5.3.99       524
6.3.5        518
4.3.1        487
5.3.1        482
6.3.4        463
2.4.99       461
2.3.2        457
1.4.1        445
2.1.3        443
3.4.17       424
4.99.1       417
1.2.4        415
3.4.21       413
3.4.19       404
3.5.2        381
1.6.5        371
1.2.3        368
1.21.3       361
4.3.2        348
1.14.18      345
3.8.1        344
1.8.1        344
6.4.1        343
6.3          330
1.17.3       327
4.3.3        314
2.7.2        309
1.3.5        307
1.7.1        305
1.1          304
2.1.4        301
1.11.2       282
1.3.8        276
1.14.21      276
5.4.4        270
3.4.16       264
3.1.6        264
1.17.1       261
3.13.1       252
1.3.98       230
4.2.2        210
2.7.3        202
2.7.6        186
1.3.7        184
2.8.1        177
1.8.3        169
1.8.4        168
1.1.99       162
3.1.8        162
6.3.3        161
1.3          157
1.13.99      153
3.4          150
1.21.98      147
4.2.99       146
3.5.5        145
3.4.14       142
4.6.1        140
1.8.5        138
4.5.1        135
1.3.99       133
1.7.3        132
2.10.1       128
5.3.2        124
1.1.98       118
1.97.1       109
5.4.3        107
4.8.1        106
5.4.2        106
1.14.16      105
5.1.3        103
2.8.4        100
2.4.3         96
4.3.99        94
3.1.7         93
1.14.17       92
1.23.1        92
3.1           89
1.2.7         83
1.13          81
1.1.4         80
1.1.5         77
6.1.2         76
3.4.15        74
1.17.7        73
3.4.24        71
6.6.1         70
1.17.5        69
2.6.99        65
3.5           61
1.17.99       61
2.3           60
2.1.5         60
1.17.4        58
2             56
3.4.22        55
1.5.99        52
6.1.3         51
1.23.5        49
1.21.1        49
3             48
1.11          47
2.7.9         47
1.7.2         47
1.12.98       47
3.3.1         46
1.10.99       46
1.5.98        44
1.17.9        44
3.6.3         44
3.9.1         42
1.2.98        42
1.1.2         40
6.7.1         38
1.3.4         37
2.4           36
1.2.99        36
5.4.1         35
1.6.6         35
1.2           34
3.1.5         33
1.4           30
1.10.5        30
1.20.1        29
1.17.8        29
1.7           29
5.1.1         28
7.2.4         27
3.11.1        26
1.5           26
6             26
1.2.2         25
1.4.4         24
1.16.1        23
4.98.1        23
7.2.1         23
1.6.3         22
1.12.2        22
5.2.1         22
6.1           21
1.4.99        21
1.2.5         20
3.10.1        19
5.6.1         19
3.1.27        19
1.21.4        18
6.1.1         18
1.5.4         18
4.7.1         17
6.5.1         16
3.13.2        16
3.2           16
1.6.99        16
2.7.11        16
2.6.3         16
1.1.7         16
1.18.1        14
1.20.4        13
5             12
3.6.4         12
1.6.2         12
1.21          12
7.6.2         12
2.8.7         10
5.1.2         10
5.99.1        10
2.8.5         10
1.18          10
3.6.2         10
1.12.99       10
5.3           10
1.17.2        10
Sampled 49884 SMARTS (stratified)
Labels: ['1', '1.1', '1.1.1', '1.1.2', '1.1.3', '1.1.4', '1.1.5', '1.1.7', '1.1.98', '1.1.99', '1.10.3', '1.10.5', '1.10.99', '1.11', '1.11.1', '1.11.2', '1.12.2', '1.12.98', '1.12.99', '1.13', '1.13.11', '1.13.12', '1.13.99', '1.14', '1.14.11', '1.14.12', '1.14.13', '1.14.14', '1.14.15', '1.14.16', '1.14.17', '1.14.18', '1.14.19', '1.14.20', '1.14.21', '1.14.99', '1.16.1', '1.17.1', '1.17.2', '1.17.3', '1.17.4', '1.17.5', '1.17.7', '1.17.8', '1.17.9', '1.17.99', '1.18', '1.18.1', '1.2', '1.2.1', '1.2.2', '1.2.3', '1.2.4', '1.2.5', '1.2.7', '1.2.98', '1.2.99', '1.20.1', '1.20.4', '1.21', '1.21.1', '1.21.3', '1.21.4', '1.21.98', '1.23.1', '1.23.5', '1.3', '1.3.1', '1.3.3', '1.3.4', '1.3.5', '1.3.7', '1.3.8', '1.3.98', '1.3.99', '1.4', '1.4.1', '1.4.3', '1.4.4', '1.4.99', '1.5', '1.5.1', '1.5.3', '1.5.4', '1.5.98', '1.5.99', '1.6.2', '1.6.3', '1.6.5', '1.6.6', '1.6.99', '1.7', '1.7.1', '1.7.2', '1.7.3', '1.8.1', '1.8.3', '1.8.4', '1.8.5', '1.97.1', '2', '2.1.1', '2.1.2', '2.1.3', '2.1.4', '2.1.5', '2.10.1', '2.2.1', '2.3', '2.3.1', '2.3.2', '2.3.3', '2.4', '2.4.1', '2.4.2', '2.4.3', '2.4.99', '2.5.1', '2.6.1', '2.6.3', '2.6.99', '2.7.1', '2.7.11', '2.7.2', '2.7.3', '2.7.4', '2.7.6', '2.7.7', '2.7.8', '2.7.9', '2.8.1', '2.8.2', '2.8.3', '2.8.4', '2.8.5', '2.8.7', '3', '3.1', '3.1.1', '3.1.2', '3.1.27', '3.1.3', '3.1.4', '3.1.5', '3.1.6', '3.1.7', '3.1.8', '3.10.1', '3.11.1', '3.13.1', '3.13.2', '3.2', '3.2.1', '3.2.2', '3.3.1', '3.3.2', '3.4', '3.4.11', '3.4.13', '3.4.14', '3.4.15', '3.4.16', '3.4.17', '3.4.19', '3.4.21', '3.4.22', '3.4.24', '3.5', '3.5.1', '3.5.2', '3.5.3', '3.5.4', '3.5.5', '3.5.99', '3.6.1', '3.6.2', '3.6.3', '3.6.4', '3.7.1', '3.8.1', '3.9.1', '4.1.1', '4.1.2', '4.1.3', '4.1.99', '4.2.1', '4.2.2', '4.2.3', '4.2.99', '4.3.1', '4.3.2', '4.3.3', '4.3.99', '4.4.1', '4.5.1', '4.6.1', '4.7.1', '4.8.1', '4.98.1', '4.99.1', '5', '5.1.1', '5.1.2', '5.1.3', '5.2.1', '5.3', '5.3.1', '5.3.2', '5.3.3', '5.3.99', '5.4.1', '5.4.2', '5.4.3', '5.4.4', '5.4.99', '5.5.1', '5.6.1', '5.99.1', '6', '6.1', '6.1.1', '6.1.2', '6.1.3', '6.2.1', '6.3', '6.3.1', '6.3.2', '6.3.3', '6.3.4', '6.3.5', '6.4.1', '6.5.1', '6.6.1', '6.7.1', '7.2.1', '7.2.4', '7.6.2']
Train: 39907 samples | Test: 9977 samples (stratified 80/20)

--- SmartsTokenizer ---

SmartsTokenizer — 10-fold CV results (train=39907, test=9977):
  accuracy : 0.2493 ± 0.0079
  f1_macro : 0.1481 ± 0.0106
  f1_weighted: 0.2709 ± 0.0075
  cv_time  : 34.5 s | fit_time: 23.3 s

Classification report (held-out test set):
              precision    recall  f1-score   support

           0       0.05      0.04      0.04        27
           1       0.04      0.14      0.06        14
           2       0.48      0.03      0.05       478
           3       0.07      1.00      0.12         2
           4       0.11      0.05      0.06        44
           5       0.04      0.25      0.07         4
           6       0.07      0.75      0.14         4
           7       0.00      0.00      0.00         1
           8       0.04      0.40      0.07         5
           9       0.04      0.29      0.06         7
          10       0.15      0.16      0.15        31
          11       0.00      0.00      0.00         1
          12       0.05      1.00      0.10         2
          13       0.02      0.50      0.04         2
          14       0.44      0.08      0.14        49
          15       0.06      0.38      0.11        13
          16       0.00      0.00      0.00         1
          17       0.00      0.00      0.00         2
          19       0.00      0.00      0.00         4
          20       0.48      0.12      0.20       168
          21       0.07      0.21      0.11        28
          22       0.00      0.00      0.00         7
          23       0.09      0.11      0.10        46
          24       0.33      0.02      0.03       117
          25       0.19      0.47      0.27        38
          26       0.50      0.00      0.00       426
          27       0.25      0.01      0.01       171
          28       0.08      0.21      0.12        34
          29       0.05      0.40      0.09         5
          30       0.04      0.50      0.08         4
          31       0.02      0.06      0.04        16
          32       0.14      0.06      0.08        36
          33       0.24      0.38      0.30        26
          34       0.07      0.38      0.11        13
          35       0.17      0.23      0.20        47
          36       0.00      0.00      0.00         1
          37       0.07      0.25      0.10        12
          38       0.00      0.00      0.00         0
          39       0.14      0.40      0.21        15
          40       0.10      0.67      0.17         3
          41       0.02      0.33      0.04         3
          42       0.12      0.67      0.21         3
          43       0.05      1.00      0.09         1
          44       0.00      0.00      0.00         2
          45       0.02      0.33      0.04         3
          46       0.00      0.00      0.00         0
          47       0.00      0.00      0.00         1
          48       0.03      1.00      0.06         1
          49       0.23      0.04      0.07       158
          50       0.00      0.00      0.00         1
          51       0.00      0.00      0.00        17
          52       0.25      0.53      0.34        19
          53       0.00      0.00      0.00         1
          54       0.06      0.50      0.11         4
          55       0.11      0.50      0.18         2
          56       0.09      0.50      0.15         2
          57       0.33      1.00      0.50         1
          58       0.00      0.00      0.00         1
          59       0.00      0.00      0.00         0
          60       0.05      0.50      0.10         2
          61       0.05      0.35      0.09        17
          62       0.12      1.00      0.22         1
          63       0.17      0.57      0.27         7
          64       0.05      0.75      0.10         4
          65       0.04      0.50      0.07         2
          66       0.05      0.29      0.08         7
          67       0.18      0.01      0.02       156
          68       0.06      0.09      0.07        33
          69       0.18      1.00      0.31         2
          70       0.18      0.71      0.29        14
          71       0.20      0.67      0.31         9
          72       0.08      0.31      0.12        13
          73       0.07      0.36      0.12        11
          74       0.02      0.33      0.05         6
          75       0.00      0.00      0.00         1
          76       0.22      0.52      0.31        21
          77       0.27      0.26      0.27        34
          78       0.00      0.00      0.00         1
          79       0.00      0.00      0.00         1
          80       0.10      1.00      0.18         1
          81       0.29      0.09      0.14        43
          82       0.26      0.53      0.35        30
          83       0.00      0.00      0.00         1
          84       0.03      0.50      0.06         2
          85       0.00      0.00      0.00         2
          86       0.00      0.00      0.00         0
          87       0.00      0.00      0.00         1
          88       0.11      0.35      0.16        17
          89       0.17      0.50      0.25         2
          90       0.50      1.00      0.67         1
          91       0.33      1.00      0.50         1
          92       0.12      0.43      0.19        14
          93       0.29      1.00      0.44         2
          94       0.11      0.50      0.18         6
          95       0.09      0.19      0.12        16
          96       0.09      0.38      0.15         8
          97       0.04      0.12      0.06         8
          98       0.15      0.50      0.23         6
          99       0.11      0.40      0.17         5
         100       0.00      0.00      0.00         3
         101       0.90      0.42      0.57       513
         102       0.43      0.51      0.47        35
         103       0.18      0.29      0.22        21
         104       0.31      0.79      0.44        14
         105       0.07      0.67      0.12         3
         106       0.33      0.50      0.40         6
         107       0.24      0.53      0.33        45
         108       0.01      0.33      0.02         3
         109       0.90      0.10      0.18       842
         110       0.17      0.14      0.15        21
         111       0.17      0.57      0.27        40
         112       0.00      0.00      0.00         2
         113       0.87      0.47      0.61      1301
         114       0.09      0.08      0.09       121
         115       0.05      1.00      0.09         4
         116       0.10      0.48      0.17        21
         117       0.90      0.16      0.27       404
         118       0.76      0.40      0.52       227
         119       0.20      1.00      0.33         1
         120       0.03      0.33      0.06         3
         121       0.67      0.29      0.40       195
         122       0.14      1.00      0.25         1
         123       0.09      0.43      0.14        14
         124       0.43      0.67      0.52         9
         125       0.23      0.47      0.31        43
         126       0.09      0.33      0.14         9
         127       0.60      0.34      0.44       120
         128       0.24      0.34      0.28       100
         129       0.04      0.50      0.08         2
         130       0.22      0.62      0.32         8
         131       0.45      0.59      0.51        51
         132       0.39      0.28      0.32       129
         133       0.17      0.80      0.29         5
         134       0.00      0.00      0.00         0
         135       0.00      0.00      0.00         0
         136       0.00      0.00      0.00         2
         137       0.02      0.50      0.05         4
         138       0.27      0.01      0.02       263
         139       0.12      0.20      0.15        55
         140       0.00      0.00      0.00         1
         141       0.54      0.39      0.45       114
         142       0.27      0.26      0.26        47
         143       0.05      1.00      0.09         1
         144       0.18      0.67      0.28        12
         145       0.03      0.50      0.06         4
         146       0.07      0.43      0.12         7
         147       0.20      1.00      0.33         1
         148       0.11      1.00      0.20         1
         149       0.06      0.17      0.09        12
         150       0.00      0.00      0.00         1
         151       0.00      0.00      0.00         1
         152       0.50      0.44      0.47       326
         153       0.31      0.43      0.36        35
         154       0.00      0.00      0.00         2
         155       0.19      0.17      0.18        47
         156       0.05      0.14      0.07         7
         157       0.20      0.14      0.16        43
         158       0.26      0.21      0.23        43
         159       0.07      0.29      0.11         7
         160       0.00      0.00      0.00         3
         161       0.12      0.42      0.19        12
         162       0.18      0.30      0.22        20
         163       0.23      0.68      0.35        19
         164       0.07      0.21      0.11        19
         165       0.00      0.00      0.00         2
         166       0.11      1.00      0.19         3
         167       0.01      0.33      0.03         3
         168       1.00      0.03      0.06       184
         169       0.19      0.44      0.26        18
         170       0.61      0.71      0.66        28
         171       0.41      0.53      0.47        45
         172       0.26      1.00      0.41         7
         173       0.21      0.17      0.19        24
         174       0.29      0.36      0.32        69
         175       0.00      0.00      0.00         0
         176       0.00      0.00      0.00         2
         177       0.00      0.00      0.00         0
         178       0.36      0.15      0.21        60
         179       0.29      0.62      0.39        16
         180       0.00      0.00      0.00         2
         181       0.22      0.07      0.11       110
         182       0.00      0.00      0.00        81
         183       0.09      0.21      0.13        28
         184       0.19      0.08      0.12        36
         185       0.83      0.06      0.12       241
         186       0.08      0.80      0.14        10
         187       0.60      0.68      0.63       186
         188       0.06      0.71      0.12         7
         189       0.18      0.30      0.23        23
         190       0.29      0.38      0.32        16
         191       0.08      0.13      0.10        15
         192       0.00      0.00      0.00         4
         193       0.42      0.20      0.27        56
         194       0.17      0.50      0.25         6
         195       0.02      0.17      0.04         6
         196       0.50      1.00      0.67         1
         197       0.16      0.60      0.25         5
         198       0.00      0.00      0.00         1
         199       0.19      0.79      0.31        19
         200       0.00      0.00      0.00         0
         201       0.11      1.00      0.20         1
         202       0.00      0.00      0.00         0
         203       0.02      0.20      0.03         5
         204       0.04      1.00      0.07         1
         205       0.00      0.00      0.00         0
         206       0.12      0.41      0.18        22
         207       0.04      0.50      0.07         6
         208       0.09      0.44      0.15        36
         209       0.12      0.50      0.20        24
         210       0.00      0.00      0.00         2
         211       0.09      0.60      0.15         5
         212       0.12      0.80      0.21         5
         213       0.03      0.23      0.06        13
         214       0.19      0.43      0.26        46
         215       0.18      0.25      0.21        55
         216       0.00      0.00      0.00         1
         217       0.00      0.00      0.00         0
         218       0.00      0.00      0.00         1
         219       0.00      0.00      0.00         1
         220       0.20      1.00      0.33         1
         221       0.12      0.67      0.21         3
         222       0.02      0.50      0.04         2
         223       0.21      0.33      0.26       115
         224       0.15      0.40      0.21        15
         225       0.18      0.08      0.11        25
         226       0.83      0.24      0.38       144
         227       0.14      0.57      0.22         7
         228       0.00      0.00      0.00        22
         229       0.25      0.33      0.29        24
         230       0.06      0.12      0.08        16
         231       0.00      0.00      0.00         1
         232       0.09      0.67      0.16         3
         233       0.00      0.00      0.00         2
         234       0.00      0.00      0.00         1
         235       0.03      1.00      0.06         1
         236       0.00      0.00      0.00         0

    accuracy                           0.26      9977
   macro avg       0.16      0.35      0.16      9977
weighted avg       0.53      0.26      0.28      9977

Note: classes with very few samples (e.g. EC class 7, n=0) are expected to score 0 — insufficient data, not a model failure.

--- SentencePieceTokenizer (data/processed/sp_tokenizer.model) ---

SentencePieceTokenizer — 10-fold CV results (train=39907, test=9977):
  accuracy : 0.3169 ± 0.0064
  f1_macro : 0.1875 ± 0.0105
  f1_weighted: 0.3348 ± 0.0055
  cv_time  : 26.9 s | fit_time: 27.3 s

Classification report (held-out test set):
              precision    recall  f1-score   support

           0       0.04      0.04      0.04        27
           1       0.04      0.14      0.06        14
           2       0.50      0.03      0.06       478
           3       0.12      1.00      0.21         2
           4       0.09      0.14      0.11        44
           5       1.00      0.25      0.40         4
           6       0.14      0.75      0.24         4
           7       0.00      0.00      0.00         1
           8       0.05      0.40      0.09         5
           9       0.05      0.43      0.08         7
          10       0.09      0.19      0.12        31
          11       0.00      0.00      0.00         1
          12       0.08      0.50      0.14         2
          13       0.11      0.50      0.18         2
          14       0.32      0.12      0.18        49
          15       0.08      0.46      0.14        13
          16       0.00      0.00      0.00         1
          17       0.00      0.00      0.00         2
          18       0.00      0.00      0.00         0
          19       0.00      0.00      0.00         4
          20       0.56      0.30      0.39       168
          21       0.10      0.25      0.14        28
          22       0.00      0.00      0.00         7
          23       0.14      0.24      0.18        46
          24       0.40      0.12      0.18       117
          25       0.22      0.55      0.32        38
          26       0.50      0.01      0.02       426
          27       0.43      0.04      0.06       171
          28       0.11      0.47      0.18        34
          29       0.07      0.60      0.13         5
          30       0.05      0.50      0.10         4
          31       0.06      0.19      0.09        16
          32       0.22      0.14      0.17        36
          33       0.23      0.42      0.30        26
          34       0.06      0.46      0.10        13
          35       0.20      0.30      0.24        47
          36       0.17      1.00      0.29         1
          37       0.11      0.42      0.17        12
          38       0.00      0.00      0.00         0
          39       0.14      0.67      0.24        15
          40       0.14      0.33      0.20         3
          41       0.04      0.33      0.07         3
          42       0.07      0.33      0.11         3
          43       0.14      1.00      0.25         1
          44       0.00      0.00      0.00         2
          45       0.03      0.33      0.06         3
          46       0.00      0.00      0.00         0
          47       0.00      0.00      0.00         1
          48       0.09      1.00      0.17         1
          49       0.60      0.13      0.22       158
          50       0.14      1.00      0.25         1
          51       0.01      0.06      0.02        17
          52       0.28      0.79      0.41        19
          53       0.25      1.00      0.40         1
          54       0.07      0.50      0.13         4
          55       0.14      0.50      0.22         2
          56       0.00      0.00      0.00         2
          57       0.00      0.00      0.00         1
          58       0.33      1.00      0.50         1
          59       0.00      0.00      0.00         0
          60       0.17      1.00      0.29         2
          61       0.10      0.59      0.17        17
          62       0.33      1.00      0.50         1
          63       0.15      0.57      0.24         7
          64       0.09      0.50      0.15         4
          65       0.25      1.00      0.40         2
          66       0.06      0.29      0.10         7
          67       0.31      0.03      0.05       156
          68       0.20      0.36      0.26        33
          69       0.11      1.00      0.20         2
          70       0.24      0.64      0.35        14
          71       0.29      0.67      0.40         9
          72       0.06      0.23      0.10        13
          73       0.16      0.64      0.25        11
          74       0.06      0.67      0.11         6
          75       0.00      0.00      0.00         1
          76       0.19      0.43      0.26        21
          77       0.22      0.26      0.24        34
          78       0.00      0.00      0.00         1
          79       0.00      0.00      0.00         1
          80       0.33      1.00      0.50         1
          81       0.27      0.09      0.14        43
          82       0.21      0.53      0.30        30
          83       0.25      1.00      0.40         1
          84       0.07      0.50      0.12         2
          85       0.00      0.00      0.00         2
          86       0.00      0.00      0.00         0
          87       0.00      0.00      0.00         1
          88       0.14      0.35      0.20        17
          89       0.33      0.50      0.40         2
          90       0.50      1.00      0.67         1
          91       0.20      1.00      0.33         1
          92       0.23      0.64      0.33        14
          93       0.25      1.00      0.40         2
          94       0.17      0.83      0.28         6
          95       0.09      0.31      0.14        16
          96       0.10      0.38      0.16         8
          97       0.00      0.00      0.00         8
          98       0.08      0.33      0.13         6
          99       0.06      0.40      0.11         5
         100       0.00      0.00      0.00         3
         101       0.89      0.44      0.59       513
         102       0.49      0.63      0.55        35
         103       0.18      0.38      0.25        21
         104       0.30      0.64      0.41        14
         105       0.50      1.00      0.67         3
         106       0.60      1.00      0.75         6
         107       0.25      0.62      0.36        45
         108       0.00      0.00      0.00         3
         109       0.92      0.17      0.29       842
         110       0.16      0.24      0.19        21
         111       0.23      0.60      0.33        40
         112       0.11      0.50      0.18         2
         113       0.89      0.55      0.68      1301
         114       0.22      0.17      0.19       121
         115       0.09      1.00      0.17         4
         116       0.18      0.52      0.27        21
         117       0.92      0.27      0.42       404
         118       0.69      0.44      0.54       227
         119       0.20      1.00      0.33         1
         120       0.00      0.00      0.00         3
         121       0.72      0.25      0.37       195
         122       0.00      0.00      0.00         1
         123       0.11      0.43      0.17        14
         124       0.29      0.67      0.40         9
         125       0.34      0.60      0.43        43
         126       0.17      0.56      0.26         9
         127       0.59      0.47      0.52       120
         128       0.29      0.51      0.37       100
         129       0.05      0.50      0.10         2
         130       0.21      0.50      0.30         8
         131       0.67      0.71      0.69        51
         132       0.50      0.43      0.46       129
         133       0.29      0.80      0.42         5
         134       0.00      0.00      0.00         0
         135       0.00      0.00      0.00         0
         136       0.00      0.00      0.00         2
         137       0.00      0.00      0.00         4
         138       0.53      0.06      0.12       263
         139       0.12      0.38      0.19        55
         140       0.00      0.00      0.00         1
         141       0.45      0.43      0.44       114
         142       0.24      0.30      0.27        47
         143       0.05      1.00      0.09         1
         144       0.24      0.67      0.36        12
         145       0.07      0.50      0.12         4
         146       0.18      0.71      0.29         7
         147       0.00      0.00      0.00         1
         148       0.14      1.00      0.25         1
         149       0.06      0.25      0.10        12
         150       0.00      0.00      0.00         1
         151       0.00      0.00      0.00         1
         152       0.49      0.56      0.52       326
         153       0.28      0.46      0.35        35
         154       0.00      0.00      0.00         2
         155       0.25      0.28      0.27        47
         156       0.05      0.14      0.08         7
         157       0.19      0.21      0.20        43
         158       0.22      0.19      0.20        43
         159       0.10      0.43      0.16         7
         160       0.07      0.33      0.11         3
         161       0.14      0.50      0.21        12
         162       0.20      0.35      0.25        20
         163       0.21      0.79      0.34        19
         164       0.17      0.37      0.23        19
         165       0.07      0.50      0.12         2
         166       0.19      1.00      0.32         3
         167       0.00      0.00      0.00         3
         168       0.67      0.02      0.04       184
         169       0.22      0.72      0.34        18
         170       0.44      0.64      0.52        28
         171       0.35      0.64      0.45        45
         172       0.18      1.00      0.31         7
         173       0.35      0.33      0.34        24
         174       0.28      0.46      0.35        69
         175       0.00      0.00      0.00         0
         176       0.50      0.50      0.50         2
         177       0.00      0.00      0.00         0
         178       0.40      0.35      0.37        60
         179       0.33      0.69      0.45        16
         180       0.25      0.50      0.33         2
         181       0.31      0.13      0.18       110
         182       0.08      0.01      0.02        81
         183       0.13      0.32      0.18        28
         184       0.15      0.08      0.11        36
         185       0.79      0.05      0.09       241
         186       0.10      0.70      0.17        10
         187       0.66      0.88      0.76       186
         188       0.13      0.71      0.22         7
         189       0.14      0.30      0.19        23
         190       0.18      0.25      0.21        16
         191       0.24      0.33      0.28        15
         192       0.00      0.00      0.00         4
         193       0.36      0.25      0.29        56
         194       0.07      0.33      0.12         6
         195       0.12      0.50      0.19         6
         196       0.50      1.00      0.67         1
         197       0.44      0.80      0.57         5
         198       0.00      0.00      0.00         1
         199       0.28      0.84      0.42        19
         200       0.00      0.00      0.00         0
         201       0.20      1.00      0.33         1
         202       0.00      0.00      0.00         0
         203       0.03      0.20      0.05         5
         204       0.06      1.00      0.11         1
         205       0.00      0.00      0.00         0
         206       0.09      0.41      0.15        22
         207       0.06      0.50      0.10         6
         208       0.10      0.31      0.16        36
         209       0.20      0.67      0.30        24
         210       0.12      0.50      0.20         2
         211       0.07      0.60      0.13         5
         212       0.12      1.00      0.21         5
         213       0.06      0.38      0.11        13
         214       0.19      0.43      0.27        46
         215       0.22      0.40      0.28        55
         216       0.00      0.00      0.00         1
         217       0.00      0.00      0.00         0
         218       0.50      1.00      0.67         1
         219       0.00      0.00      0.00         1
         220       0.33      1.00      0.50         1
         221       0.11      0.33      0.17         3
         222       0.03      0.50      0.05         2
         223       0.24      0.40      0.30       115
         224       0.21      0.53      0.30        15
         225       0.32      0.32      0.32        25
         226       0.85      0.35      0.50       144
         227       0.17      0.71      0.28         7
         228       0.06      0.05      0.05        22
         229       0.26      0.38      0.31        24
         230       0.06      0.12      0.08        16
         231       0.00      0.00      0.00         1
         232       0.11      0.67      0.19         3
         233       1.00      0.50      0.67         2
         234       0.50      1.00      0.67         1
         235       0.10      1.00      0.18         1

    accuracy                           0.32      9977
   macro avg       0.20      0.41      0.21      9977
weighted avg       0.56      0.32      0.34      9977

Note: classes with very few samples (e.g. EC class 7, n=0) are expected to score 0 — insufficient data, not a model failure.

--- Extracting pretrained embeddings (pooling=mean) ---
Loaded pretrained weights from models/smarts_transformer_20260410_111830.pt (d_model=256, layers=6)
SMARTSDataset: 49884 sequences | max_length=256 | avg_len=116.8 | vocab_size=4465
/projects/F202508983CPCAA0/jcorreia/work/smartrxn_env/lib/python3.12/site-packages/torch/nn/modules/transformer.py:508: UserWarning: The PyTorch API of nested tensors is in prototype stage and will change in the near future. We recommend specifying layout=torch.jagged when constructing a nested tensor, as this layout receives active development, has better operator coverage, and works with torch.compile. (Triggered internally at /pytorch/aten/src/ATen/NestedTensorImpl.cpp:178.)
  output = torch._nested_tensor_from_mask(
Extracted 49884 embeddings | dim=256 | pooling=mean | device=cuda
Embedding extraction (pretrained): 15.4 s for 49884 sequences

--- Extracting random-init embeddings (baseline) ---
Using randomly initialized model (d_model=256, layers=6) — baseline
SMARTSDataset: 49884 sequences | max_length=256 | avg_len=116.8 | vocab_size=4465
Extracted 49884 embeddings | dim=256 | pooling=mean | device=cuda
Embedding extraction (random-init): 14.4 s for 49884 sequences

--- Pretrained embeddings + logreg ---

Pretrained+logreg — 10-fold CV results (train=39907, test=9977, head=logreg):
  accuracy : 0.5588 ± 0.0059
  f1_macro : 0.3856 ± 0.0190
  f1_weighted: 0.5730 ± 0.0059
  cv_time  : 74.9 s | fit_time: 134.5 s

Classification report (held-out test set):
              precision    recall  f1-score   support

           0       0.12      0.30      0.17        27
           1       0.11      0.43      0.18        14
           2       0.75      0.28      0.40       478
           3       0.50      1.00      0.67         2
           4       0.24      0.39      0.29        44
           5       0.40      0.50      0.44         4
           6       0.25      0.75      0.38         4
           7       0.00      0.00      0.00         1
           8       0.23      0.60      0.33         5
           9       0.14      0.43      0.21         7
          10       0.25      0.42      0.31        31
          11       0.00      0.00      0.00         1
          12       0.25      0.50      0.33         2
          13       0.25      0.50      0.33         2
          14       0.22      0.31      0.26        49
          15       0.31      0.85      0.46        13
          16       0.33      1.00      0.50         1
          17       0.33      0.50      0.40         2
          19       0.00      0.00      0.00         4
          20       0.70      0.57      0.63       168
          21       0.25      0.43      0.32        28
          22       0.25      0.57      0.35         7
          23       0.18      0.35      0.24        46
          24       0.35      0.27      0.31       117
          25       0.43      0.71      0.53        38
          26       0.59      0.16      0.26       426
          27       0.28      0.19      0.22       171
          28       0.19      0.53      0.28        34
          29       0.33      0.60      0.43         5
          30       0.60      0.75      0.67         4
          31       0.09      0.31      0.14        16
          32       0.19      0.33      0.24        36
          33       0.26      0.58      0.36        26
          34       0.21      0.54      0.30        13
          35       0.32      0.38      0.35        47
          36       0.33      1.00      0.50         1
          37       0.21      0.67      0.31        12
          39       0.07      0.13      0.10        15
          40       0.14      0.33      0.20         3
          41       0.50      0.67      0.57         3
          42       0.30      1.00      0.46         3
          43       0.33      1.00      0.50         1
          44       0.00      0.00      0.00         2
          45       0.10      0.33      0.15         3
          46       0.00      0.00      0.00         0
          47       0.00      0.00      0.00         1
          48       1.00      1.00      1.00         1
          49       0.68      0.48      0.56       158
          50       1.00      1.00      1.00         1
          51       0.10      0.41      0.16        17
          52       0.56      0.95      0.71        19
          53       0.50      1.00      0.67         1
          54       0.11      0.25      0.15         4
          55       0.40      1.00      0.57         2
          56       0.25      0.50      0.33         2
          57       0.00      0.00      0.00         1
          58       0.00      0.00      0.00         1
          60       0.25      0.50      0.33         2
          61       0.31      0.59      0.41        17
          62       0.33      1.00      0.50         1
          63       0.54      1.00      0.70         7
          64       0.50      0.75      0.60         4
          65       0.40      1.00      0.57         2
          66       0.16      0.43      0.23         7
          67       0.47      0.26      0.33       156
          68       0.41      0.67      0.51        33
          69       1.00      1.00      1.00         2
          70       0.42      0.71      0.53        14
          71       0.53      0.89      0.67         9
          72       0.29      0.54      0.38        13
          73       0.45      0.82      0.58        11
          74       0.24      0.67      0.35         6
          75       0.25      1.00      0.40         1
          76       0.34      0.52      0.42        21
          77       0.38      0.59      0.46        34
          78       0.00      0.00      0.00         1
          79       0.00      0.00      0.00         1
          80       0.50      1.00      0.67         1
          81       0.40      0.47      0.43        43
          82       0.40      0.70      0.51        30
          83       0.50      1.00      0.67         1
          84       0.50      0.50      0.50         2
          85       0.00      0.00      0.00         2
          86       0.00      0.00      0.00         0
          87       0.00      0.00      0.00         1
          88       0.38      0.59      0.47        17
          89       0.50      0.50      0.50         2
          90       1.00      1.00      1.00         1
          91       1.00      1.00      1.00         1
          92       0.43      0.71      0.54        14
          93       1.00      1.00      1.00         2
          94       0.20      0.33      0.25         6
          95       0.16      0.31      0.21        16
          96       0.31      0.62      0.42         8
          97       0.12      0.38      0.18         8
          98       0.44      0.67      0.53         6
          99       0.10      0.20      0.13         5
         100       0.00      0.00      0.00         3
         101       0.88      0.70      0.78       513
         102       0.46      0.74      0.57        35
         103       0.27      0.62      0.38        21
         104       0.67      1.00      0.80        14
         105       0.67      0.67      0.67         3
         106       0.86      1.00      0.92         6
         107       0.57      0.71      0.63        45
         108       0.00      0.00      0.00         3
         109       0.88      0.57      0.70       842
         110       0.21      0.48      0.29        21
         111       0.53      0.82      0.65        40
         112       0.29      1.00      0.44         2
         113       0.94      0.71      0.81      1301
         114       0.42      0.51      0.46       121
         115       0.31      1.00      0.47         4
         116       0.32      0.71      0.44        21
         117       0.91      0.52      0.66       404
         118       0.87      0.74      0.80       227
         119       0.50      1.00      0.67         1
         120       0.00      0.00      0.00         3
         121       0.73      0.59      0.65       195
         122       0.50      1.00      0.67         1
         123       0.23      0.50      0.31        14
         124       0.53      1.00      0.69         9
         125       0.55      0.84      0.67        43
         126       0.29      0.78      0.42         9
         127       0.68      0.68      0.68       120
         128       0.45      0.66      0.54       100
         129       0.20      0.50      0.29         2
         130       0.22      0.50      0.31         8
         131       0.84      0.82      0.83        51
         132       0.68      0.84      0.75       129
         133       0.36      0.80      0.50         5
         136       0.33      0.50      0.40         2
         137       0.17      0.25      0.20         4
         138       0.61      0.51      0.56       263
         139       0.27      0.45      0.34        55
         140       0.00      0.00      0.00         1
         141       0.66      0.64      0.65       114
         142       0.46      0.68      0.55        47
         143       0.20      1.00      0.33         1
         144       0.48      0.83      0.61        12
         145       0.15      0.50      0.24         4
         146       0.62      0.71      0.67         7
         147       1.00      1.00      1.00         1
         148       1.00      1.00      1.00         1
         149       0.22      0.42      0.29        12
         150       0.00      0.00      0.00         1
         151       0.00      0.00      0.00         1
         152       0.62      0.79      0.69       326
         153       0.47      0.69      0.56        35
         154       0.00      0.00      0.00         2
         155       0.45      0.79      0.57        47
         156       0.09      0.29      0.14         7
         157       0.43      0.42      0.42        43
         158       0.42      0.51      0.46        43
         159       0.31      0.57      0.40         7
         160       0.20      0.33      0.25         3
         161       0.38      0.42      0.40        12
         162       0.34      0.55      0.42        20
         163       0.42      0.74      0.54        19
         164       0.35      0.58      0.44        19
         165       0.00      0.00      0.00         2
         166       0.40      0.67      0.50         3
         167       0.00      0.00      0.00         3
         168       0.49      0.30      0.37       184
         169       0.56      0.83      0.67        18
         170       0.55      0.79      0.65        28
         171       0.57      0.73      0.64        45
         172       0.71      0.71      0.71         7
         173       0.31      0.54      0.39        24
         174       0.49      0.68      0.57        69
         175       0.00      0.00      0.00         0
         176       0.25      0.50      0.33         2
         178       0.48      0.65      0.55        60
         179       0.69      0.69      0.69        16
         180       0.00      0.00      0.00         2
         181       0.50      0.44      0.47       110
         182       0.45      0.48      0.47        81
         183       0.29      0.50      0.36        28
         184       0.15      0.28      0.20        36
         185       0.68      0.33      0.45       241
         186       0.32      0.80      0.46        10
         187       0.94      0.91      0.93       186
         188       0.23      0.71      0.34         7
         189       0.41      0.57      0.47        23
         190       0.44      0.75      0.56        16
         191       0.14      0.27      0.18        15
         192       0.17      0.25      0.20         4
         193       0.43      0.62      0.51        56
         194       0.17      0.33      0.22         6
         195       0.50      0.67      0.57         6
         196       0.00      0.00      0.00         1
         197       0.50      0.80      0.62         5
         198       0.00      0.00      0.00         1
         199       0.50      0.84      0.63        19
         200       0.00      0.00      0.00         0
         201       1.00      1.00      1.00         1
         203       0.18      0.40      0.25         5
         204       0.50      1.00      0.67         1
         206       0.31      0.82      0.45        22
         207       0.33      0.67      0.44         6
         208       0.28      0.53      0.37        36
         209       0.54      0.88      0.67        24
         210       0.40      1.00      0.57         2
         211       0.57      0.80      0.67         5
         212       0.56      1.00      0.71         5
         213       0.50      0.92      0.65        13
         214       0.50      0.76      0.60        46
         215       0.45      0.65      0.53        55
         216       0.00      0.00      0.00         1
         217       0.00      0.00      0.00         0
         218       1.00      1.00      1.00         1
         219       0.00      0.00      0.00         1
         220       0.33      1.00      0.50         1
         221       0.17      0.33      0.22         3
         222       0.25      0.50      0.33         2
         223       0.60      0.63      0.62       115
         224       0.41      0.93      0.57        15
         225       0.29      0.48      0.36        25
         226       0.77      0.59      0.67       144
         227       0.55      0.86      0.67         7
         228       0.17      0.23      0.19        22
         229       0.49      0.79      0.60        24
         230       0.24      0.56      0.34        16
         231       0.00      0.00      0.00         1
         232       0.22      0.67      0.33         3
         233       0.00      0.00      0.00         2
         234       0.25      1.00      0.40         1
         235       0.33      1.00      0.50         1

    accuracy                           0.56      9977
   macro avg       0.37      0.56      0.42      9977
weighted avg       0.65      0.56      0.58      9977


--- Random embeddings + logreg (baseline) ---

Random+logreg — 10-fold CV results (train=39907, test=9977, head=logreg):
  accuracy : 0.2421 ± 0.0068
  f1_macro : 0.1375 ± 0.0072
  f1_weighted: 0.2649 ± 0.0060
  cv_time  : 135.2 s | fit_time: 196.1 s

Classification report (held-out test set):
              precision    recall  f1-score   support

           0       0.04      0.07      0.05        27
           1       0.05      0.21      0.08        14
           2       0.56      0.06      0.11       478
           3       0.10      0.50      0.17         2
           4       0.14      0.20      0.16        44
           5       0.20      0.25      0.22         4
           6       0.08      0.50      0.14         4
           7       0.00      0.00      0.00         1
           8       0.05      0.40      0.09         5
           9       0.02      0.14      0.04         7
          10       0.10      0.16      0.12        31
          11       0.00      0.00      0.00         1
          12       0.06      0.50      0.11         2
          13       0.08      0.50      0.14         2
          14       0.17      0.10      0.13        49
          15       0.08      0.54      0.13        13
          16       0.00      0.00      0.00         1
          17       0.00      0.00      0.00         2
          19       0.00      0.00      0.00         4
          20       0.51      0.28      0.36       168
          21       0.07      0.18      0.10        28
          22       0.06      0.29      0.10         7
          23       0.04      0.07      0.05        46
          24       0.18      0.06      0.09       117
          25       0.23      0.50      0.31        38
          26       0.29      0.01      0.02       426
          27       0.11      0.02      0.04       171
          28       0.11      0.29      0.16        34
          29       0.10      0.40      0.15         5
          30       0.07      0.25      0.11         4
          31       0.02      0.06      0.03        16
          32       0.02      0.03      0.02        36
          33       0.09      0.23      0.13        26
          34       0.03      0.15      0.05        13
          35       0.23      0.32      0.27        47
          36       0.00      0.00      0.00         1
          37       0.06      0.25      0.09        12
          39       0.13      0.33      0.19        15
          40       0.00      0.00      0.00         3
          41       0.00      0.00      0.00         3
          42       0.00      0.00      0.00         3
          43       0.20      1.00      0.33         1
          44       0.00      0.00      0.00         2
          45       0.05      0.33      0.09         3
          46       0.00      0.00      0.00         0
          47       0.00      0.00      0.00         1
          48       0.33      1.00      0.50         1
          49       0.33      0.15      0.20       158
          50       0.00      0.00      0.00         1
          51       0.02      0.06      0.03        17
          52       0.13      0.42      0.20        19
          53       0.00      0.00      0.00         1
          54       0.00      0.00      0.00         4
          55       0.20      0.50      0.29         2
          56       0.33      0.50      0.40         2
          57       0.00      0.00      0.00         1
          58       0.00      0.00      0.00         1
          60       0.25      0.50      0.33         2
          61       0.06      0.24      0.10        17
          62       0.00      0.00      0.00         1
          63       0.04      0.14      0.07         7
          64       0.15      0.50      0.24         4
          65       0.08      0.50      0.14         2
          66       0.04      0.29      0.08         7
          67       0.11      0.03      0.04       156
          68       0.13      0.27      0.18        33
          69       0.50      0.50      0.50         2
          70       0.15      0.50      0.23        14
          71       0.12      0.44      0.19         9
          72       0.08      0.31      0.12        13
          73       0.06      0.27      0.10        11
          74       0.07      0.33      0.11         6
          75       0.00      0.00      0.00         1
          76       0.14      0.33      0.19        21
          77       0.25      0.41      0.31        34
          78       0.00      0.00      0.00         1
          79       0.00      0.00      0.00         1
          80       0.50      1.00      0.67         1
          81       0.12      0.14      0.13        43
          82       0.26      0.40      0.31        30
          83       0.00      0.00      0.00         1
          84       0.11      0.50      0.18         2
          85       0.00      0.00      0.00         2
          87       0.00      0.00      0.00         1
          88       0.08      0.29      0.13        17
          89       0.00      0.00      0.00         2
          90       0.50      1.00      0.67         1
          91       1.00      1.00      1.00         1
          92       0.10      0.36      0.16        14
          93       0.33      1.00      0.50         2
          94       0.14      0.50      0.22         6
          95       0.01      0.06      0.02        16
          96       0.02      0.12      0.04         8
          97       0.06      0.38      0.10         8
          98       0.10      0.33      0.15         6
          99       0.08      0.20      0.12         5
         100       0.00      0.00      0.00         3
         101       0.78      0.39      0.52       513
         102       0.20      0.49      0.28        35
         103       0.09      0.24      0.13        21
         104       0.26      0.64      0.38        14
         105       0.11      0.33      0.17         3
         106       0.19      0.67      0.30         6
         107       0.26      0.49      0.34        45
         108       0.00      0.00      0.00         3
         109       0.78      0.16      0.27       842
         110       0.06      0.19      0.09        21
         111       0.14      0.45      0.21        40
         112       0.00      0.00      0.00         2
         113       0.83      0.36      0.50      1301
         114       0.12      0.12      0.12       121
         115       0.04      0.50      0.07         4
         116       0.05      0.33      0.08        21
         117       0.76      0.20      0.31       404
         118       0.66      0.32      0.43       227
         119       0.00      0.00      0.00         1
         120       0.12      0.33      0.18         3
         121       0.55      0.32      0.41       195
         122       0.33      1.00      0.50         1
         123       0.06      0.36      0.10        14
         124       0.08      0.33      0.13         9
         125       0.27      0.51      0.35        43
         126       0.10      0.56      0.16         9
         127       0.44      0.43      0.44       120
         128       0.17      0.39      0.23       100
         129       0.00      0.00      0.00         2
         130       0.04      0.12      0.06         8
         131       0.24      0.39      0.30        51
         132       0.29      0.35      0.32       129
         133       0.10      0.20      0.13         5
         134       0.00      0.00      0.00         0
         136       0.00      0.00      0.00         2
         137       0.00      0.00      0.00         4
         138       0.23      0.05      0.09       263
         139       0.11      0.13      0.12        55
         140       0.00      0.00      0.00         1
         141       0.43      0.35      0.39       114
         142       0.12      0.21      0.15        47
         143       0.12      1.00      0.22         1
         144       0.10      0.42      0.16        12
         145       0.06      0.50      0.11         4
         146       0.06      0.14      0.09         7
         147       0.50      1.00      0.67         1
         148       0.00      0.00      0.00         1
         149       0.02      0.08      0.04        12
         150       0.00      0.00      0.00         1
         151       0.00      0.00      0.00         1
         152       0.45      0.49      0.47       326
         153       0.19      0.37      0.25        35
         154       0.00      0.00      0.00         2
         155       0.19      0.30      0.23        47
         156       0.00      0.00      0.00         7
         157       0.10      0.12      0.11        43
         158       0.16      0.19      0.17        43
         159       0.00      0.00      0.00         7
         160       0.00      0.00      0.00         3
         161       0.05      0.25      0.08        12
         162       0.06      0.25      0.10        20
         163       0.25      0.68      0.36        19
         164       0.12      0.32      0.18        19
         165       0.00      0.00      0.00         2
         166       0.10      0.33      0.15         3
         167       0.00      0.00      0.00         3
         168       0.19      0.03      0.05       184
         169       0.18      0.44      0.25        18
         170       0.29      0.43      0.35        28
         171       0.30      0.40      0.34        45
         172       0.40      0.57      0.47         7
         173       0.05      0.08      0.06        24
         174       0.30      0.32      0.31        69
         176       0.00      0.00      0.00         2
         177       0.00      0.00      0.00         0
         178       0.24      0.20      0.22        60
         179       0.17      0.38      0.23        16
         180       0.00      0.00      0.00         2
         181       0.26      0.14      0.18       110
         182       0.11      0.07      0.09        81
         183       0.06      0.14      0.09        28
         184       0.04      0.06      0.04        36
         185       0.30      0.03      0.06       241
         186       0.07      0.50      0.12        10
         187       0.63      0.64      0.64       186
         188       0.04      0.29      0.08         7
         189       0.19      0.35      0.25        23
         190       0.06      0.19      0.09        16
         191       0.04      0.20      0.07        15
         192       0.00      0.00      0.00         4
         193       0.18      0.12      0.15        56
         194       0.04      0.17      0.06         6
         195       0.00      0.00      0.00         6
         196       0.00      0.00      0.00         1
         197       0.30      0.60      0.40         5
         198       0.00      0.00      0.00         1
         199       0.21      0.74      0.33        19
         200       0.00      0.00      0.00         0
         201       0.00      0.00      0.00         1
         203       0.02      0.20      0.04         5
         204       0.20      1.00      0.33         1
         206       0.19      0.68      0.29        22
         207       0.08      0.33      0.13         6
         208       0.12      0.36      0.18        36
         209       0.15      0.54      0.24        24
         210       0.22      1.00      0.36         2
         211       0.09      0.20      0.12         5
         212       0.33      0.80      0.47         5
         213       0.09      0.54      0.15        13
         214       0.20      0.46      0.28        46
         215       0.19      0.24      0.21        55
         216       0.00      0.00      0.00         1
         218       0.00      0.00      0.00         1
         219       0.00      0.00      0.00         1
         220       0.50      1.00      0.67         1
         221       0.14      0.67      0.24         3
         222       0.12      0.50      0.20         2
         223       0.29      0.38      0.33       115
         224       0.10      0.40      0.15        15
         225       0.09      0.20      0.12        25
         226       0.55      0.19      0.28       144
         227       0.10      0.43      0.16         7
         228       0.04      0.09      0.06        22
         229       0.11      0.25      0.15        24
         230       0.01      0.06      0.02        16
         231       0.00      0.00      0.00         1
         232       0.18      0.67      0.29         3
         233       0.00      0.00      0.00         2
         234       0.00      0.00      0.00         1
         235       0.00      0.00      0.00         1

    accuracy                           0.25      9977
   macro avg       0.14      0.27      0.16      9977
weighted avg       0.44      0.25      0.27      9977


--- Pretrained embeddings + mlp ---

Pretrained+mlp — 10-fold CV results (train=39907, test=9977, head=mlp):
  accuracy : 0.7010 ± 0.0058
  f1_macro : 0.4425 ± 0.0247
  f1_weighted: 0.6936 ± 0.0053
  cv_time  : 80.2 s | fit_time: 20.2 s

Classification report (held-out test set):
              precision    recall  f1-score   support

           0       0.40      0.07      0.12        27
           1       0.44      0.29      0.35        14
           2       0.69      0.68      0.68       478
           3       0.00      0.00      0.00         2
           4       0.40      0.48      0.44        44
           5       0.50      0.25      0.33         4
           6       0.33      0.75      0.46         4
           7       0.00      0.00      0.00         1
           8       0.21      0.60      0.32         5
           9       0.40      0.29      0.33         7
          10       0.50      0.29      0.37        31
          11       0.00      0.00      0.00         1
          12       0.33      0.50      0.40         2
          13       0.50      0.50      0.50         2
          14       0.54      0.45      0.49        49
          15       0.56      0.77      0.65        13
          16       0.50      1.00      0.67         1
          17       0.00      0.00      0.00         2
          19       0.00      0.00      0.00         4
          20       0.73      0.78      0.75       168
          21       0.50      0.32      0.39        28
          22       0.25      0.14      0.18         7
          23       0.50      0.22      0.30        46
          24       0.42      0.47      0.45       117
          25       0.56      0.63      0.59        38
          26       0.49      0.67      0.57       426
          27       0.35      0.30      0.32       171
          28       0.40      0.24      0.30        34
          29       0.67      0.40      0.50         5
          30       0.20      0.25      0.22         4
          31       0.36      0.25      0.30        16
          32       0.45      0.28      0.34        36
          33       0.53      0.35      0.42        26
          34       0.30      0.54      0.39        13
          35       0.63      0.51      0.56        47
          36       0.00      0.00      0.00         1
          37       0.00      0.00      0.00        12
          39       0.35      0.53      0.42        15
          40       0.00      0.00      0.00         3
          41       0.50      0.67      0.57         3
          42       0.50      0.67      0.57         3
          43       0.00      0.00      0.00         1
          44       0.00      0.00      0.00         2
          45       0.33      0.33      0.33         3
          46       0.00      0.00      0.00         0
          47       0.00      0.00      0.00         1
          48       1.00      1.00      1.00         1
          49       0.81      0.64      0.72       158
          50       0.00      0.00      0.00         1
          51       0.12      0.06      0.08        17
          52       0.86      0.63      0.73        19
          53       0.50      1.00      0.67         1
          54       0.00      0.00      0.00         4
          55       1.00      1.00      1.00         2
          56       0.20      0.50      0.29         2
          57       0.00      0.00      0.00         1
          58       0.00      0.00      0.00         1
          59       0.00      0.00      0.00         0
          60       0.00      0.00      0.00         2
          61       0.47      0.41      0.44        17
          62       0.00      0.00      0.00         1
          63       0.60      0.43      0.50         7
          64       0.75      0.75      0.75         4
          65       1.00      1.00      1.00         2
          66       0.33      0.29      0.31         7
          67       0.47      0.65      0.54       156
          68       0.46      0.39      0.43        33
          69       1.00      1.00      1.00         2
          70       0.69      0.64      0.67        14
          71       0.78      0.78      0.78         9
          72       0.31      0.38      0.34        13
          73       0.67      0.55      0.60        11
          74       1.00      0.33      0.50         6
          75       0.50      1.00      0.67         1
          76       0.80      0.38      0.52        21
          77       0.81      0.50      0.62        34
          78       0.00      0.00      0.00         1
          79       0.00      0.00      0.00         1
          80       0.00      0.00      0.00         1
          81       0.58      0.58      0.58        43
          82       0.56      0.63      0.59        30
          83       1.00      1.00      1.00         1
          84       1.00      0.50      0.67         2
          85       1.00      0.50      0.67         2
          86       0.00      0.00      0.00         0
          87       0.50      1.00      0.67         1
          88       0.67      0.12      0.20        17
          89       1.00      0.50      0.67         2
          90       0.50      1.00      0.67         1
          91       0.00      0.00      0.00         1
          92       0.58      0.50      0.54        14
          93       1.00      1.00      1.00         2
          94       0.33      0.17      0.22         6
          95       0.50      0.31      0.38        16
          96       0.62      0.62      0.62         8
          97       0.25      0.25      0.25         8
          98       0.83      0.83      0.83         6
          99       0.10      0.20      0.13         5
         100       0.00      0.00      0.00         3
         101       0.82      0.89      0.86       513
         102       0.74      0.57      0.65        35
         103       0.55      0.52      0.54        21
         104       0.82      0.64      0.72        14
         105       0.75      1.00      0.86         3
         106       0.67      1.00      0.80         6
         107       0.57      0.56      0.56        45
         108       0.00      0.00      0.00         3
         109       0.87      0.84      0.85       842
         110       0.50      0.24      0.32        21
         111       0.82      0.78      0.79        40
         112       1.00      0.50      0.67         2
         113       0.88      0.96      0.92      1301
         114       0.67      0.52      0.59       121
         115       0.00      0.00      0.00         4
         116       0.64      0.33      0.44        21
         117       0.82      0.78      0.80       404
         118       0.85      0.89      0.87       227
         119       0.00      0.00      0.00         1
         120       0.00      0.00      0.00         3
         121       0.72      0.82      0.77       195
         122       0.00      0.00      0.00         1
         123       0.42      0.36      0.38        14
         124       0.69      1.00      0.82         9
         125       0.57      0.84      0.68        43
         126       0.50      0.11      0.18         9
         127       0.81      0.80      0.80       120
         128       0.84      0.62      0.71       100
         129       0.00      0.00      0.00         2
         130       0.50      0.62      0.56         8
         131       0.92      0.86      0.89        51
         132       0.75      0.84      0.79       129
         133       0.38      0.60      0.46         5
         135       0.00      0.00      0.00         0
         136       0.00      0.00      0.00         2
         137       0.00      0.00      0.00         4
         138       0.67      0.69      0.68       263
         139       0.44      0.27      0.34        55
         140       0.00      0.00      0.00         1
         141       0.71      0.65      0.68       114
         142       0.53      0.66      0.59        47
         143       1.00      1.00      1.00         1
         144       0.71      0.83      0.77        12
         145       0.33      0.25      0.29         4
         146       1.00      0.29      0.44         7
         147       1.00      1.00      1.00         1
         148       0.00      0.00      0.00         1
         149       0.60      0.25      0.35        12
         150       0.00      0.00      0.00         1
         151       0.00      0.00      0.00         1
         152       0.84      0.79      0.81       326
         153       0.67      0.69      0.68        35
         154       0.00      0.00      0.00         2
         155       0.59      0.70      0.64        47
         156       0.75      0.43      0.55         7
         157       0.37      0.53      0.44        43
         158       0.58      0.26      0.35        43
         159       0.18      0.29      0.22         7
         160       0.67      0.67      0.67         3
         161       0.55      0.50      0.52        12
         162       0.44      0.35      0.39        20
         163       0.62      0.84      0.71        19
         164       0.67      0.53      0.59        19
         165       0.00      0.00      0.00         2
         166       0.50      0.33      0.40         3
         167       0.17      0.33      0.22         3
         168       0.51      0.48      0.50       184
         169       0.75      0.67      0.71        18
         170       0.57      0.57      0.57        28
         171       0.68      0.76      0.72        45
         172       0.80      0.57      0.67         7
         173       0.56      0.38      0.45        24
         174       0.68      0.64      0.66        69
         176       0.33      0.50      0.40         2
         178       0.59      0.60      0.60        60
         179       0.60      0.56      0.58        16
         180       0.00      0.00      0.00         2
         181       0.67      0.55      0.60       110
         182       0.59      0.57      0.58        81
         183       0.81      0.46      0.59        28
         184       0.41      0.31      0.35        36
         185       0.69      0.61      0.65       241
         186       1.00      0.60      0.75        10
         187       0.86      0.96      0.90       186
         188       0.56      0.71      0.62         7
         189       0.52      0.48      0.50        23
         190       0.62      0.50      0.55        16
         191       0.29      0.27      0.28        15
         192       0.00      0.00      0.00         4
         193       0.42      0.57      0.48        56
         194       0.50      0.33      0.40         6
         195       1.00      0.33      0.50         6
         196       0.00      0.00      0.00         1
         197       0.80      0.80      0.80         5
         198       0.00      0.00      0.00         1
         199       0.65      0.79      0.71        19
         201       1.00      1.00      1.00         1
         203       0.00      0.00      0.00         5
         204       0.00      0.00      0.00         1
         206       0.53      0.45      0.49        22
         207       1.00      0.33      0.50         6
         208       0.55      0.31      0.39        36
         209       0.80      0.67      0.73        24
         210       0.50      1.00      0.67         2
         211       0.60      0.60      0.60         5
         212       0.57      0.80      0.67         5
         213       0.57      0.62      0.59        13
         214       0.73      0.70      0.71        46
         215       0.59      0.62      0.60        55
         216       0.00      0.00      0.00         1
         218       0.00      0.00      0.00         1
         219       0.00      0.00      0.00         1
         220       1.00      1.00      1.00         1
         221       1.00      0.33      0.50         3
         222       1.00      0.50      0.67         2
         223       0.68      0.78      0.73       115
         224       0.60      0.60      0.60        15
         225       0.52      0.48      0.50        25
         226       0.71      0.78      0.75       144
         227       0.44      0.57      0.50         7
         228       0.23      0.45      0.30        22
         229       0.73      0.33      0.46        24
         230       0.50      0.56      0.53        16
         231       0.00      0.00      0.00         1
         232       0.29      0.67      0.40         3
         233       0.00      0.00      0.00         2
         234       0.33      1.00      0.50         1
         235       0.50      1.00      0.67         1

    accuracy                           0.70      9977
   macro avg       0.47      0.45      0.44      9977
weighted avg       0.70      0.70      0.69      9977


--- Random embeddings + mlp (baseline) ---

Random+mlp — 10-fold CV results (train=39907, test=9977, head=mlp):
  accuracy : 0.4729 ± 0.0088
  f1_macro : 0.1897 ± 0.0163
  f1_weighted: 0.4538 ± 0.0112
  cv_time  : 82.0 s | fit_time: 24.6 s

Classification report (held-out test set):
              precision    recall  f1-score   support

           0       0.17      0.15      0.16        27
           1       0.00      0.00      0.00        14
           2       0.45      0.41      0.43       478
           3       0.00      0.00      0.00         2
           4       0.25      0.23      0.24        44
           5       0.00      0.00      0.00         4
           6       0.20      0.25      0.22         4
           7       0.00      0.00      0.00         1
           8       0.00      0.00      0.00         5
           9       0.00      0.00      0.00         7
          10       0.12      0.10      0.11        31
          11       0.00      0.00      0.00         1
          12       0.00      0.00      0.00         2
          13       0.50      0.50      0.50         2
          14       0.22      0.10      0.14        49
          15       0.44      0.31      0.36        13
          16       0.00      0.00      0.00         1
          17       0.00      0.00      0.00         2
          19       0.00      0.00      0.00         4
          20       0.53      0.51      0.52       168
          21       0.22      0.14      0.17        28
          22       0.17      0.14      0.15         7
          23       0.19      0.17      0.18        46
          24       0.21      0.23      0.22       117
          25       0.46      0.32      0.38        38
          26       0.28      0.38      0.33       426
          27       0.19      0.17      0.18       171
          28       0.20      0.24      0.21        34
          29       0.00      0.00      0.00         5
          30       0.00      0.00      0.00         4
          31       0.07      0.12      0.09        16
          32       0.13      0.17      0.15        36
          33       0.24      0.27      0.25        26
          34       0.38      0.23      0.29        13
          35       0.46      0.23      0.31        47
          36       0.00      0.00      0.00         1
          37       0.21      0.25      0.23        12
          39       0.28      0.33      0.30        15
          40       0.00      0.00      0.00         3
          41       0.00      0.00      0.00         3
          42       0.50      0.33      0.40         3
          43       0.00      0.00      0.00         1
          44       0.00      0.00      0.00         2
          45       0.20      0.33      0.25         3
          46       0.00      0.00      0.00         0
          47       0.00      0.00      0.00         1
          48       1.00      1.00      1.00         1
          49       0.32      0.33      0.33       158
          50       0.00      0.00      0.00         1
          51       0.13      0.12      0.12        17
          52       0.43      0.32      0.36        19
          53       0.00      0.00      0.00         1
          54       0.00      0.00      0.00         4
          55       0.00      0.00      0.00         2
          56       0.00      0.00      0.00         2
          57       0.00      0.00      0.00         1
          58       0.00      0.00      0.00         1
          60       0.00      0.00      0.00         2
          61       0.11      0.29      0.16        17
          62       0.50      1.00      0.67         1
          63       0.00      0.00      0.00         7
          64       0.50      0.25      0.33         4
          65       0.00      0.00      0.00         2
          66       0.25      0.14      0.18         7
          67       0.19      0.18      0.19       156
          68       0.43      0.27      0.33        33
          69       0.00      0.00      0.00         2
          70       0.36      0.36      0.36        14
          71       0.25      0.33      0.29         9
          72       0.33      0.15      0.21        13
          73       0.17      0.18      0.17        11
          74       0.25      0.17      0.20         6
          75       0.00      0.00      0.00         1
          76       0.25      0.24      0.24        21
          77       0.50      0.26      0.35        34
          78       0.00      0.00      0.00         1
          79       0.00      0.00      0.00         1
          80       0.00      0.00      0.00         1
          81       0.15      0.09      0.12        43
          82       0.38      0.37      0.37        30
          83       0.00      0.00      0.00         1
          84       0.00      0.00      0.00         2
          85       0.00      0.00      0.00         2
          87       0.00      0.00      0.00         1
          88       0.31      0.24      0.27        17
          89       0.00      0.00      0.00         2
          90       0.50      1.00      0.67         1
          91       0.00      0.00      0.00         1
          92       0.12      0.07      0.09        14
          93       0.00      0.00      0.00         2
          94       0.00      0.00      0.00         6
          95       0.09      0.12      0.11        16
          96       1.00      0.12      0.22         8
          97       0.11      0.12      0.12         8
          98       0.50      0.17      0.25         6
          99       0.50      0.20      0.29         5
         100       1.00      0.33      0.50         3
         101       0.55      0.76      0.64       513
         102       0.39      0.31      0.35        35
         103       0.19      0.29      0.23        21
         104       0.44      0.79      0.56        14
         105       0.00      0.00      0.00         3
         106       1.00      0.33      0.50         6
         107       0.32      0.47      0.38        45
         108       0.00      0.00      0.00         3
         109       0.60      0.76      0.67       842
         110       0.00      0.00      0.00        21
         111       0.52      0.33      0.40        40
         112       0.00      0.00      0.00         2
         113       0.81      0.87      0.84      1301
         114       0.32      0.27      0.29       121
         115       0.00      0.00      0.00         4
         116       0.33      0.24      0.28        21
         117       0.56      0.58      0.57       404
         118       0.59      0.67      0.62       227
         119       0.00      0.00      0.00         1
         120       0.00      0.00      0.00         3
         121       0.52      0.58      0.55       195
         122       0.00      0.00      0.00         1
         123       0.23      0.21      0.22        14
         124       0.50      0.22      0.31         9
         125       0.53      0.56      0.55        43
         126       0.33      0.11      0.17         9
         127       0.58      0.62      0.60       120
         128       0.40      0.40      0.40       100
         129       0.00      0.00      0.00         2
         130       0.12      0.12      0.12         8
         131       0.52      0.51      0.51        51
         132       0.68      0.39      0.50       129
         133       0.00      0.00      0.00         5
         136       0.00      0.00      0.00         2
         137       0.00      0.00      0.00         4
         138       0.32      0.34      0.33       263
         139       0.31      0.15      0.20        55
         140       0.00      0.00      0.00         1
         141       0.41      0.39      0.40       114
         142       0.28      0.23      0.26        47
         143       0.00      0.00      0.00         1
         144       0.26      0.42      0.32        12
         145       0.00      0.00      0.00         4
         146       0.00      0.00      0.00         7
         147       0.00      0.00      0.00         1
         148       0.00      0.00      0.00         1
         149       0.00      0.00      0.00        12
         150       0.00      0.00      0.00         1
         151       0.00      0.00      0.00         1
         152       0.65      0.49      0.56       326
         153       0.39      0.34      0.36        35
         154       0.00      0.00      0.00         2
         155       0.34      0.32      0.33        47
         156       0.00      0.00      0.00         7
         157       0.28      0.26      0.27        43
         158       0.36      0.23      0.28        43
         159       0.00      0.00      0.00         7
         160       0.00      0.00      0.00         3
         161       0.14      0.17      0.15        12
         162       0.25      0.20      0.22        20
         163       0.64      0.37      0.47        19
         164       0.31      0.26      0.29        19
         165       0.00      0.00      0.00         2
         166       0.00      0.00      0.00         3
         167       0.00      0.00      0.00         3
         168       0.22      0.11      0.15       184
         169       0.22      0.22      0.22        18
         170       0.40      0.36      0.38        28
         171       0.45      0.31      0.37        45
         172       0.33      0.29      0.31         7
         173       0.33      0.21      0.26        24
         174       0.47      0.54      0.50        69
         176       0.00      0.00      0.00         2
         178       0.40      0.32      0.36        60
         179       0.23      0.19      0.21        16
         180       0.00      0.00      0.00         2
         181       0.28      0.18      0.22       110
         182       0.25      0.23      0.24        81
         183       0.57      0.14      0.23        28
         184       0.18      0.17      0.17        36
         185       0.23      0.20      0.21       241
         186       0.17      0.10      0.12        10
         187       0.65      0.81      0.72       186
         188       0.67      0.29      0.40         7
         189       0.17      0.13      0.15        23
         190       0.25      0.06      0.10        16
         191       0.10      0.07      0.08        15
         192       0.00      0.00      0.00         4
         193       0.25      0.18      0.21        56
         194       0.00      0.00      0.00         6
         195       0.25      0.17      0.20         6
         196       0.00      0.00      0.00         1
         197       0.50      0.40      0.44         5
         198       0.00      0.00      0.00         1
         199       0.36      0.53      0.43        19
         200       0.00      0.00      0.00         0
         201       0.00      0.00      0.00         1
         203       0.00      0.00      0.00         5
         204       0.00      0.00      0.00         1
         206       0.32      0.41      0.36        22
         207       0.00      0.00      0.00         6
         208       0.25      0.14      0.18        36
         209       0.50      0.50      0.50        24
         210       0.00      0.00      0.00         2
         211       0.67      0.40      0.50         5
         212       0.60      0.60      0.60         5
         213       0.42      0.38      0.40        13
         214       0.47      0.35      0.40        46
         215       0.36      0.29      0.32        55
         216       0.00      0.00      0.00         1
         218       0.00      0.00      0.00         1
         219       0.00      0.00      0.00         1
         220       0.00      0.00      0.00         1
         221       1.00      0.33      0.50         3
         222       0.00      0.00      0.00         2
         223       0.41      0.37      0.39       115
         224       0.12      0.13      0.13        15
         225       0.33      0.16      0.22        25
         226       0.40      0.65      0.50       144
         227       0.14      0.29      0.19         7
         228       0.00      0.00      0.00        22
         229       0.33      0.25      0.29        24
         230       0.00      0.00      0.00        16
         231       0.00      0.00      0.00         1
         232       0.00      0.00      0.00         3
         233       0.00      0.00      0.00         2
         234       0.00      0.00      0.00         1
         235       0.00      0.00      0.00         1

    accuracy                           0.47      9977
   macro avg       0.21      0.18      0.19      9977
weighted avg       0.46      0.47      0.46      9977

Results written to results/ec_classifier_20260428_165633.json
Loaded environment from results/ec_classifier_20260428_165633_env.json
Figure saved to results/ec_classifier_20260428_165633_report.pdf
Report written to results/ec_classifier_20260428_165633_report.md
