Loading labelled SMARTS (EC depth=3)...
EC map built: 214007 labelled SMARTS
After join with validated set: 214007 SMARTS with EC labels
Dropping 25 rare classes (<10 samples): ['1.10.1', '1.12.1', '1.16.3', '1.17', '1.21.99', '1.3.2', '1.4.2', '1.4.5', '1.4.7', '1.5.7', '1.5.8', '1.6', '1.6.98', '1.7.5', '1.7.6', '1.7.99', '1.8.2', '1.8.7', '1.9.6', '3.12.1', '3.8.2', '4', '5.1', '7.1.1', '7.3.2']
Class distribution:
label
2.4.1      27830
2.3.1      17998
2.1.1      10962
1.1.1      10229
1.14.13     9119
2.5.1       8629
3.2.1       6980
3.1.1       5617
4.2.1       5163
2.6.1       4853
2.7.1       4174
4.2.3       3985
3.5.1       3934
1.14.14     3665
1.13.11     3583
1.2.1       3377
1.3.1       3330
6.3.2       3087
2.8.3       2753
2.4.2       2595
2.7.7       2561
1.14.11     2509
6.2.1       2469
3.1.3       2450
4.1.1       2356
2.7.8       2131
4.1.2       1726
3.6.1       1482
3.7.1       1276
4.4.1       1210
3.1.2       1170
5.5.1       1168
2.8.2       1087
1.11.1      1045
3.3.2       1018
1.14.99     1013
3.1.4       1000
5.4.99       990
1.14         978
3.5.4        973
2.2.1        964
1.1.3        936
1.5.1        932
3.4.13       932
2.7.4        931
3.4.11       925
2.3.3        865
1.14.12      818
4.1.99       780
1.14.19      775
5.3.3        765
3.2.2        754
2.1.2        745
1.14.15      725
1.4.3        723
1.3.3        713
1.10.3       675
1.5.3        641
4.1.3        610
3.5.3        594
1.13.12      591
1            571
1.14.20      552
6.3.1        536
3.5.99       525
5.3.99       524
6.3.5        518
4.3.1        487
5.3.1        482
6.3.4        463
2.4.99       461
2.3.2        457
1.4.1        445
2.1.3        443
3.4.17       424
4.99.1       417
1.2.4        415
3.4.21       413
3.4.19       404
3.5.2        381
1.6.5        371
1.2.3        368
1.21.3       361
4.3.2        348
1.14.18      345
3.8.1        344
1.8.1        344
6.4.1        343
6.3          330
1.17.3       327
4.3.3        314
2.7.2        309
1.3.5        307
1.7.1        305
1.1          304
2.1.4        301
1.11.2       282
1.3.8        276
1.14.21      276
5.4.4        270
3.4.16       264
3.1.6        264
1.17.1       261
3.13.1       252
1.3.98       230
4.2.2        210
2.7.3        202
2.7.6        186
1.3.7        184
2.8.1        177
1.8.3        169
1.8.4        168
1.1.99       162
3.1.8        162
6.3.3        161
1.3          157
1.13.99      153
3.4          150
1.21.98      147
4.2.99       146
3.5.5        145
3.4.14       142
4.6.1        140
1.8.5        138
4.5.1        135
1.3.99       133
1.7.3        132
2.10.1       128
5.3.2        124
1.1.98       118
1.97.1       109
5.4.3        107
4.8.1        106
5.4.2        106
1.14.16      105
5.1.3        103
2.8.4        100
2.4.3         96
4.3.99        94
3.1.7         93
1.14.17       92
1.23.1        92
3.1           89
1.2.7         83
1.13          81
1.1.4         80
1.1.5         77
6.1.2         76
3.4.15        74
1.17.7        73
3.4.24        71
6.6.1         70
1.17.5        69
2.6.99        65
3.5           61
1.17.99       61
2.3           60
2.1.5         60
1.17.4        58
2             56
3.4.22        55
1.5.99        52
6.1.3         51
1.23.5        49
1.21.1        49
3             48
1.11          47
2.7.9         47
1.7.2         47
1.12.98       47
3.3.1         46
1.10.99       46
1.5.98        44
1.17.9        44
3.6.3         44
3.9.1         42
1.2.98        42
1.1.2         40
6.7.1         38
1.3.4         37
2.4           36
1.2.99        36
5.4.1         35
1.6.6         35
1.2           34
3.1.5         33
1.4           30
1.10.5        30
1.20.1        29
1.17.8        29
1.7           29
5.1.1         28
7.2.4         27
3.11.1        26
1.5           26
6             26
1.2.2         25
1.4.4         24
1.16.1        23
4.98.1        23
7.2.1         23
1.6.3         22
1.12.2        22
5.2.1         22
6.1           21
1.4.99        21
1.2.5         20
3.10.1        19
5.6.1         19
3.1.27        19
1.21.4        18
6.1.1         18
1.5.4         18
4.7.1         17
6.5.1         16
3.13.2        16
3.2           16
1.6.99        16
2.7.11        16
2.6.3         16
1.1.7         16
1.18.1        14
1.20.4        13
5             12
3.6.4         12
1.6.2         12
1.21          12
7.6.2         12
2.8.7         10
5.1.2         10
5.99.1        10
2.8.5         10
1.18          10
3.6.2         10
1.12.99       10
5.3           10
1.17.2        10
Sampled 49884 SMARTS (stratified)
Labels: ['1', '1.1', '1.1.1', '1.1.2', '1.1.3', '1.1.4', '1.1.5', '1.1.7', '1.1.98', '1.1.99', '1.10.3', '1.10.5', '1.10.99', '1.11', '1.11.1', '1.11.2', '1.12.2', '1.12.98', '1.12.99', '1.13', '1.13.11', '1.13.12', '1.13.99', '1.14', '1.14.11', '1.14.12', '1.14.13', '1.14.14', '1.14.15', '1.14.16', '1.14.17', '1.14.18', '1.14.19', '1.14.20', '1.14.21', '1.14.99', '1.16.1', '1.17.1', '1.17.2', '1.17.3', '1.17.4', '1.17.5', '1.17.7', '1.17.8', '1.17.9', '1.17.99', '1.18', '1.18.1', '1.2', '1.2.1', '1.2.2', '1.2.3', '1.2.4', '1.2.5', '1.2.7', '1.2.98', '1.2.99', '1.20.1', '1.20.4', '1.21', '1.21.1', '1.21.3', '1.21.4', '1.21.98', '1.23.1', '1.23.5', '1.3', '1.3.1', '1.3.3', '1.3.4', '1.3.5', '1.3.7', '1.3.8', '1.3.98', '1.3.99', '1.4', '1.4.1', '1.4.3', '1.4.4', '1.4.99', '1.5', '1.5.1', '1.5.3', '1.5.4', '1.5.98', '1.5.99', '1.6.2', '1.6.3', '1.6.5', '1.6.6', '1.6.99', '1.7', '1.7.1', '1.7.2', '1.7.3', '1.8.1', '1.8.3', '1.8.4', '1.8.5', '1.97.1', '2', '2.1.1', '2.1.2', '2.1.3', '2.1.4', '2.1.5', '2.10.1', '2.2.1', '2.3', '2.3.1', '2.3.2', '2.3.3', '2.4', '2.4.1', '2.4.2', '2.4.3', '2.4.99', '2.5.1', '2.6.1', '2.6.3', '2.6.99', '2.7.1', '2.7.11', '2.7.2', '2.7.3', '2.7.4', '2.7.6', '2.7.7', '2.7.8', '2.7.9', '2.8.1', '2.8.2', '2.8.3', '2.8.4', '2.8.5', '2.8.7', '3', '3.1', '3.1.1', '3.1.2', '3.1.27', '3.1.3', '3.1.4', '3.1.5', '3.1.6', '3.1.7', '3.1.8', '3.10.1', '3.11.1', '3.13.1', '3.13.2', '3.2', '3.2.1', '3.2.2', '3.3.1', '3.3.2', '3.4', '3.4.11', '3.4.13', '3.4.14', '3.4.15', '3.4.16', '3.4.17', '3.4.19', '3.4.21', '3.4.22', '3.4.24', '3.5', '3.5.1', '3.5.2', '3.5.3', '3.5.4', '3.5.5', '3.5.99', '3.6.1', '3.6.2', '3.6.3', '3.6.4', '3.7.1', '3.8.1', '3.9.1', '4.1.1', '4.1.2', '4.1.3', '4.1.99', '4.2.1', '4.2.2', '4.2.3', '4.2.99', '4.3.1', '4.3.2', '4.3.3', '4.3.99', '4.4.1', '4.5.1', '4.6.1', '4.7.1', '4.8.1', '4.98.1', '4.99.1', '5', '5.1.1', '5.1.2', '5.1.3', '5.2.1', '5.3', '5.3.1', '5.3.2', '5.3.3', '5.3.99', '5.4.1', '5.4.2', '5.4.3', '5.4.4', '5.4.99', '5.5.1', '5.6.1', '5.99.1', '6', '6.1', '6.1.1', '6.1.2', '6.1.3', '6.2.1', '6.3', '6.3.1', '6.3.2', '6.3.3', '6.3.4', '6.3.5', '6.4.1', '6.5.1', '6.6.1', '6.7.1', '7.2.1', '7.2.4', '7.6.2']
Train: 39907 samples | Test: 9977 samples (stratified 80/20)

--- SmartsTokenizer ---

SmartsTokenizer — 10-fold CV results (train=39907, test=9977):
  accuracy : 0.2493 ± 0.0079
  f1_macro : 0.1481 ± 0.0106
  f1_weighted: 0.2709 ± 0.0075
  cv_time  : 25.2 s | fit_time: 26.1 s

Classification report (held-out test set):
              precision    recall  f1-score   support

           0       0.05      0.04      0.04        27
           1       0.04      0.14      0.06        14
           2       0.48      0.03      0.05       478
           3       0.07      1.00      0.12         2
           4       0.11      0.05      0.06        44
           5       0.04      0.25      0.07         4
           6       0.07      0.75      0.14         4
           7       0.00      0.00      0.00         1
           8       0.04      0.40      0.07         5
           9       0.04      0.29      0.06         7
          10       0.15      0.16      0.15        31
          11       0.00      0.00      0.00         1
          12       0.05      1.00      0.10         2
          13       0.02      0.50      0.04         2
          14       0.44      0.08      0.14        49
          15       0.06      0.38      0.11        13
          16       0.00      0.00      0.00         1
          17       0.00      0.00      0.00         2
          19       0.00      0.00      0.00         4
          20       0.48      0.12      0.20       168
          21       0.07      0.21      0.11        28
          22       0.00      0.00      0.00         7
          23       0.09      0.11      0.10        46
          24       0.33      0.02      0.03       117
          25       0.19      0.47      0.27        38
          26       0.50      0.00      0.00       426
          27       0.25      0.01      0.01       171
          28       0.08      0.21      0.12        34
          29       0.05      0.40      0.09         5
          30       0.04      0.50      0.08         4
          31       0.02      0.06      0.04        16
          32       0.14      0.06      0.08        36
          33       0.24      0.38      0.30        26
          34       0.07      0.38      0.11        13
          35       0.17      0.23      0.20        47
          36       0.00      0.00      0.00         1
          37       0.07      0.25      0.10        12
          38       0.00      0.00      0.00         0
          39       0.14      0.40      0.21        15
          40       0.10      0.67      0.17         3
          41       0.02      0.33      0.04         3
          42       0.12      0.67      0.21         3
          43       0.05      1.00      0.09         1
          44       0.00      0.00      0.00         2
          45       0.02      0.33      0.04         3
          46       0.00      0.00      0.00         0
          47       0.00      0.00      0.00         1
          48       0.03      1.00      0.06         1
          49       0.23      0.04      0.07       158
          50       0.00      0.00      0.00         1
          51       0.00      0.00      0.00        17
          52       0.25      0.53      0.34        19
          53       0.00      0.00      0.00         1
          54       0.06      0.50      0.11         4
          55       0.11      0.50      0.18         2
          56       0.09      0.50      0.15         2
          57       0.33      1.00      0.50         1
          58       0.00      0.00      0.00         1
          59       0.00      0.00      0.00         0
          60       0.05      0.50      0.10         2
          61       0.05      0.35      0.09        17
          62       0.12      1.00      0.22         1
          63       0.17      0.57      0.27         7
          64       0.05      0.75      0.10         4
          65       0.04      0.50      0.07         2
          66       0.05      0.29      0.08         7
          67       0.18      0.01      0.02       156
          68       0.06      0.09      0.07        33
          69       0.18      1.00      0.31         2
          70       0.18      0.71      0.29        14
          71       0.20      0.67      0.31         9
          72       0.08      0.31      0.12        13
          73       0.07      0.36      0.12        11
          74       0.02      0.33      0.05         6
          75       0.00      0.00      0.00         1
          76       0.22      0.52      0.31        21
          77       0.27      0.26      0.27        34
          78       0.00      0.00      0.00         1
          79       0.00      0.00      0.00         1
          80       0.10      1.00      0.18         1
          81       0.29      0.09      0.14        43
          82       0.26      0.53      0.35        30
          83       0.00      0.00      0.00         1
          84       0.03      0.50      0.06         2
          85       0.00      0.00      0.00         2
          86       0.00      0.00      0.00         0
          87       0.00      0.00      0.00         1
          88       0.11      0.35      0.16        17
          89       0.17      0.50      0.25         2
          90       0.50      1.00      0.67         1
          91       0.33      1.00      0.50         1
          92       0.12      0.43      0.19        14
          93       0.29      1.00      0.44         2
          94       0.11      0.50      0.18         6
          95       0.09      0.19      0.12        16
          96       0.09      0.38      0.15         8
          97       0.04      0.12      0.06         8
          98       0.15      0.50      0.23         6
          99       0.11      0.40      0.17         5
         100       0.00      0.00      0.00         3
         101       0.90      0.42      0.57       513
         102       0.43      0.51      0.47        35
         103       0.18      0.29      0.22        21
         104       0.31      0.79      0.44        14
         105       0.07      0.67      0.12         3
         106       0.33      0.50      0.40         6
         107       0.24      0.53      0.33        45
         108       0.01      0.33      0.02         3
         109       0.90      0.10      0.18       842
         110       0.17      0.14      0.15        21
         111       0.17      0.57      0.27        40
         112       0.00      0.00      0.00         2
         113       0.87      0.47      0.61      1301
         114       0.09      0.08      0.09       121
         115       0.05      1.00      0.09         4
         116       0.10      0.48      0.17        21
         117       0.90      0.16      0.27       404
         118       0.76      0.40      0.52       227
         119       0.20      1.00      0.33         1
         120       0.03      0.33      0.06         3
         121       0.67      0.29      0.40       195
         122       0.14      1.00      0.25         1
         123       0.09      0.43      0.14        14
         124       0.43      0.67      0.52         9
         125       0.23      0.47      0.31        43
         126       0.09      0.33      0.14         9
         127       0.60      0.34      0.44       120
         128       0.24      0.34      0.28       100
         129       0.04      0.50      0.08         2
         130       0.22      0.62      0.32         8
         131       0.45      0.59      0.51        51
         132       0.39      0.28      0.32       129
         133       0.17      0.80      0.29         5
         134       0.00      0.00      0.00         0
         135       0.00      0.00      0.00         0
         136       0.00      0.00      0.00         2
         137       0.02      0.50      0.05         4
         138       0.27      0.01      0.02       263
         139       0.12      0.20      0.15        55
         140       0.00      0.00      0.00         1
         141       0.54      0.39      0.45       114
         142       0.27      0.26      0.26        47
         143       0.05      1.00      0.09         1
         144       0.18      0.67      0.28        12
         145       0.03      0.50      0.06         4
         146       0.07      0.43      0.12         7
         147       0.20      1.00      0.33         1
         148       0.11      1.00      0.20         1
         149       0.06      0.17      0.09        12
         150       0.00      0.00      0.00         1
         151       0.00      0.00      0.00         1
         152       0.50      0.44      0.47       326
         153       0.31      0.43      0.36        35
         154       0.00      0.00      0.00         2
         155       0.19      0.17      0.18        47
         156       0.05      0.14      0.07         7
         157       0.20      0.14      0.16        43
         158       0.26      0.21      0.23        43
         159       0.07      0.29      0.11         7
         160       0.00      0.00      0.00         3
         161       0.12      0.42      0.19        12
         162       0.18      0.30      0.22        20
         163       0.23      0.68      0.35        19
         164       0.07      0.21      0.11        19
         165       0.00      0.00      0.00         2
         166       0.11      1.00      0.19         3
         167       0.01      0.33      0.03         3
         168       1.00      0.03      0.06       184
         169       0.19      0.44      0.26        18
         170       0.61      0.71      0.66        28
         171       0.41      0.53      0.47        45
         172       0.26      1.00      0.41         7
         173       0.21      0.17      0.19        24
         174       0.29      0.36      0.32        69
         175       0.00      0.00      0.00         0
         176       0.00      0.00      0.00         2
         177       0.00      0.00      0.00         0
         178       0.36      0.15      0.21        60
         179       0.29      0.62      0.39        16
         180       0.00      0.00      0.00         2
         181       0.22      0.07      0.11       110
         182       0.00      0.00      0.00        81
         183       0.09      0.21      0.13        28
         184       0.19      0.08      0.12        36
         185       0.83      0.06      0.12       241
         186       0.08      0.80      0.14        10
         187       0.60      0.68      0.63       186
         188       0.06      0.71      0.12         7
         189       0.18      0.30      0.23        23
         190       0.29      0.38      0.32        16
         191       0.08      0.13      0.10        15
         192       0.00      0.00      0.00         4
         193       0.42      0.20      0.27        56
         194       0.17      0.50      0.25         6
         195       0.02      0.17      0.04         6
         196       0.50      1.00      0.67         1
         197       0.16      0.60      0.25         5
         198       0.00      0.00      0.00         1
         199       0.19      0.79      0.31        19
         200       0.00      0.00      0.00         0
         201       0.11      1.00      0.20         1
         202       0.00      0.00      0.00         0
         203       0.02      0.20      0.03         5
         204       0.04      1.00      0.07         1
         205       0.00      0.00      0.00         0
         206       0.12      0.41      0.18        22
         207       0.04      0.50      0.07         6
         208       0.09      0.44      0.15        36
         209       0.12      0.50      0.20        24
         210       0.00      0.00      0.00         2
         211       0.09      0.60      0.15         5
         212       0.12      0.80      0.21         5
         213       0.03      0.23      0.06        13
         214       0.19      0.43      0.26        46
         215       0.18      0.25      0.21        55
         216       0.00      0.00      0.00         1
         217       0.00      0.00      0.00         0
         218       0.00      0.00      0.00         1
         219       0.00      0.00      0.00         1
         220       0.20      1.00      0.33         1
         221       0.12      0.67      0.21         3
         222       0.02      0.50      0.04         2
         223       0.21      0.33      0.26       115
         224       0.15      0.40      0.21        15
         225       0.18      0.08      0.11        25
         226       0.83      0.24      0.38       144
         227       0.14      0.57      0.22         7
         228       0.00      0.00      0.00        22
         229       0.25      0.33      0.29        24
         230       0.06      0.12      0.08        16
         231       0.00      0.00      0.00         1
         232       0.09      0.67      0.16         3
         233       0.00      0.00      0.00         2
         234       0.00      0.00      0.00         1
         235       0.03      1.00      0.06         1
         236       0.00      0.00      0.00         0

    accuracy                           0.26      9977
   macro avg       0.16      0.35      0.16      9977
weighted avg       0.53      0.26      0.28      9977

Note: classes with very few samples (e.g. EC class 7, n=0) are expected to score 0 — insufficient data, not a model failure.

--- SentencePieceTokenizer (data/processed/sp_tokenizer.model) ---

SentencePieceTokenizer — 10-fold CV results (train=39907, test=9977):
  accuracy : 0.3169 ± 0.0064
  f1_macro : 0.1875 ± 0.0105
  f1_weighted: 0.3348 ± 0.0055
  cv_time  : 26.7 s | fit_time: 26.6 s

Classification report (held-out test set):
              precision    recall  f1-score   support

           0       0.04      0.04      0.04        27
           1       0.04      0.14      0.06        14
           2       0.50      0.03      0.06       478
           3       0.12      1.00      0.21         2
           4       0.09      0.14      0.11        44
           5       1.00      0.25      0.40         4
           6       0.14      0.75      0.24         4
           7       0.00      0.00      0.00         1
           8       0.05      0.40      0.09         5
           9       0.05      0.43      0.08         7
          10       0.09      0.19      0.12        31
          11       0.00      0.00      0.00         1
          12       0.08      0.50      0.14         2
          13       0.11      0.50      0.18         2
          14       0.32      0.12      0.18        49
          15       0.08      0.46      0.14        13
          16       0.00      0.00      0.00         1
          17       0.00      0.00      0.00         2
          18       0.00      0.00      0.00         0
          19       0.00      0.00      0.00         4
          20       0.56      0.30      0.39       168
          21       0.10      0.25      0.14        28
          22       0.00      0.00      0.00         7
          23       0.14      0.24      0.18        46
          24       0.40      0.12      0.18       117
          25       0.22      0.55      0.32        38
          26       0.50      0.01      0.02       426
          27       0.43      0.04      0.06       171
          28       0.11      0.47      0.18        34
          29       0.07      0.60      0.13         5
          30       0.05      0.50      0.10         4
          31       0.06      0.19      0.09        16
          32       0.22      0.14      0.17        36
          33       0.23      0.42      0.30        26
          34       0.06      0.46      0.10        13
          35       0.20      0.30      0.24        47
          36       0.17      1.00      0.29         1
          37       0.11      0.42      0.17        12
          38       0.00      0.00      0.00         0
          39       0.14      0.67      0.24        15
          40       0.14      0.33      0.20         3
          41       0.04      0.33      0.07         3
          42       0.07      0.33      0.11         3
          43       0.14      1.00      0.25         1
          44       0.00      0.00      0.00         2
          45       0.03      0.33      0.06         3
          46       0.00      0.00      0.00         0
          47       0.00      0.00      0.00         1
          48       0.09      1.00      0.17         1
          49       0.60      0.13      0.22       158
          50       0.14      1.00      0.25         1
          51       0.01      0.06      0.02        17
          52       0.28      0.79      0.41        19
          53       0.25      1.00      0.40         1
          54       0.07      0.50      0.13         4
          55       0.14      0.50      0.22         2
          56       0.00      0.00      0.00         2
          57       0.00      0.00      0.00         1
          58       0.33      1.00      0.50         1
          59       0.00      0.00      0.00         0
          60       0.17      1.00      0.29         2
          61       0.10      0.59      0.17        17
          62       0.33      1.00      0.50         1
          63       0.15      0.57      0.24         7
          64       0.09      0.50      0.15         4
          65       0.25      1.00      0.40         2
          66       0.06      0.29      0.10         7
          67       0.31      0.03      0.05       156
          68       0.20      0.36      0.26        33
          69       0.11      1.00      0.20         2
          70       0.24      0.64      0.35        14
          71       0.29      0.67      0.40         9
          72       0.06      0.23      0.10        13
          73       0.16      0.64      0.25        11
          74       0.06      0.67      0.11         6
          75       0.00      0.00      0.00         1
          76       0.19      0.43      0.26        21
          77       0.22      0.26      0.24        34
          78       0.00      0.00      0.00         1
          79       0.00      0.00      0.00         1
          80       0.33      1.00      0.50         1
          81       0.27      0.09      0.14        43
          82       0.21      0.53      0.30        30
          83       0.25      1.00      0.40         1
          84       0.07      0.50      0.12         2
          85       0.00      0.00      0.00         2
          86       0.00      0.00      0.00         0
          87       0.00      0.00      0.00         1
          88       0.14      0.35      0.20        17
          89       0.33      0.50      0.40         2
          90       0.50      1.00      0.67         1
          91       0.20      1.00      0.33         1
          92       0.23      0.64      0.33        14
          93       0.25      1.00      0.40         2
          94       0.17      0.83      0.28         6
          95       0.09      0.31      0.14        16
          96       0.10      0.38      0.16         8
          97       0.00      0.00      0.00         8
          98       0.08      0.33      0.13         6
          99       0.06      0.40      0.11         5
         100       0.00      0.00      0.00         3
         101       0.89      0.44      0.59       513
         102       0.49      0.63      0.55        35
         103       0.18      0.38      0.25        21
         104       0.30      0.64      0.41        14
         105       0.50      1.00      0.67         3
         106       0.60      1.00      0.75         6
         107       0.25      0.62      0.36        45
         108       0.00      0.00      0.00         3
         109       0.92      0.17      0.29       842
         110       0.16      0.24      0.19        21
         111       0.23      0.60      0.33        40
         112       0.11      0.50      0.18         2
         113       0.89      0.55      0.68      1301
         114       0.22      0.17      0.19       121
         115       0.09      1.00      0.17         4
         116       0.18      0.52      0.27        21
         117       0.92      0.27      0.42       404
         118       0.69      0.44      0.54       227
         119       0.20      1.00      0.33         1
         120       0.00      0.00      0.00         3
         121       0.72      0.25      0.37       195
         122       0.00      0.00      0.00         1
         123       0.11      0.43      0.17        14
         124       0.29      0.67      0.40         9
         125       0.34      0.60      0.43        43
         126       0.17      0.56      0.26         9
         127       0.59      0.47      0.52       120
         128       0.29      0.51      0.37       100
         129       0.05      0.50      0.10         2
         130       0.21      0.50      0.30         8
         131       0.67      0.71      0.69        51
         132       0.50      0.43      0.46       129
         133       0.29      0.80      0.42         5
         134       0.00      0.00      0.00         0
         135       0.00      0.00      0.00         0
         136       0.00      0.00      0.00         2
         137       0.00      0.00      0.00         4
         138       0.53      0.06      0.12       263
         139       0.12      0.38      0.19        55
         140       0.00      0.00      0.00         1
         141       0.45      0.43      0.44       114
         142       0.24      0.30      0.27        47
         143       0.05      1.00      0.09         1
         144       0.24      0.67      0.36        12
         145       0.07      0.50      0.12         4
         146       0.18      0.71      0.29         7
         147       0.00      0.00      0.00         1
         148       0.14      1.00      0.25         1
         149       0.06      0.25      0.10        12
         150       0.00      0.00      0.00         1
         151       0.00      0.00      0.00         1
         152       0.49      0.56      0.52       326
         153       0.28      0.46      0.35        35
         154       0.00      0.00      0.00         2
         155       0.25      0.28      0.27        47
         156       0.05      0.14      0.08         7
         157       0.19      0.21      0.20        43
         158       0.22      0.19      0.20        43
         159       0.10      0.43      0.16         7
         160       0.07      0.33      0.11         3
         161       0.14      0.50      0.21        12
         162       0.20      0.35      0.25        20
         163       0.21      0.79      0.34        19
         164       0.17      0.37      0.23        19
         165       0.07      0.50      0.12         2
         166       0.19      1.00      0.32         3
         167       0.00      0.00      0.00         3
         168       0.67      0.02      0.04       184
         169       0.22      0.72      0.34        18
         170       0.44      0.64      0.52        28
         171       0.35      0.64      0.45        45
         172       0.18      1.00      0.31         7
         173       0.35      0.33      0.34        24
         174       0.28      0.46      0.35        69
         175       0.00      0.00      0.00         0
         176       0.50      0.50      0.50         2
         177       0.00      0.00      0.00         0
         178       0.40      0.35      0.37        60
         179       0.33      0.69      0.45        16
         180       0.25      0.50      0.33         2
         181       0.31      0.13      0.18       110
         182       0.08      0.01      0.02        81
         183       0.13      0.32      0.18        28
         184       0.15      0.08      0.11        36
         185       0.79      0.05      0.09       241
         186       0.10      0.70      0.17        10
         187       0.66      0.88      0.76       186
         188       0.13      0.71      0.22         7
         189       0.14      0.30      0.19        23
         190       0.18      0.25      0.21        16
         191       0.24      0.33      0.28        15
         192       0.00      0.00      0.00         4
         193       0.36      0.25      0.29        56
         194       0.07      0.33      0.12         6
         195       0.12      0.50      0.19         6
         196       0.50      1.00      0.67         1
         197       0.44      0.80      0.57         5
         198       0.00      0.00      0.00         1
         199       0.28      0.84      0.42        19
         200       0.00      0.00      0.00         0
         201       0.20      1.00      0.33         1
         202       0.00      0.00      0.00         0
         203       0.03      0.20      0.05         5
         204       0.06      1.00      0.11         1
         205       0.00      0.00      0.00         0
         206       0.09      0.41      0.15        22
         207       0.06      0.50      0.10         6
         208       0.10      0.31      0.16        36
         209       0.20      0.67      0.30        24
         210       0.12      0.50      0.20         2
         211       0.07      0.60      0.13         5
         212       0.12      1.00      0.21         5
         213       0.06      0.38      0.11        13
         214       0.19      0.43      0.27        46
         215       0.22      0.40      0.28        55
         216       0.00      0.00      0.00         1
         217       0.00      0.00      0.00         0
         218       0.50      1.00      0.67         1
         219       0.00      0.00      0.00         1
         220       0.33      1.00      0.50         1
         221       0.11      0.33      0.17         3
         222       0.03      0.50      0.05         2
         223       0.24      0.40      0.30       115
         224       0.21      0.53      0.30        15
         225       0.32      0.32      0.32        25
         226       0.85      0.35      0.50       144
         227       0.17      0.71      0.28         7
         228       0.06      0.05      0.05        22
         229       0.26      0.38      0.31        24
         230       0.06      0.12      0.08        16
         231       0.00      0.00      0.00         1
         232       0.11      0.67      0.19         3
         233       1.00      0.50      0.67         2
         234       0.50      1.00      0.67         1
         235       0.10      1.00      0.18         1

    accuracy                           0.32      9977
   macro avg       0.20      0.41      0.21      9977
weighted avg       0.56      0.32      0.34      9977

Note: classes with very few samples (e.g. EC class 7, n=0) are expected to score 0 — insufficient data, not a model failure.

--- Extracting pretrained embeddings (pooling=mean) ---
Loaded pretrained weights from models/smarts_transformer_20260428_160310.pt (d_model=256, layers=6)
SMARTSDataset: 49884 sequences | max_length=512 | avg_len=116.8 | vocab_size=4465
/projects/F202508983CPCAA0/jcorreia/work/smartrxn_env/lib/python3.12/site-packages/torch/nn/modules/transformer.py:508: UserWarning: The PyTorch API of nested tensors is in prototype stage and will change in the near future. We recommend specifying layout=torch.jagged when constructing a nested tensor, as this layout receives active development, has better operator coverage, and works with torch.compile. (Triggered internally at /pytorch/aten/src/ATen/NestedTensorImpl.cpp:178.)
  output = torch._nested_tensor_from_mask(
Extracted 49884 embeddings | dim=256 | pooling=mean | device=cuda
Embedding extraction (pretrained): 18.6 s for 49884 sequences

--- Extracting random-init embeddings (baseline) ---
Using randomly initialized model (d_model=256, layers=6) — baseline
SMARTSDataset: 49884 sequences | max_length=512 | avg_len=116.8 | vocab_size=4465
Extracted 49884 embeddings | dim=256 | pooling=mean | device=cuda
Embedding extraction (random-init): 17.1 s for 49884 sequences

--- Pretrained embeddings + logreg ---

Pretrained+logreg — 10-fold CV results (train=39907, test=9977, head=logreg):
  accuracy : 0.5632 ± 0.0067
  f1_macro : 0.3941 ± 0.0206
  f1_weighted: 0.5779 ± 0.0061
  cv_time  : 71.4 s | fit_time: 452.8 s

Classification report (held-out test set):
              precision    recall  f1-score   support

           0       0.09      0.19      0.12        27
           1       0.17      0.43      0.24        14
           2       0.78      0.27      0.40       478
           3       0.25      1.00      0.40         2
           4       0.25      0.52      0.34        44
           5       0.33      0.50      0.40         4
           6       0.23      0.75      0.35         4
           7       0.00      0.00      0.00         1
           8       0.15      0.40      0.22         5
           9       0.21      0.71      0.32         7
          10       0.27      0.45      0.34        31
          11       0.00      0.00      0.00         1
          12       0.25      0.50      0.33         2
          13       0.25      0.50      0.33         2
          14       0.30      0.33      0.31        49
          15       0.41      0.92      0.57        13
          16       0.50      1.00      0.67         1
          17       0.00      0.00      0.00         2
          18       0.00      0.00      0.00         0
          19       0.00      0.00      0.00         4
          20       0.77      0.58      0.66       168
          21       0.24      0.54      0.33        28
          22       0.25      0.43      0.32         7
          23       0.20      0.37      0.26        46
          24       0.31      0.24      0.27       117
          25       0.43      0.76      0.55        38
          26       0.64      0.20      0.30       426
          27       0.27      0.18      0.22       171
          28       0.19      0.53      0.27        34
          29       0.50      0.80      0.62         5
          30       0.29      0.50      0.36         4
          31       0.05      0.12      0.07        16
          32       0.25      0.36      0.29        36
          33       0.25      0.42      0.31        26
          34       0.26      0.46      0.33        13
          35       0.31      0.40      0.35        47
          36       0.50      1.00      0.67         1
          37       0.14      0.42      0.21        12
          39       0.19      0.33      0.24        15
          40       0.17      0.33      0.22         3
          41       0.29      0.67      0.40         3
          42       0.17      0.67      0.27         3
          43       0.00      0.00      0.00         1
          44       0.33      0.50      0.40         2
          45       0.08      0.33      0.13         3
          46       0.00      0.00      0.00         0
          47       1.00      1.00      1.00         1
          48       1.00      1.00      1.00         1
          49       0.60      0.46      0.52       158
          50       0.33      1.00      0.50         1
          51       0.06      0.18      0.09        17
          52       0.40      0.74      0.52        19
          53       0.00      0.00      0.00         1
          54       0.07      0.25      0.11         4
          55       0.50      1.00      0.67         2
          56       0.20      0.50      0.29         2
          57       0.33      1.00      0.50         1
          58       0.00      0.00      0.00         1
          59       0.00      0.00      0.00         0
          60       0.33      0.50      0.40         2
          61       0.32      0.65      0.43        17
          62       1.00      1.00      1.00         1
          63       0.31      0.57      0.40         7
          64       0.57      1.00      0.73         4
          65       0.50      1.00      0.67         2
          66       0.14      0.43      0.21         7
          67       0.40      0.26      0.32       156
          68       0.36      0.64      0.46        33
          69       1.00      1.00      1.00         2
          70       0.41      0.64      0.50        14
          71       0.44      0.89      0.59         9
          72       0.17      0.31      0.22        13
          73       0.32      0.73      0.44        11
          74       0.24      0.83      0.37         6
          75       0.50      1.00      0.67         1
          76       0.27      0.57      0.37        21
          77       0.44      0.59      0.51        34
          78       0.00      0.00      0.00         1
          79       0.00      0.00      0.00         1
          80       1.00      1.00      1.00         1
          81       0.36      0.56      0.44        43
          82       0.51      0.67      0.58        30
          83       1.00      1.00      1.00         1
          84       0.67      1.00      0.80         2
          85       0.00      0.00      0.00         2
          86       0.00      0.00      0.00         0
          87       0.00      0.00      0.00         1
          88       0.39      0.53      0.45        17
          89       1.00      0.50      0.67         2
          90       0.33      1.00      0.50         1
          91       0.00      0.00      0.00         1
          92       0.33      0.64      0.44        14
          93       0.67      1.00      0.80         2
          94       0.20      0.33      0.25         6
          95       0.21      0.44      0.29        16
          96       0.42      0.62      0.50         8
          97       0.19      0.38      0.25         8
          98       0.57      0.67      0.62         6
          99       0.22      0.40      0.29         5
         100       0.00      0.00      0.00         3
         101       0.91      0.74      0.82       513
         102       0.49      0.74      0.59        35
         103       0.28      0.76      0.41        21
         104       0.80      0.86      0.83        14
         105       0.50      1.00      0.67         3
         106       0.67      1.00      0.80         6
         107       0.44      0.71      0.54        45
         108       0.00      0.00      0.00         3
         109       0.87      0.57      0.69       842
         110       0.33      0.67      0.44        21
         111       0.52      0.82      0.64        40
         112       0.17      1.00      0.29         2
         113       0.94      0.70      0.80      1301
         114       0.39      0.51      0.44       121
         115       0.29      1.00      0.44         4
         116       0.38      0.71      0.50        21
         117       0.89      0.51      0.65       404
         118       0.90      0.70      0.79       227
         119       0.00      0.00      0.00         1
         120       0.00      0.00      0.00         3
         121       0.77      0.62      0.68       195
         122       0.33      1.00      0.50         1
         123       0.35      0.79      0.49        14
         124       0.75      1.00      0.86         9
         125       0.58      0.88      0.70        43
         126       0.33      0.67      0.44         9
         127       0.73      0.70      0.71       120
         128       0.47      0.76      0.58       100
         129       0.20      0.50      0.29         2
         130       0.12      0.25      0.17         8
         131       0.82      0.88      0.85        51
         132       0.61      0.85      0.71       129
         133       0.38      0.60      0.46         5
         134       0.00      0.00      0.00         0
         136       0.40      1.00      0.57         2
         137       0.12      0.25      0.17         4
         138       0.55      0.44      0.49       263
         139       0.29      0.55      0.38        55
         140       0.00      0.00      0.00         1
         141       0.60      0.66      0.63       114
         142       0.49      0.70      0.57        47
         143       0.17      1.00      0.29         1
         144       0.50      0.83      0.62        12
         145       0.12      0.50      0.20         4
         146       0.86      0.86      0.86         7
         147       1.00      1.00      1.00         1
         148       0.50      1.00      0.67         1
         149       0.11      0.25      0.15        12
         150       0.00      0.00      0.00         1
         151       0.00      0.00      0.00         1
         152       0.62      0.77      0.69       326
         153       0.45      0.66      0.53        35
         154       0.00      0.00      0.00         2
         155       0.40      0.66      0.50        47
         156       0.15      0.43      0.22         7
         157       0.48      0.51      0.49        43
         158       0.35      0.51      0.42        43
         159       0.28      0.71      0.40         7
         160       0.33      0.33      0.33         3
         161       0.31      0.42      0.36        12
         162       0.48      0.70      0.57        20
         163       0.38      0.68      0.49        19
         164       0.45      0.79      0.58        19
         165       0.00      0.00      0.00         2
         166       0.40      0.67      0.50         3
         167       0.12      0.33      0.18         3
         168       0.56      0.24      0.34       184
         169       0.45      0.72      0.55        18
         170       0.55      0.75      0.64        28
         171       0.73      0.82      0.77        45
         172       0.78      1.00      0.88         7
         173       0.18      0.46      0.26        24
         174       0.51      0.68      0.58        69
         175       0.00      0.00      0.00         0
         176       0.00      0.00      0.00         2
         178       0.43      0.55      0.49        60
         179       0.60      0.56      0.58        16
         180       0.33      0.50      0.40         2
         181       0.55      0.53      0.54       110
         182       0.53      0.53      0.53        81
         183       0.33      0.54      0.41        28
         184       0.18      0.28      0.22        36
         185       0.56      0.27      0.37       241
         186       0.28      0.70      0.40        10
         187       0.91      0.92      0.92       186
         188       0.15      0.57      0.24         7
         189       0.44      0.70      0.54        23
         190       0.33      0.62      0.43        16
         191       0.14      0.27      0.18        15
         192       0.25      0.50      0.33         4
         193       0.46      0.55      0.50        56
         194       0.30      0.50      0.38         6
         195       0.50      0.83      0.62         6
         196       0.00      0.00      0.00         1
         197       1.00      0.80      0.89         5
         198       0.50      1.00      0.67         1
         199       0.49      0.89      0.63        19
         200       0.00      0.00      0.00         0
         201       1.00      1.00      1.00         1
         203       0.06      0.20      0.09         5
         204       0.33      1.00      0.50         1
         205       0.00      0.00      0.00         0
         206       0.24      0.68      0.36        22
         207       0.29      0.67      0.40         6
         208       0.30      0.56      0.39        36
         209       0.51      0.79      0.62        24
         210       0.40      1.00      0.57         2
         211       0.60      0.60      0.60         5
         212       0.83      1.00      0.91         5
         213       0.46      0.92      0.62        13
         214       0.57      0.78      0.66        46
         215       0.47      0.55      0.50        55
         216       0.00      0.00      0.00         1
         218       0.33      1.00      0.50         1
         219       0.00      0.00      0.00         1
         220       0.25      1.00      0.40         1
         221       0.14      0.33      0.20         3
         222       1.00      1.00      1.00         2
         223       0.67      0.64      0.66       115
         224       0.47      0.93      0.62        15
         225       0.29      0.48      0.36        25
         226       0.80      0.61      0.69       144
         227       0.36      0.71      0.48         7
         228       0.18      0.32      0.23        22
         229       0.39      0.71      0.50        24
         230       0.31      0.69      0.43        16
         231       0.00      0.00      0.00         1
         232       0.25      0.67      0.36         3
         233       0.00      0.00      0.00         2
         234       0.20      1.00      0.33         1
         235       0.33      1.00      0.50         1

    accuracy                           0.56      9977
   macro avg       0.36      0.55      0.42      9977
weighted avg       0.65      0.56      0.57      9977


--- Random embeddings + logreg (baseline) ---

Random+logreg — 10-fold CV results (train=39907, test=9977, head=logreg):
  accuracy : 0.2476 ± 0.0071
  f1_macro : 0.1347 ± 0.0116
  f1_weighted: 0.2694 ± 0.0060
  cv_time  : 125.9 s | fit_time: 573.0 s

Classification report (held-out test set):
              precision    recall  f1-score   support

           0       0.04      0.07      0.05        27
           1       0.04      0.14      0.07        14
           2       0.57      0.05      0.09       478
           3       0.12      0.50      0.20         2
           4       0.04      0.07      0.05        44
           5       0.14      0.25      0.18         4
           6       0.16      0.75      0.26         4
           7       0.00      0.00      0.00         1
           8       0.03      0.20      0.04         5
           9       0.02      0.14      0.03         7
          10       0.12      0.23      0.16        31
          11       0.00      0.00      0.00         1
          12       0.06      0.50      0.11         2
          13       0.08      0.50      0.14         2
          14       0.10      0.08      0.09        49
          15       0.10      0.62      0.18        13
          16       0.00      0.00      0.00         1
          17       0.00      0.00      0.00         2
          19       0.00      0.00      0.00         4
          20       0.50      0.29      0.37       168
          21       0.13      0.32      0.18        28
          22       0.00      0.00      0.00         7
          23       0.12      0.17      0.14        46
          24       0.11      0.03      0.04       117
          25       0.23      0.39      0.29        38
          26       0.27      0.01      0.02       426
          27       0.18      0.04      0.06       171
          28       0.08      0.21      0.12        34
          29       0.09      0.40      0.15         5
          30       0.07      0.25      0.11         4
          31       0.02      0.06      0.03        16
          32       0.06      0.11      0.08        36
          33       0.16      0.31      0.21        26
          34       0.05      0.38      0.09        13
          35       0.23      0.30      0.26        47
          36       0.00      0.00      0.00         1
          37       0.05      0.25      0.08        12
          39       0.13      0.33      0.19        15
          40       0.00      0.00      0.00         3
          41       0.00      0.00      0.00         3
          42       0.08      0.33      0.13         3
          43       0.20      1.00      0.33         1
          44       0.00      0.00      0.00         2
          45       0.06      0.33      0.10         3
          46       0.00      0.00      0.00         0
          47       0.00      0.00      0.00         1
          48       0.17      1.00      0.29         1
          49       0.27      0.09      0.13       158
          50       0.00      0.00      0.00         1
          51       0.03      0.12      0.04        17
          52       0.09      0.32      0.14        19
          53       0.00      0.00      0.00         1
          54       0.00      0.00      0.00         4
          55       0.10      0.50      0.17         2
          56       0.00      0.00      0.00         2
          57       0.00      0.00      0.00         1
          58       0.00      0.00      0.00         1
          59       0.00      0.00      0.00         0
          60       0.00      0.00      0.00         2
          61       0.08      0.35      0.13        17
          62       1.00      1.00      1.00         1
          63       0.11      0.43      0.17         7
          64       0.13      0.50      0.21         4
          65       0.20      1.00      0.33         2
          66       0.07      0.43      0.12         7
          67       0.27      0.05      0.09       156
          68       0.08      0.15      0.10        33
          69       0.14      0.50      0.22         2
          70       0.10      0.43      0.16        14
          71       0.22      0.67      0.33         9
          72       0.04      0.15      0.07        13
          73       0.02      0.09      0.03        11
          74       0.07      0.50      0.12         6
          75       0.00      0.00      0.00         1
          76       0.19      0.38      0.25        21
          77       0.11      0.18      0.14        34
          78       0.00      0.00      0.00         1
          79       0.00      0.00      0.00         1
          80       0.20      1.00      0.33         1
          81       0.17      0.19      0.18        43
          82       0.24      0.43      0.31        30
          83       0.00      0.00      0.00         1
          84       0.00      0.00      0.00         2
          85       0.00      0.00      0.00         2
          87       0.00      0.00      0.00         1
          88       0.06      0.18      0.09        17
          89       0.50      0.50      0.50         2
          90       1.00      1.00      1.00         1
          91       0.00      0.00      0.00         1
          92       0.11      0.36      0.17        14
          93       0.17      0.50      0.25         2
          94       0.19      0.50      0.27         6
          95       0.02      0.06      0.03        16
          96       0.03      0.12      0.04         8
          97       0.02      0.12      0.04         8
          98       0.12      0.50      0.19         6
          99       0.07      0.20      0.10         5
         100       0.00      0.00      0.00         3
         101       0.82      0.38      0.52       513
         102       0.21      0.49      0.30        35
         103       0.11      0.29      0.16        21
         104       0.30      0.43      0.35        14
         105       0.20      0.33      0.25         3
         106       0.17      0.50      0.25         6
         107       0.19      0.42      0.27        45
         108       0.00      0.00      0.00         3
         109       0.76      0.16      0.27       842
         110       0.10      0.29      0.15        21
         111       0.19      0.60      0.29        40
         112       0.00      0.00      0.00         2
         113       0.83      0.39      0.53      1301
         114       0.04      0.04      0.04       121
         115       0.07      1.00      0.14         4
         116       0.07      0.38      0.11        21
         117       0.73      0.19      0.30       404
         118       0.77      0.30      0.44       227
         119       0.00      0.00      0.00         1
         120       0.00      0.00      0.00         3
         121       0.55      0.31      0.39       195
         122       0.00      0.00      0.00         1
         123       0.08      0.36      0.13        14
         124       0.15      0.44      0.23         9
         125       0.27      0.56      0.37        43
         126       0.07      0.44      0.12         9
         127       0.38      0.46      0.42       120
         128       0.20      0.35      0.26       100
         129       0.00      0.00      0.00         2
         130       0.05      0.25      0.08         8
         131       0.28      0.51      0.36        51
         132       0.23      0.29      0.26       129
         133       0.08      0.40      0.13         5
         134       0.00      0.00      0.00         0
         136       0.00      0.00      0.00         2
         137       0.00      0.00      0.00         4
         138       0.26      0.04      0.07       263
         139       0.15      0.16      0.16        55
         140       0.00      0.00      0.00         1
         141       0.38      0.32      0.34       114
         142       0.11      0.23      0.15        47
         143       0.10      1.00      0.18         1
         144       0.05      0.25      0.08        12
         145       0.07      0.50      0.12         4
         146       0.04      0.14      0.06         7
         147       0.33      1.00      0.50         1
         148       1.00      1.00      1.00         1
         149       0.02      0.08      0.04        12
         150       0.00      0.00      0.00         1
         151       0.00      0.00      0.00         1
         152       0.46      0.56      0.50       326
         153       0.17      0.26      0.20        35
         154       0.00      0.00      0.00         2
         155       0.18      0.28      0.21        47
         156       0.06      0.29      0.10         7
         157       0.15      0.19      0.17        43
         158       0.17      0.23      0.19        43
         159       0.03      0.14      0.05         7
         160       0.00      0.00      0.00         3
         161       0.05      0.17      0.08        12
         162       0.06      0.20      0.09        20
         163       0.15      0.53      0.23        19
         164       0.09      0.32      0.14        19
         165       0.00      0.00      0.00         2
         166       0.11      0.33      0.17         3
         167       0.00      0.00      0.00         3
         168       0.18      0.02      0.04       184
         169       0.14      0.28      0.18        18
         170       0.18      0.25      0.21        28
         171       0.31      0.31      0.31        45
         172       0.29      0.57      0.38         7
         173       0.07      0.08      0.08        24
         174       0.33      0.38      0.35        69
         176       0.00      0.00      0.00         2
         177       0.00      0.00      0.00         0
         178       0.28      0.22      0.24        60
         179       0.11      0.25      0.15        16
         180       0.00      0.00      0.00         2
         181       0.25      0.12      0.16       110
         182       0.15      0.07      0.10        81
         183       0.12      0.32      0.17        28
         184       0.05      0.11      0.07        36
         185       0.41      0.06      0.11       241
         186       0.05      0.30      0.08        10
         187       0.58      0.65      0.61       186
         188       0.06      0.43      0.10         7
         189       0.09      0.22      0.13        23
         190       0.08      0.25      0.12        16
         191       0.01      0.07      0.02        15
         192       0.00      0.00      0.00         4
         193       0.21      0.16      0.18        56
         194       0.00      0.00      0.00         6
         195       0.04      0.33      0.08         6
         196       0.00      0.00      0.00         1
         197       0.20      0.40      0.27         5
         198       0.00      0.00      0.00         1
         199       0.26      0.63      0.36        19
         200       0.00      0.00      0.00         0
         201       1.00      1.00      1.00         1
         203       0.00      0.00      0.00         5
         204       0.25      1.00      0.40         1
         205       0.00      0.00      0.00         0
         206       0.14      0.36      0.20        22
         207       0.10      0.33      0.15         6
         208       0.09      0.33      0.15        36
         209       0.18      0.50      0.27        24
         210       0.00      0.00      0.00         2
         211       0.14      0.40      0.21         5
         212       0.36      0.80      0.50         5
         213       0.06      0.38      0.11        13
         214       0.13      0.30      0.18        46
         215       0.08      0.11      0.09        55
         216       0.00      0.00      0.00         1
         218       0.00      0.00      0.00         1
         219       0.00      0.00      0.00         1
         220       0.00      0.00      0.00         1
         221       0.14      0.33      0.20         3
         222       0.09      0.50      0.15         2
         223       0.25      0.36      0.29       115
         224       0.04      0.20      0.07        15
         225       0.14      0.20      0.16        25
         226       0.51      0.27      0.35       144
         227       0.13      0.71      0.22         7
         228       0.00      0.00      0.00        22
         229       0.09      0.25      0.13        24
         230       0.05      0.19      0.08        16
         231       0.00      0.00      0.00         1
         232       0.07      0.67      0.13         3
         233       0.00      0.00      0.00         2
         234       0.20      1.00      0.33         1
         235       0.00      0.00      0.00         1

    accuracy                           0.25      9977
   macro avg       0.14      0.26      0.15      9977
weighted avg       0.44      0.25      0.27      9977


--- Pretrained embeddings + mlp ---

Pretrained+mlp — 10-fold CV results (train=39907, test=9977, head=mlp):
  accuracy : 0.6986 ± 0.0065
  f1_macro : 0.4279 ± 0.0200
  f1_weighted: 0.6904 ± 0.0058
  cv_time  : 39.3 s | fit_time: 44.6 s

Classification report (held-out test set):
              precision    recall  f1-score   support

           0       0.32      0.22      0.26        27
           1       0.60      0.43      0.50        14
           2       0.71      0.72      0.72       478
           3       0.25      0.50      0.33         2
           4       0.40      0.52      0.46        44
           5       1.00      0.25      0.40         4
           6       0.50      0.50      0.50         4
           7       0.00      0.00      0.00         1
           8       0.60      0.60      0.60         5
           9       0.20      0.14      0.17         7
          10       0.36      0.29      0.32        31
          11       0.00      0.00      0.00         1
          12       1.00      0.50      0.67         2
          13       0.50      0.50      0.50         2
          14       0.55      0.47      0.51        49
          15       0.43      0.77      0.56        13
          16       0.50      1.00      0.67         1
          17       0.00      0.00      0.00         2
          19       0.00      0.00      0.00         4
          20       0.71      0.80      0.75       168
          21       0.30      0.25      0.27        28
          22       0.00      0.00      0.00         7
          23       0.42      0.33      0.37        46
          24       0.48      0.46      0.47       117
          25       0.78      0.55      0.65        38
          26       0.55      0.62      0.58       426
          27       0.42      0.36      0.39       171
          28       0.39      0.41      0.40        34
          29       0.50      0.60      0.55         5
          30       0.33      0.25      0.29         4
          31       0.25      0.19      0.21        16
          32       0.35      0.47      0.40        36
          33       0.69      0.35      0.46        26
          34       0.56      0.38      0.45        13
          35       0.60      0.51      0.55        47
          36       0.00      0.00      0.00         1
          37       0.45      0.42      0.43        12
          39       0.33      0.33      0.33        15
          40       0.33      0.33      0.33         3
          41       0.50      0.67      0.57         3
          42       1.00      0.67      0.80         3
          43       0.00      0.00      0.00         1
          44       0.00      0.00      0.00         2
          45       0.67      0.67      0.67         3
          47       1.00      1.00      1.00         1
          48       1.00      1.00      1.00         1
          49       0.76      0.61      0.68       158
          50       0.00      0.00      0.00         1
          51       0.19      0.24      0.21        17
          52       0.43      0.68      0.53        19
          53       1.00      1.00      1.00         1
          54       0.33      0.50      0.40         4
          55       0.67      1.00      0.80         2
          56       0.33      0.50      0.40         2
          57       0.00      0.00      0.00         1
          58       0.00      0.00      0.00         1
          60       0.00      0.00      0.00         2
          61       0.56      0.53      0.55        17
          62       0.00      0.00      0.00         1
          63       0.50      0.29      0.36         7
          64       0.50      0.50      0.50         4
          65       0.00      0.00      0.00         2
          66       0.18      0.29      0.22         7
          67       0.56      0.58      0.57       156
          68       0.61      0.61      0.61        33
          69       0.50      1.00      0.67         2
          70       0.61      0.79      0.69        14
          71       1.00      0.89      0.94         9
          72       0.67      0.31      0.42        13
          73       0.47      0.64      0.54        11
          74       1.00      0.67      0.80         6
          75       1.00      1.00      1.00         1
          76       0.67      0.38      0.48        21
          77       0.52      0.44      0.48        34
          78       0.00      0.00      0.00         1
          79       0.00      0.00      0.00         1
          80       1.00      1.00      1.00         1
          81       0.55      0.56      0.55        43
          82       0.57      0.40      0.47        30
          83       1.00      1.00      1.00         1
          84       0.00      0.00      0.00         2
          85       0.00      0.00      0.00         2
          86       0.00      0.00      0.00         0
          87       1.00      1.00      1.00         1
          88       0.39      0.41      0.40        17
          89       1.00      0.50      0.67         2
          90       1.00      1.00      1.00         1
          91       0.00      0.00      0.00         1
          92       0.42      0.57      0.48        14
          93       1.00      1.00      1.00         2
          94       0.25      0.17      0.20         6
          95       0.37      0.44      0.40        16
          96       0.57      0.50      0.53         8
          97       0.38      0.38      0.38         8
          98       0.86      1.00      0.92         6
          99       0.67      0.40      0.50         5
         100       0.00      0.00      0.00         3
         101       0.88      0.89      0.88       513
         102       0.72      0.60      0.66        35
         103       0.67      0.57      0.62        21
         104       0.85      0.79      0.81        14
         105       1.00      1.00      1.00         3
         106       1.00      1.00      1.00         6
         107       0.58      0.67      0.62        45
         108       0.00      0.00      0.00         3
         109       0.81      0.87      0.84       842
         110       0.62      0.48      0.54        21
         111       0.85      0.72      0.78        40
         112       0.50      0.50      0.50         2
         113       0.92      0.94      0.93      1301
         114       0.68      0.65      0.67       121
         115       0.18      0.50      0.27         4
         116       0.52      0.52      0.52        21
         117       0.80      0.79      0.79       404
         118       0.83      0.90      0.86       227
         119       0.00      0.00      0.00         1
         120       0.00      0.00      0.00         3
         121       0.74      0.75      0.75       195
         122       0.00      0.00      0.00         1
         123       0.18      0.43      0.26        14
         124       0.82      1.00      0.90         9
         125       0.73      0.93      0.82        43
         126       0.50      0.22      0.31         9
         127       0.88      0.68      0.77       120
         128       0.89      0.71      0.79       100
         129       0.00      0.00      0.00         2
         130       0.27      0.38      0.32         8
         131       0.88      0.86      0.87        51
         132       0.90      0.71      0.79       129
         133       0.50      0.60      0.55         5
         136       1.00      0.50      0.67         2
         137       0.00      0.00      0.00         4
         138       0.69      0.63      0.66       263
         139       0.36      0.33      0.34        55
         140       0.00      0.00      0.00         1
         141       0.72      0.61      0.66       114
         142       0.50      0.74      0.60        47
         143       0.00      0.00      0.00         1
         144       0.71      0.83      0.77        12
         145       0.33      0.25      0.29         4
         146       1.00      0.57      0.73         7
         147       1.00      1.00      1.00         1
         148       0.00      0.00      0.00         1
         149       0.33      0.25      0.29        12
         150       0.00      0.00      0.00         1
         151       0.00      0.00      0.00         1
         152       0.81      0.80      0.81       326
         153       0.68      0.66      0.67        35
         154       0.00      0.00      0.00         2
         155       0.65      0.74      0.69        47
         156       0.00      0.00      0.00         7
         157       0.41      0.72      0.53        43
         158       0.50      0.44      0.47        43
         159       0.43      0.43      0.43         7
         160       1.00      0.33      0.50         3
         161       0.43      0.25      0.32        12
         162       0.39      0.55      0.46        20
         163       0.62      0.68      0.65        19
         164       0.59      0.53      0.56        19
         165       0.00      0.00      0.00         2
         166       0.67      0.67      0.67         3
         167       1.00      0.33      0.50         3
         168       0.49      0.62      0.55       184
         169       0.85      0.61      0.71        18
         170       0.57      0.46      0.51        28
         171       0.58      0.73      0.65        45
         172       1.00      1.00      1.00         7
         173       0.35      0.62      0.45        24
         174       0.60      0.83      0.70        69
         176       0.00      0.00      0.00         2
         178       0.64      0.68      0.66        60
         179       0.47      0.44      0.45        16
         180       0.00      0.00      0.00         2
         181       0.59      0.55      0.57       110
         182       0.62      0.46      0.52        81
         183       0.67      0.43      0.52        28
         184       0.35      0.39      0.37        36
         185       0.67      0.69      0.68       241
         186       0.57      0.40      0.47        10
         187       0.90      0.92      0.91       186
         188       0.67      0.57      0.62         7
         189       0.64      0.61      0.62        23
         190       0.59      0.62      0.61        16
         191       0.50      0.20      0.29        15
         192       0.50      0.25      0.33         4
         193       0.53      0.46      0.50        56
         194       0.13      0.33      0.19         6
         195       1.00      0.17      0.29         6
         196       0.00      0.00      0.00         1
         197       1.00      0.80      0.89         5
         198       0.50      1.00      0.67         1
         199       0.61      0.89      0.72        19
         201       1.00      1.00      1.00         1
         203       0.50      0.20      0.29         5
         204       0.00      0.00      0.00         1
         206       0.40      0.18      0.25        22
         207       0.80      0.67      0.73         6
         208       0.50      0.44      0.47        36
         209       0.83      0.83      0.83        24
         210       1.00      1.00      1.00         2
         211       0.50      0.40      0.44         5
         212       1.00      1.00      1.00         5
         213       0.67      0.62      0.64        13
         214       0.76      0.74      0.75        46
         215       0.65      0.67      0.66        55
         216       0.00      0.00      0.00         1
         218       1.00      1.00      1.00         1
         219       0.00      0.00      0.00         1
         220       0.00      0.00      0.00         1
         221       1.00      0.33      0.50         3
         222       1.00      0.50      0.67         2
         223       0.76      0.64      0.69       115
         224       0.57      0.80      0.67        15
         225       0.64      0.28      0.39        25
         226       0.82      0.63      0.71       144
         227       0.50      0.57      0.53         7
         228       0.29      0.18      0.22        22
         229       0.55      0.71      0.62        24
         230       0.36      0.56      0.44        16
         231       0.00      0.00      0.00         1
         232       0.33      0.67      0.44         3
         233       0.00      0.00      0.00         2
         234       0.00      0.00      0.00         1
         235       0.00      0.00      0.00         1

    accuracy                           0.71      9977
   macro avg       0.50      0.47      0.47      9977
weighted avg       0.71      0.71      0.70      9977


--- Random embeddings + mlp (baseline) ---

Random+mlp — 10-fold CV results (train=39907, test=9977, head=mlp):
  accuracy : 0.4832 ± 0.0072
  f1_macro : 0.2023 ± 0.0127
  f1_weighted: 0.4685 ± 0.0058
  cv_time  : 36.1 s | fit_time: 26.3 s

Classification report (held-out test set):
              precision    recall  f1-score   support

           0       0.14      0.11      0.12        27
           1       0.11      0.07      0.09        14
           2       0.47      0.41      0.44       478
           3       0.00      0.00      0.00         2
           4       0.22      0.18      0.20        44
           5       0.00      0.00      0.00         4
           6       0.50      0.75      0.60         4
           7       0.00      0.00      0.00         1
           8       0.00      0.00      0.00         5
           9       0.00      0.00      0.00         7
          10       0.20      0.16      0.18        31
          11       0.00      0.00      0.00         1
          12       0.00      0.00      0.00         2
          13       1.00      0.50      0.67         2
          14       0.29      0.16      0.21        49
          15       0.42      0.38      0.40        13
          16       0.00      0.00      0.00         1
          17       0.00      0.00      0.00         2
          19       0.00      0.00      0.00         4
          20       0.55      0.50      0.52       168
          21       0.24      0.18      0.20        28
          22       0.00      0.00      0.00         7
          23       0.15      0.09      0.11        46
          24       0.20      0.12      0.15       117
          25       0.25      0.29      0.27        38
          26       0.28      0.52      0.37       426
          27       0.17      0.13      0.15       171
          28       0.14      0.18      0.16        34
          29       0.33      0.20      0.25         5
          30       0.14      0.25      0.18         4
          31       0.11      0.06      0.08        16
          32       0.08      0.06      0.07        36
          33       0.25      0.15      0.19        26
          34       0.43      0.23      0.30        13
          35       0.23      0.26      0.24        47
          36       0.00      0.00      0.00         1
          37       0.11      0.08      0.10        12
          39       0.25      0.53      0.34        15
          40       0.00      0.00      0.00         3
          41       0.00      0.00      0.00         3
          42       0.00      0.00      0.00         3
          43       0.00      0.00      0.00         1
          44       0.00      0.00      0.00         2
          45       0.50      0.33      0.40         3
          47       0.00      0.00      0.00         1
          48       1.00      1.00      1.00         1
          49       0.39      0.32      0.35       158
          50       0.00      0.00      0.00         1
          51       0.11      0.06      0.08        17
          52       0.43      0.32      0.36        19
          53       0.00      0.00      0.00         1
          54       0.00      0.00      0.00         4
          55       0.50      0.50      0.50         2
          56       0.50      0.50      0.50         2
          57       0.00      0.00      0.00         1
          58       0.00      0.00      0.00         1
          60       0.00      0.00      0.00         2
          61       0.20      0.29      0.24        17
          62       0.00      0.00      0.00         1
          63       0.20      0.14      0.17         7
          64       0.50      0.25      0.33         4
          65       0.00      0.00      0.00         2
          66       0.08      0.14      0.11         7
          67       0.23      0.28      0.25       156
          68       0.25      0.18      0.21        33
          69       0.00      0.00      0.00         2
          70       0.46      0.43      0.44        14
          71       0.43      0.33      0.38         9
          72       0.29      0.15      0.20        13
          73       1.00      0.27      0.43        11
          74       0.25      0.33      0.29         6
          75       0.00      0.00      0.00         1
          76       0.26      0.33      0.29        21
          77       0.33      0.15      0.20        34
          78       0.00      0.00      0.00         1
          79       0.00      0.00      0.00         1
          80       0.00      0.00      0.00         1
          81       0.14      0.05      0.07        43
          82       0.44      0.40      0.42        30
          83       0.00      0.00      0.00         1
          84       0.00      0.00      0.00         2
          85       0.00      0.00      0.00         2
          87       0.00      0.00      0.00         1
          88       0.14      0.06      0.08        17
          89       0.50      0.50      0.50         2
          90       1.00      1.00      1.00         1
          91       0.00      0.00      0.00         1
          92       0.10      0.07      0.08        14
          93       1.00      0.50      0.67         2
          94       0.00      0.00      0.00         6
          95       0.18      0.12      0.15        16
          96       0.00      0.00      0.00         8
          97       0.33      0.25      0.29         8
          98       0.00      0.00      0.00         6
          99       0.00      0.00      0.00         5
         100       0.00      0.00      0.00         3
         101       0.73      0.66      0.69       513
         102       0.29      0.29      0.29        35
         103       0.26      0.29      0.27        21
         104       0.43      0.43      0.43        14
         105       0.50      0.33      0.40         3
         106       1.00      0.50      0.67         6
         107       0.52      0.33      0.41        45
         108       0.00      0.00      0.00         3
         109       0.65      0.73      0.69       842
         110       0.00      0.00      0.00        21
         111       0.71      0.42      0.53        40
         112       0.00      0.00      0.00         2
         113       0.77      0.91      0.84      1301
         114       0.46      0.24      0.32       121
         115       1.00      0.50      0.67         4
         116       0.50      0.14      0.22        21
         117       0.57      0.60      0.58       404
         118       0.61      0.65      0.63       227
         119       0.00      0.00      0.00         1
         120       0.00      0.00      0.00         3
         121       0.55      0.48      0.52       195
         122       0.00      0.00      0.00         1
         123       0.14      0.29      0.19        14
         124       0.75      0.33      0.46         9
         125       0.42      0.49      0.45        43
         126       0.25      0.22      0.24         9
         127       0.54      0.64      0.59       120
         128       0.66      0.31      0.42       100
         129       0.00      0.00      0.00         2
         130       0.00      0.00      0.00         8
         131       0.63      0.57      0.60        51
         132       0.65      0.47      0.54       129
         133       0.00      0.00      0.00         5
         136       0.00      0.00      0.00         2
         137       0.00      0.00      0.00         4
         138       0.33      0.32      0.33       263
         139       0.16      0.09      0.12        55
         140       0.00      0.00      0.00         1
         141       0.46      0.42      0.44       114
         142       0.31      0.32      0.32        47
         143       1.00      1.00      1.00         1
         144       0.43      0.25      0.32        12
         145       0.00      0.00      0.00         4
         146       0.00      0.00      0.00         7
         147       0.00      0.00      0.00         1
         148       0.00      0.00      0.00         1
         149       0.33      0.08      0.13        12
         150       0.00      0.00      0.00         1
         151       0.00      0.00      0.00         1
         152       0.55      0.61      0.58       326
         153       0.26      0.29      0.27        35
         154       0.00      0.00      0.00         2
         155       0.46      0.38      0.42        47
         156       0.50      0.14      0.22         7
         157       0.31      0.26      0.28        43
         158       0.17      0.16      0.16        43
         159       0.14      0.14      0.14         7
         160       1.00      0.33      0.50         3
         161       0.25      0.25      0.25        12
         162       0.12      0.15      0.13        20
         163       0.41      0.37      0.39        19
         164       0.18      0.26      0.21        19
         165       0.00      0.00      0.00         2
         166       0.00      0.00      0.00         3
         167       0.00      0.00      0.00         3
         168       0.25      0.19      0.22       184
         169       0.33      0.28      0.30        18
         170       0.29      0.25      0.27        28
         171       0.33      0.36      0.34        45
         172       0.50      0.14      0.22         7
         173       0.16      0.12      0.14        24
         174       0.44      0.39      0.41        69
         176       0.00      0.00      0.00         2
         178       0.59      0.28      0.38        60
         179       0.50      0.19      0.27        16
         180       0.00      0.00      0.00         2
         181       0.19      0.39      0.26       110
         182       0.21      0.17      0.19        81
         183       0.25      0.18      0.21        28
         184       0.14      0.06      0.08        36
         185       0.26      0.24      0.25       241
         186       0.12      0.10      0.11        10
         187       0.80      0.76      0.78       186
         188       0.50      0.29      0.36         7
         189       0.17      0.22      0.19        23
         190       0.11      0.06      0.08        16
         191       0.20      0.27      0.23        15
         192       0.00      0.00      0.00         4
         193       0.24      0.23      0.23        56
         194       0.00      0.00      0.00         6
         195       0.00      0.00      0.00         6
         196       0.00      0.00      0.00         1
         197       0.50      0.20      0.29         5
         198       0.00      0.00      0.00         1
         199       0.32      0.37      0.34        19
         200       0.00      0.00      0.00         0
         201       0.00      0.00      0.00         1
         203       0.00      0.00      0.00         5
         204       0.00      0.00      0.00         1
         206       0.29      0.09      0.14        22
         207       0.00      0.00      0.00         6
         208       0.16      0.14      0.15        36
         209       0.39      0.50      0.44        24
         210       0.33      0.50      0.40         2
         211       0.40      0.40      0.40         5
         212       0.71      1.00      0.83         5
         213       0.14      0.15      0.15        13
         214       0.26      0.39      0.31        46
         215       0.27      0.36      0.31        55
         216       0.00      0.00      0.00         1
         218       0.00      0.00      0.00         1
         219       0.00      0.00      0.00         1
         220       0.00      0.00      0.00         1
         221       0.33      0.33      0.33         3
         222       0.50      0.50      0.50         2
         223       0.45      0.44      0.45       115
         224       0.27      0.20      0.23        15
         225       0.00      0.00      0.00        25
         226       0.48      0.57      0.52       144
         227       0.27      0.43      0.33         7
         228       0.07      0.05      0.06        22
         229       0.19      0.17      0.18        24
         230       0.00      0.00      0.00        16
         231       0.00      0.00      0.00         1
         232       0.33      0.33      0.33         3
         233       0.00      0.00      0.00         2
         234       0.00      0.00      0.00         1
         235       0.33      1.00      0.50         1

    accuracy                           0.48      9977
   macro avg       0.24      0.20      0.21      9977
weighted avg       0.47      0.48      0.47      9977

Results written to results/ec_classifier_20260429_105742.json
Loaded environment from results/ec_classifier_20260429_105742_env.json
Figure saved to results/ec_classifier_20260429_105742_report.pdf
Report written to results/ec_classifier_20260429_105742_report.md
