Loading labelled SMARTS (EC depth=2)...
EC map built: 214007 labelled SMARTS
After join with validated set: 214007 SMARTS with EC labels
Dropping 5 rare classes (<10 samples): ['1.9', '3.12', '4', '7.1', '7.3']
Class distribution:
label
2.4     31018
1.14    20972
2.3     19380
2.1     12511
1.1     11962
3.1     10897
2.7     10557
4.2      9504
2.5      8629
3.2      7750
3.5      6613
4.1      5472
1.3      5375
6.3      5095
2.6      4934
1.13     4408
1.2      4400
2.8      4137
3.4      3854
6.2      2469
5.3      1905
1.5      1725
3.6      1548
5.4      1508
1.11     1374
3.7      1276
1.4      1249
4.3      1243
4.4      1210
5.5      1168
3.3      1064
2.2       964
1.17      936
1.8       824
1.10      759
1.21      595
1         571
1.7       523
1.6       465
4.99      417
3.8       352
6.4       343
3.13      268
6.1       166
5.1       149
1.23      141
4.6       140
4.5       135
2.10      128
1.97      109
4.8       106
1.12       80
6.6        70
2          56
7.2        50
3          48
1.20       42
3.9        42
6.7        38
1.16       32
3.11       26
6          26
1.18       24
4.98       23
5.2        22
3.10       19
5.6        19
4.7        17
6.5        16
5          12
7.6        12
5.99       10
Sampled 49962 SMARTS (stratified)
Labels: ['1', '1.1', '1.10', '1.11', '1.12', '1.13', '1.14', '1.16', '1.17', '1.18', '1.2', '1.20', '1.21', '1.23', '1.3', '1.4', '1.5', '1.6', '1.7', '1.8', '1.97', '2', '2.1', '2.10', '2.2', '2.3', '2.4', '2.5', '2.6', '2.7', '2.8', '3', '3.1', '3.10', '3.11', '3.13', '3.2', '3.3', '3.4', '3.5', '3.6', '3.7', '3.8', '3.9', '4.1', '4.2', '4.3', '4.4', '4.5', '4.6', '4.7', '4.8', '4.98', '4.99', '5', '5.1', '5.2', '5.3', '5.4', '5.5', '5.6', '5.99', '6', '6.1', '6.2', '6.3', '6.4', '6.5', '6.6', '6.7', '7.2', '7.6']
Train: 39969 samples | Test: 9993 samples (stratified 80/20)

--- SmartsTokenizer ---

SmartsTokenizer — 10-fold CV results (train=39969, test=9993):
  accuracy : 0.3979 ± 0.0059
  f1_macro : 0.2373 ± 0.0167
  f1_weighted: 0.4216 ± 0.0070
  cv_time  : 15.7 s | fit_time: 29.2 s

Classification report (held-out test set):
              precision    recall  f1-score   support

           0       0.07      0.41      0.12        27
           1       0.53      0.18      0.27       559
           2       0.04      0.23      0.07        35
           3       0.08      0.19      0.11        64
           4       0.00      0.00      0.00         4
           5       0.39      0.36      0.37       206
           6       0.68      0.09      0.16       980
           7       1.00      1.00      1.00         1
           8       0.11      0.36      0.16        44
           9       0.00      0.00      0.00         1
          10       0.27      0.25      0.26       206
          11       0.00      0.00      0.00         2
          12       0.08      0.57      0.14        28
          13       0.01      0.17      0.03         6
          14       0.34      0.18      0.23       251
          15       0.24      0.55      0.33        58
          16       0.19      0.41      0.26        81
          17       0.14      0.59      0.23        22
          18       0.08      0.46      0.14        24
          19       0.21      0.53      0.30        38
          20       0.03      0.20      0.05         5
          21       0.08      0.67      0.14         3
          22       0.78      0.51      0.62       585
          23       0.31      0.83      0.45         6
          24       0.17      0.73      0.27        45
          25       0.77      0.38      0.51       906
          26       0.85      0.69      0.76      1450
          27       0.63      0.42      0.50       403
          28       0.62      0.73      0.67       231
          29       0.63      0.49      0.55       493
          30       0.42      0.46      0.44       193
          31       0.00      0.00      0.00         2
          32       0.55      0.14      0.22       509
          33       0.50      1.00      0.67         1
          34       0.07      1.00      0.13         1
          35       0.04      0.25      0.07        12
          36       0.50      0.67      0.57       362
          37       0.16      0.54      0.25        50
          38       0.46      0.64      0.54       180
          39       0.51      0.25      0.34       309
          40       0.17      0.57      0.26        72
          41       0.12      0.38      0.19        60
          42       0.28      0.69      0.40        16
          43       0.18      1.00      0.31         2
          44       0.22      0.06      0.09       256
          45       0.68      0.36      0.47       444
          46       0.14      0.24      0.18        58
          47       0.18      0.36      0.24        56
          48       0.00      0.00      0.00         6
          49       0.00      0.00      0.00         6
          50       1.00      1.00      1.00         1
          51       0.15      1.00      0.26         5
          52       0.00      0.00      0.00         1
          53       0.19      0.84      0.31        19
          54       0.00      0.00      0.00         0
          55       0.00      0.00      0.00         7
          56       0.06      1.00      0.11         1
          57       0.13      0.38      0.19        89
          58       0.09      0.24      0.13        70
          59       0.12      0.54      0.20        54
          60       0.00      0.00      0.00         1
          61       0.00      0.00      0.00         0
          62       0.00      0.00      0.00         1
          63       0.04      0.38      0.07         8
          64       0.20      0.71      0.32       115
          65       0.51      0.40      0.45       238
          66       0.06      0.50      0.11        16
          67       0.00      0.00      0.00         1
          68       0.06      0.33      0.11         3
          69       1.00      0.50      0.67         2
          70       0.03      0.50      0.06         2
          71       0.00      0.00      0.00         0

    accuracy                           0.40      9993
   macro avg       0.25      0.40      0.25      9993
weighted avg       0.57      0.40      0.43      9993

Note: classes with very few samples (e.g. EC class 7, n=0) are expected to score 0 — insufficient data, not a model failure.

--- SentencePieceTokenizer (data/processed/sp_tokenizer.model) ---

SentencePieceTokenizer — 10-fold CV results (train=39969, test=9993):
  accuracy : 0.4617 ± 0.0083
  f1_macro : 0.2918 ± 0.0233
  f1_weighted: 0.4867 ± 0.0087
  cv_time  : 16.8 s | fit_time: 37.0 s

Classification report (held-out test set):
              precision    recall  f1-score   support

           0       0.04      0.19      0.06        27
           1       0.58      0.28      0.37       559
           2       0.08      0.37      0.13        35
           3       0.14      0.28      0.19        64
           4       0.07      0.25      0.11         4
           5       0.45      0.52      0.48       206
           6       0.73      0.20      0.32       980
           7       1.00      1.00      1.00         1
           8       0.10      0.41      0.16        44
           9       0.50      1.00      0.67         1
          10       0.31      0.29      0.30       206
          11       0.33      0.50      0.40         2
          12       0.11      0.54      0.19        28
          13       0.14      0.50      0.21         6
          14       0.36      0.21      0.27       251
          15       0.18      0.50      0.26        58
          16       0.20      0.40      0.26        81
          17       0.18      0.59      0.28        22
          18       0.12      0.54      0.19        24
          19       0.17      0.53      0.26        38
          20       0.03      0.20      0.06         5
          21       0.17      0.67      0.27         3
          22       0.78      0.57      0.66       585
          23       0.50      1.00      0.67         6
          24       0.23      0.76      0.36        45
          25       0.79      0.43      0.56       906
          26       0.89      0.71      0.79      1450
          27       0.75      0.51      0.61       403
          28       0.59      0.72      0.65       231
          29       0.62      0.49      0.55       493
          30       0.45      0.56      0.50       193
          31       0.00      0.00      0.00         2
          32       0.64      0.20      0.31       509
          33       0.25      1.00      0.40         1
          34       0.12      1.00      0.22         1
          35       0.06      0.33      0.11        12
          36       0.50      0.72      0.59       362
          37       0.22      0.64      0.32        50
          38       0.46      0.66      0.54       180
          39       0.44      0.27      0.33       309
          40       0.17      0.61      0.27        72
          41       0.17      0.50      0.26        60
          42       0.29      0.56      0.38        16
          43       0.17      0.50      0.25         2
          44       0.36      0.17      0.23       256
          45       0.71      0.41      0.52       444
          46       0.22      0.53      0.31        58
          47       0.23      0.50      0.31        56
          48       0.15      0.67      0.24         6
          49       0.03      0.17      0.05         6
          50       0.00      0.00      0.00         1
          51       0.25      1.00      0.40         5
          52       0.00      0.00      0.00         1
          53       0.28      0.95      0.43        19
          54       0.00      0.00      0.00         0
          55       0.00      0.00      0.00         7
          56       0.14      1.00      0.25         1
          57       0.17      0.36      0.23        89
          58       0.14      0.40      0.20        70
          59       0.21      0.65      0.32        54
          60       0.00      0.00      0.00         1
          61       0.00      0.00      0.00         0
          62       0.00      0.00      0.00         1
          63       0.06      0.38      0.10         8
          64       0.24      0.71      0.35       115
          65       0.56      0.46      0.50       238
          66       0.08      0.38      0.14        16
          67       0.00      0.00      0.00         1
          68       0.10      0.67      0.17         3
          69       0.67      1.00      0.80         2
          70       0.07      0.50      0.12         2
          71       0.00      0.00      0.00         0

    accuracy                           0.46      9993
   macro avg       0.27      0.47      0.30      9993
weighted avg       0.61      0.46      0.49      9993

Note: classes with very few samples (e.g. EC class 7, n=0) are expected to score 0 — insufficient data, not a model failure.

--- Extracting pretrained embeddings (pooling=mean) ---
Loaded pretrained weights from models/smarts_transformer_20260428_160310.pt (d_model=256, layers=6)
SMARTSDataset: 49962 sequences | max_length=512 | avg_len=116.9 | vocab_size=4465
/projects/F202508983CPCAA0/jcorreia/work/smartrxn_env/lib/python3.12/site-packages/torch/nn/modules/transformer.py:508: UserWarning: The PyTorch API of nested tensors is in prototype stage and will change in the near future. We recommend specifying layout=torch.jagged when constructing a nested tensor, as this layout receives active development, has better operator coverage, and works with torch.compile. (Triggered internally at /pytorch/aten/src/ATen/NestedTensorImpl.cpp:178.)
  output = torch._nested_tensor_from_mask(
Extracted 49962 embeddings | dim=256 | pooling=mean | device=cuda
Embedding extraction (pretrained): 19.9 s for 49962 sequences

--- Extracting random-init embeddings (baseline) ---
Using randomly initialized model (d_model=256, layers=6) — baseline
SMARTSDataset: 49962 sequences | max_length=512 | avg_len=116.9 | vocab_size=4465
Extracted 49962 embeddings | dim=256 | pooling=mean | device=cuda
Embedding extraction (random-init): 16.1 s for 49962 sequences

--- Pretrained embeddings + logreg ---

Pretrained+logreg — 10-fold CV results (train=39969, test=9993, head=logreg):
  accuracy : 0.6182 ± 0.0090
  f1_macro : 0.4371 ± 0.0235
  f1_weighted: 0.6353 ± 0.0079
  cv_time  : 87.4 s | fit_time: 313.4 s

Classification report (held-out test set):
              precision    recall  f1-score   support

           0       0.09      0.33      0.14        27
           1       0.72      0.45      0.55       559
           2       0.14      0.43      0.21        35
           3       0.21      0.52      0.30        64
           4       0.40      0.50      0.44         4
           5       0.55      0.57      0.56       206
           6       0.83      0.41      0.55       980
           7       0.00      0.00      0.00         1
           8       0.13      0.36      0.19        44
           9       0.00      0.00      0.00         1
          10       0.50      0.49      0.49       206
          11       0.00      0.00      0.00         2
          12       0.16      0.50      0.25        28
          13       0.50      0.83      0.62         6
          14       0.52      0.45      0.48       251
          15       0.33      0.66      0.44        58
          16       0.35      0.62      0.44        81
          17       0.24      0.55      0.33        22
          18       0.24      0.50      0.33        24
          19       0.28      0.66      0.39        38
          20       0.14      0.20      0.17         5
          21       0.17      0.33      0.22         3
          22       0.83      0.77      0.80       585
          23       0.46      1.00      0.63         6
          24       0.40      0.82      0.54        45
          25       0.85      0.68      0.76       906
          26       0.92      0.79      0.85      1450
          27       0.72      0.63      0.68       403
          28       0.79      0.88      0.83       231
          29       0.71      0.69      0.70       493
          30       0.59      0.76      0.66       193
          31       0.11      0.50      0.18         2
          32       0.62      0.44      0.51       509
          33       0.50      1.00      0.67         1
          34       0.25      1.00      0.40         1
          35       0.22      0.67      0.33        12
          36       0.62      0.81      0.70       362
          37       0.27      0.66      0.38        50
          38       0.62      0.73      0.67       180
          39       0.49      0.39      0.44       309
          40       0.29      0.72      0.42        72
          41       0.37      0.70      0.48        60
          42       0.54      0.81      0.65        16
          43       0.67      1.00      0.80         2
          44       0.44      0.40      0.42       256
          45       0.79      0.52      0.63       444
          46       0.24      0.57      0.34        58
          47       0.33      0.61      0.42        56
          48       0.43      0.50      0.46         6
          49       0.21      0.50      0.30         6
          50       0.00      0.00      0.00         1
          51       0.44      0.80      0.57         5
          52       0.00      0.00      0.00         1
          53       0.52      0.74      0.61        19
          54       0.00      0.00      0.00         0
          55       0.08      0.14      0.10         7
          56       0.25      1.00      0.40         1
          57       0.29      0.52      0.37        89
          58       0.44      0.69      0.54        70
          59       0.32      0.61      0.42        54
          60       0.50      1.00      0.67         1
          61       0.00      0.00      0.00         0
          62       0.00      0.00      0.00         1
          63       0.21      0.50      0.30         8
          64       0.54      0.84      0.66       115
          65       0.60      0.59      0.59       238
          66       0.26      0.62      0.37        16
          67       0.00      0.00      0.00         1
          68       0.14      0.33      0.20         3
          69       1.00      1.00      1.00         2
          70       0.17      0.50      0.25         2

    accuracy                           0.62      9993
   macro avg       0.37      0.55      0.42      9993
weighted avg       0.69      0.62      0.63      9993


--- Random embeddings + logreg (baseline) ---

Random+logreg — 10-fold CV results (train=39969, test=9993, head=logreg):
  accuracy : 0.3374 ± 0.0052
  f1_macro : 0.1823 ± 0.0136
  f1_weighted: 0.3627 ± 0.0052
  cv_time  : 105.4 s | fit_time: 627.9 s

Classification report (held-out test set):
              precision    recall  f1-score   support

           0       0.02      0.15      0.04        27
           1       0.46      0.16      0.24       559
           2       0.04      0.20      0.07        35
           3       0.09      0.20      0.12        64
           4       0.00      0.00      0.00         4
           5       0.40      0.39      0.40       206
           6       0.52      0.07      0.12       980
           7       0.33      1.00      0.50         1
           8       0.09      0.27      0.13        44
           9       0.25      1.00      0.40         1
          10       0.20      0.17      0.18       206
          11       0.00      0.00      0.00         2
          12       0.05      0.32      0.08        28
          13       0.06      0.67      0.11         6
          14       0.28      0.17      0.21       251
          15       0.11      0.33      0.16        58
          16       0.10      0.19      0.13        81
          17       0.10      0.55      0.17        22
          18       0.06      0.33      0.10        24
          19       0.08      0.29      0.13        38
          20       0.00      0.00      0.00         5
          21       0.12      0.67      0.21         3
          22       0.66      0.48      0.56       585
          23       0.10      0.67      0.18         6
          24       0.16      0.69      0.26        45
          25       0.69      0.38      0.49       906
          26       0.81      0.61      0.69      1450
          27       0.54      0.34      0.42       403
          28       0.52      0.62      0.57       231
          29       0.52      0.44      0.48       493
          30       0.26      0.37      0.30       193
          31       0.00      0.00      0.00         2
          32       0.36      0.09      0.15       509
          33       0.25      1.00      0.40         1
          34       0.00      0.00      0.00         1
          35       0.02      0.17      0.03        12
          36       0.43      0.59      0.49       362
          37       0.13      0.40      0.20        50
          38       0.39      0.47      0.42       180
          39       0.31      0.13      0.18       309
          40       0.13      0.44      0.20        72
          41       0.14      0.27      0.18        60
          42       0.13      0.50      0.21        16
          43       0.08      0.50      0.13         2
          44       0.19      0.09      0.12       256
          45       0.55      0.27      0.37       444
          46       0.04      0.07      0.05        58
          47       0.09      0.25      0.13        56
          48       0.00      0.00      0.00         6
          49       0.00      0.00      0.00         6
          50       0.00      0.00      0.00         1
          51       0.00      0.00      0.00         5
          52       0.00      0.00      0.00         1
          53       0.08      0.58      0.15        19
          54       0.00      0.00      0.00         0
          55       0.00      0.00      0.00         7
          56       0.00      0.00      0.00         1
          57       0.11      0.27      0.16        89
          58       0.06      0.19      0.09        70
          59       0.16      0.52      0.24        54
          60       0.00      0.00      0.00         1
          62       0.00      0.00      0.00         1
          63       0.01      0.12      0.01         8
          64       0.21      0.50      0.29       115
          65       0.37      0.33      0.35       238
          66       0.02      0.19      0.04        16
          67       0.00      0.00      0.00         1
          68       0.07      0.33      0.12         3
          69       0.33      0.50      0.40         2
          70       0.00      0.00      0.00         2

    accuracy                           0.34      9993
   macro avg       0.18      0.29      0.18      9993
weighted avg       0.48      0.34      0.36      9993


--- Pretrained embeddings + mlp ---

Pretrained+mlp — 10-fold CV results (train=39969, test=9993, head=mlp):
  accuracy : 0.7542 ± 0.0063
  f1_macro : 0.5208 ± 0.0286
  f1_weighted: 0.7515 ± 0.0058
  cv_time  : 100.2 s | fit_time: 19.3 s

Classification report (held-out test set):
              precision    recall  f1-score   support

           0       0.38      0.11      0.17        27
           1       0.69      0.76      0.73       559
           2       0.49      0.49      0.49        35
           3       0.47      0.41      0.44        64
           4       1.00      0.25      0.40         4
           5       0.76      0.67      0.71       206
           6       0.71      0.76      0.74       980
           7       1.00      1.00      1.00         1
           8       0.43      0.20      0.28        44
           9       0.00      0.00      0.00         1
          10       0.59      0.63      0.61       206
          11       0.00      0.00      0.00         2
          12       0.41      0.32      0.36        28
          13       0.71      0.83      0.77         6
          14       0.62      0.57      0.60       251
          15       0.61      0.62      0.62        58
          16       0.58      0.40      0.47        81
          17       0.56      0.45      0.50        22
          18       0.55      0.46      0.50        24
          19       0.53      0.45      0.49        38
          20       0.09      0.20      0.12         5
          21       0.50      0.33      0.40         3
          22       0.86      0.88      0.87       585
          23       0.62      0.83      0.71         6
          24       0.71      0.76      0.73        45
          25       0.85      0.87      0.86       906
          26       0.92      0.91      0.92      1450
          27       0.80      0.79      0.80       403
          28       0.87      0.86      0.86       231
          29       0.75      0.88      0.81       493
          30       0.78      0.79      0.79       193
          31       0.50      0.50      0.50         2
          32       0.71      0.64      0.67       509
          33       0.00      0.00      0.00         1
          34       1.00      1.00      1.00         1
          35       0.22      0.17      0.19        12
          36       0.78      0.79      0.78       362
          37       0.63      0.66      0.65        50
          38       0.75      0.70      0.72       180
          39       0.52      0.61      0.56       309
          40       0.58      0.46      0.51        72
          41       0.66      0.52      0.58        60
          42       0.61      0.69      0.65        16
          43       0.00      0.00      0.00         2
          44       0.56      0.61      0.58       256
          45       0.80      0.73      0.76       444
          46       0.43      0.26      0.32        58
          47       0.53      0.59      0.56        56
          48       0.00      0.00      0.00         6
          49       0.50      0.33      0.40         6
          50       0.00      0.00      0.00         1
          51       1.00      0.80      0.89         5
          52       0.00      0.00      0.00         1
          53       0.83      0.79      0.81        19
          55       0.00      0.00      0.00         7
          56       0.00      0.00      0.00         1
          57       0.61      0.54      0.57        89
          58       0.71      0.73      0.72        70
          59       0.68      0.39      0.49        54
          60       0.00      0.00      0.00         1
          62       0.00      0.00      0.00         1
          63       1.00      0.12      0.22         8
          64       0.67      0.77      0.71       115
          65       0.65      0.71      0.68       238
          66       0.50      0.44      0.47        16
          67       0.00      0.00      0.00         1
          68       1.00      0.33      0.50         3
          69       1.00      0.50      0.67         2
          70       0.00      0.00      0.00         2

    accuracy                           0.75      9993
   macro avg       0.54      0.48      0.49      9993
weighted avg       0.75      0.75      0.75      9993


--- Random embeddings + mlp (baseline) ---

Random+mlp — 10-fold CV results (train=39969, test=9993, head=mlp):
  accuracy : 0.5410 ± 0.0063
  f1_macro : 0.2567 ± 0.0215
  f1_weighted: 0.5302 ± 0.0071
  cv_time  : 69.6 s | fit_time: 42.8 s

Classification report (held-out test set):
              precision    recall  f1-score   support

           0       0.13      0.11      0.12        27
           1       0.46      0.50      0.48       559
           2       0.31      0.14      0.20        35
           3       0.36      0.23      0.28        64
           4       0.00      0.00      0.00         4
           5       0.53      0.43      0.47       206
           6       0.45      0.54      0.49       980
           7       0.50      1.00      0.67         1
           8       0.25      0.18      0.21        44
           9       0.00      0.00      0.00         1
          10       0.40      0.32      0.36       206
          11       0.00      0.00      0.00         2
          12       0.36      0.14      0.21        28
          13       0.50      0.33      0.40         6
          14       0.39      0.37      0.38       251
          15       0.36      0.28      0.31        58
          16       0.22      0.22      0.22        81
          17       0.44      0.18      0.26        22
          18       0.21      0.17      0.19        24
          19       0.27      0.21      0.24        38
          20       0.17      0.20      0.18         5
          21       1.00      0.33      0.50         3
          22       0.71      0.65      0.68       585
          23       0.25      0.17      0.20         6
          24       0.43      0.36      0.39        45
          25       0.70      0.75      0.73       906
          26       0.79      0.91      0.84      1450
          27       0.57      0.64      0.60       403
          28       0.59      0.66      0.62       231
          29       0.68      0.65      0.67       493
          30       0.45      0.47      0.46       193
          31       0.00      0.00      0.00         2
          32       0.41      0.32      0.36       509
          33       0.50      1.00      0.67         1
          34       0.00      0.00      0.00         1
          35       0.00      0.00      0.00        12
          36       0.60      0.49      0.54       362
          37       0.30      0.44      0.36        50
          38       0.60      0.49      0.54       180
          39       0.31      0.38      0.34       309
          40       0.44      0.29      0.35        72
          41       0.31      0.27      0.29        60
          42       0.27      0.19      0.22        16
          43       0.00      0.00      0.00         2
          44       0.34      0.20      0.25       256
          45       0.42      0.51      0.46       444
          46       0.11      0.05      0.07        58
          47       0.22      0.18      0.20        56
          48       0.00      0.00      0.00         6
          49       0.00      0.00      0.00         6
          50       0.00      0.00      0.00         1
          51       0.00      0.00      0.00         5
          52       0.00      0.00      0.00         1
          53       0.67      0.32      0.43        19
          55       0.00      0.00      0.00         7
          56       0.00      0.00      0.00         1
          57       0.35      0.24      0.28        89
          58       0.32      0.13      0.18        70
          59       0.42      0.37      0.39        54
          60       0.00      0.00      0.00         1
          62       0.00      0.00      0.00         1
          63       0.00      0.00      0.00         8
          64       0.46      0.51      0.48       115
          65       0.45      0.45      0.45       238
          66       0.30      0.19      0.23        16
          67       0.00      0.00      0.00         1
          68       0.33      0.33      0.33         3
          69       0.00      0.00      0.00         2
          70       0.00      0.00      0.00         2

    accuracy                           0.55      9993
   macro avg       0.30      0.27      0.27      9993
weighted avg       0.54      0.55      0.54      9993

Results written to results/ec_classifier_20260512_150510.json
Loaded environment from results/ec_classifier_20260512_150510_env.json
Figure saved to results/ec_classifier_20260512_150510_report.pdf
Report written to results/ec_classifier_20260512_150510_report.md
