=== Job started on Tue 28 Apr 16:55:57 WEST 2026 ===
Running on node(s): gnx510
=== nvidia-smi ===
Tue Apr 28 16:55:58 2026       
+-----------------------------------------------------------------------------------------+
| NVIDIA-SMI 550.90.07              Driver Version: 550.90.07      CUDA Version: 12.4     |
|-----------------------------------------+------------------------+----------------------+
| GPU  Name                 Persistence-M | Bus-Id          Disp.A | Volatile Uncorr. ECC |
| Fan  Temp   Perf          Pwr:Usage/Cap |           Memory-Usage | GPU-Util  Compute M. |
|                                         |                        |               MIG M. |
|=========================================+========================+======================|
|   0  NVIDIA A100-SXM4-40GB          On  |   00000000:AF:00.0 Off |                    0 |
| N/A   27C    P0             51W /  400W |       1MiB /  40960MiB |      0%      Default |
|                                         |                        |             Disabled |
+-----------------------------------------+------------------------+----------------------+
                                                                                         
+-----------------------------------------------------------------------------------------+
| Processes:                                                                              |
|  GPU   GI   CI        PID   Type   Process name                              GPU Memory |
|        ID   ID                                                               Usage      |
|=========================================================================================|
|  No running processes found                                                             |
+-----------------------------------------------------------------------------------------+
Python executable: /projects/F202508983CPCAA0/jcorreia/work/smartrxn_env/bin/python
Python 3.12.3
torch: 2.6.0+cu124 | CUDA: True

Run ID:           20260428_165633
Validated SMARTS: data/processed/validated_smarts.csv
SP model:         data/processed/sp_tokenizer.model
EC depth:         3
N samples:        50000
Folds:            10
Results JSON:     results/ec_classifier_20260428_165633.json
Environment JSON: results/ec_classifier_20260428_165633_env.json
Report:           results/ec_classifier_20260428_165633_report.md
Weights:          models/smarts_transformer_20260410_111830.pt
Config:           models/smarts_transformer_20260410_111830.json
Vocab:            data/processed/vocab.json
Pooling:          mean
Embed batch size: 256

=== Collecting environment info (Tue 28 Apr 16:56:33 WEST 2026) ===
Environment info saved to results/ec_classifier_20260428_165633_env.json

=== Running EC classifier (Tue 28 Apr 16:56:40 WEST 2026) ===

Metric                    SmartsTokenizer                 SentencePieceTokenizer          Pretrained+logreg               Random+logreg                   Pretrained+mlp                  Random+mlp                      
--------------------------------------------------------------------------------------------------------------------------------------------------------------------------------------------------------------------------
Train samples             39907                           39907                           39907                           39907                           39907                           39907                           
Test samples              9977                            9977                            9977                            9977                            9977                            9977                            
Classes (EC depth)        237                             237                             237                             237                             237                             237                             
CV folds                  10                              10                              10                              10                              10                              10                              
Accuracy (mean)           0.2493                          0.3169                          0.5588                          0.2421                          0.701                           0.4729                          
Accuracy (std)            0.0079                          0.0064                          0.0059                          0.0068                          0.0058                          0.0088                          
F1 macro (mean)           0.1481                          0.1875                          0.3856                          0.1375                          0.4425                          0.1897                          
F1 macro (std)            0.0106                          0.0105                          0.019                           0.0072                          0.0247                          0.0163                          
F1 weighted (mean)        0.2709                          0.3348                          0.573                           0.2649                          0.6936                          0.4538                          
F1 weighted (std)         0.0075                          0.0055                          0.0059                          0.006                           0.0053                          0.0112                          


=== Generating report (Tue 28 Apr 17:12:40 WEST 2026) ===

Results JSON:  results/ec_classifier_20260428_165633.json
Environment:   results/ec_classifier_20260428_165633_env.json
Report:        results/ec_classifier_20260428_165633_report.md
Figure:        results/ec_classifier_20260428_165633_report.pdf

=== Committing results to git (Tue 28 Apr 17:12:51 WEST 2026) ===
[dev 5899283] [results] EC classifier (run 20260428_165633)
 4 files changed, 689 insertions(+)
 create mode 100644 results/ec_classifier_20260428_165633.json
 create mode 100644 results/ec_classifier_20260428_165633_env.json
 create mode 100644 results/ec_classifier_20260428_165633_report.md
 create mode 100644 results/ec_classifier_20260428_165633_report.pdf
=== Job finished on Tue 28 Apr 17:12:51 WEST 2026 ===
