=== Job started on Tue 12 May 15:04:48 WEST 2026 ===
Running on node(s): gnx510
=== nvidia-smi ===
Tue May 12 15:04:50 2026       
+-----------------------------------------------------------------------------------------+
| NVIDIA-SMI 550.90.07              Driver Version: 550.90.07      CUDA Version: 12.4     |
|-----------------------------------------+------------------------+----------------------+
| GPU  Name                 Persistence-M | Bus-Id          Disp.A | Volatile Uncorr. ECC |
| Fan  Temp   Perf          Pwr:Usage/Cap |           Memory-Usage | GPU-Util  Compute M. |
|                                         |                        |               MIG M. |
|=========================================+========================+======================|
|   0  NVIDIA A100-SXM4-40GB          On  |   00000000:AF:00.0 Off |                    0 |
| N/A   28C    P0             50W /  400W |       1MiB /  40960MiB |      0%      Default |
|                                         |                        |             Disabled |
+-----------------------------------------+------------------------+----------------------+
                                                                                         
+-----------------------------------------------------------------------------------------+
| Processes:                                                                              |
|  GPU   GI   CI        PID   Type   Process name                              GPU Memory |
|        ID   ID                                                               Usage      |
|=========================================================================================|
|  No running processes found                                                             |
+-----------------------------------------------------------------------------------------+
Python executable: /projects/F202508983CPCAA0/jcorreia/work/smartrxn_env/bin/python
Python 3.12.3
torch: 2.6.0+cu124 | CUDA: True

Run ID:           20260512_150511
Validated SMARTS: data/processed/validated_smarts.csv
SP model:         data/processed/sp_tokenizer.model
EC depth:         3
N samples:        50000
Folds:            10
Results JSON:     results/ec_classifier_20260512_150511.json
Environment JSON: results/ec_classifier_20260512_150511_env.json
Report:           results/ec_classifier_20260512_150511_report.md
Weights:          models/smarts_transformer_20260428_160310.pt
Config:           models/smarts_transformer_20260428_160310.json
Vocab:            data/processed/vocab.json
Pooling:          mean
Embed batch size: 256

=== Collecting environment info (Tue 12 May 15:05:11 WEST 2026) ===
Environment info saved to results/ec_classifier_20260512_150511_env.json

=== Running EC classifier (Tue 12 May 15:05:14 WEST 2026) ===

Metric                    SmartsTokenizer                 SentencePieceTokenizer          Pretrained+logreg               Random+logreg                   Pretrained+mlp                  Random+mlp                      
--------------------------------------------------------------------------------------------------------------------------------------------------------------------------------------------------------------------------
Train samples             39907                           39907                           39907                           39907                           39907                           39907                           
Test samples              9977                            9977                            9977                            9977                            9977                            9977                            
Classes (EC depth)        237                             237                             237                             237                             237                             237                             
CV folds                  10                              10                              10                              10                              10                              10                              
Accuracy (mean)           0.2493                          0.3169                          0.5632                          0.2518                          0.6986                          0.4858                          
Accuracy (std)            0.0079                          0.0064                          0.0067                          0.0075                          0.0065                          0.0073                          
F1 macro (mean)           0.1481                          0.1875                          0.3941                          0.1376                          0.4279                          0.1977                          
F1 macro (std)            0.0106                          0.0105                          0.0206                          0.0114                          0.02                            0.0188                          
F1 weighted (mean)        0.2709                          0.3348                          0.5779                          0.2758                          0.6904                          0.4675                          
F1 weighted (std)         0.0075                          0.0055                          0.0061                          0.0074                          0.0058                          0.0066                          


=== Generating report (Tue 12 May 15:19:41 WEST 2026) ===

Results JSON:  results/ec_classifier_20260512_150511.json
Environment:   results/ec_classifier_20260512_150511_env.json
Report:        results/ec_classifier_20260512_150511_report.md
Figure:        results/ec_classifier_20260512_150511_report.pdf

=== Committing results to git (Tue 12 May 15:19:43 WEST 2026) ===
[dev 8d0534f] [results] EC classifier (run 20260512_150511)
 4 files changed, 689 insertions(+)
 create mode 100644 results/ec_classifier_20260512_150511.json
 create mode 100644 results/ec_classifier_20260512_150511_env.json
 create mode 100644 results/ec_classifier_20260512_150511_report.md
 create mode 100644 results/ec_classifier_20260512_150511_report.pdf
=== Job finished on Tue 12 May 15:19:43 WEST 2026 ===
