=== Job started on Wed 22 Apr 14:55:02 WEST 2026 ===
Running on node(s): gnx506
=== nvidia-smi ===
Wed Apr 22 14:55:03 2026       
+-----------------------------------------------------------------------------------------+
| NVIDIA-SMI 550.90.07              Driver Version: 550.90.07      CUDA Version: 12.4     |
|-----------------------------------------+------------------------+----------------------+
| GPU  Name                 Persistence-M | Bus-Id          Disp.A | Volatile Uncorr. ECC |
| Fan  Temp   Perf          Pwr:Usage/Cap |           Memory-Usage | GPU-Util  Compute M. |
|                                         |                        |               MIG M. |
|=========================================+========================+======================|
|   0  NVIDIA A100-SXM4-40GB          On  |   00000000:2F:00.0 Off |                    0 |
| N/A   30C    P0             57W /  400W |       1MiB /  40960MiB |      0%      Default |
|                                         |                        |             Disabled |
+-----------------------------------------+------------------------+----------------------+
                                                                                         
+-----------------------------------------------------------------------------------------+
| Processes:                                                                              |
|  GPU   GI   CI        PID   Type   Process name                              GPU Memory |
|        ID   ID                                                               Usage      |
|=========================================================================================|
|  No running processes found                                                             |
+-----------------------------------------------------------------------------------------+
Python executable: /projects/F202508983CPCAA0/jcorreia/work/smartrxn_env/bin/python
Python 3.12.3
torch: 2.6.0+cu124 | CUDA: True

Run ID:           20260422_145541
Validated SMARTS: data/processed/validated_smarts.csv
SP model:         data/processed/sp_tokenizer.model
EC depth:         2
N samples:        50000
Folds:            10
Results JSON:     results/ec_classifier_20260422_145541.json
Environment JSON: results/ec_classifier_20260422_145541_env.json
Report:           results/ec_classifier_20260422_145541_report.md
Weights:          models/smarts_transformer_20260410_111830.pt
Config:           models/smarts_transformer_20260410_111830.json
Vocab:            data/processed/vocab.json
Pooling:          mean
Embed batch size: 256

=== Collecting environment info (Wed 22 Apr 14:55:41 WEST 2026) ===
Environment info saved to results/ec_classifier_20260422_145541_env.json

=== Running EC classifier (Wed 22 Apr 14:55:44 WEST 2026) ===
