=== Job started on Wed 29 Apr 10:57:28 WEST 2026 ===
Running on node(s): gnx510
=== nvidia-smi ===
Wed Apr 29 10:57:30 2026       
+-----------------------------------------------------------------------------------------+
| NVIDIA-SMI 550.90.07              Driver Version: 550.90.07      CUDA Version: 12.4     |
|-----------------------------------------+------------------------+----------------------+
| GPU  Name                 Persistence-M | Bus-Id          Disp.A | Volatile Uncorr. ECC |
| Fan  Temp   Perf          Pwr:Usage/Cap |           Memory-Usage | GPU-Util  Compute M. |
|                                         |                        |               MIG M. |
|=========================================+========================+======================|
|   0  NVIDIA A100-SXM4-40GB          On  |   00000000:2F:00.0 Off |                    0 |
| N/A   31C    P0             51W /  400W |       1MiB /  40960MiB |      0%      Default |
|                                         |                        |             Disabled |
+-----------------------------------------+------------------------+----------------------+
                                                                                         
+-----------------------------------------------------------------------------------------+
| Processes:                                                                              |
|  GPU   GI   CI        PID   Type   Process name                              GPU Memory |
|        ID   ID                                                               Usage      |
|=========================================================================================|
|  No running processes found                                                             |
+-----------------------------------------------------------------------------------------+
Python executable: /projects/F202508983CPCAA0/jcorreia/work/smartrxn_env/bin/python
Python 3.12.3
torch: 2.6.0+cu124 | CUDA: True

Run ID:           20260429_105742
Validated SMARTS: data/processed/validated_smarts.csv
SP model:         data/processed/sp_tokenizer.model
EC depth:         3
N samples:        50000
Folds:            10
Results JSON:     results/ec_classifier_20260429_105742.json
Environment JSON: results/ec_classifier_20260429_105742_env.json
Report:           results/ec_classifier_20260429_105742_report.md
Weights:          models/smarts_transformer_20260428_160310.pt
Config:           models/smarts_transformer_20260428_160310.json
Vocab:            data/processed/vocab.json
Pooling:          mean
Embed batch size: 256

=== Collecting environment info (Wed 29 Apr 10:57:42 WEST 2026) ===
Environment info saved to results/ec_classifier_20260429_105742_env.json

=== Running EC classifier (Wed 29 Apr 10:57:45 WEST 2026) ===

Metric                    SmartsTokenizer                 SentencePieceTokenizer          Pretrained+logreg               Random+logreg                   Pretrained+mlp                  Random+mlp                      
--------------------------------------------------------------------------------------------------------------------------------------------------------------------------------------------------------------------------
Train samples             39907                           39907                           39907                           39907                           39907                           39907                           
Test samples              9977                            9977                            9977                            9977                            9977                            9977                            
Classes (EC depth)        237                             237                             237                             237                             237                             237                             
CV folds                  10                              10                              10                              10                              10                              10                              
Accuracy (mean)           0.2493                          0.3169                          0.5632                          0.2476                          0.6986                          0.4832                          
Accuracy (std)            0.0079                          0.0064                          0.0067                          0.0071                          0.0065                          0.0072                          
F1 macro (mean)           0.1481                          0.1875                          0.3941                          0.1347                          0.4279                          0.2023                          
F1 macro (std)            0.0106                          0.0105                          0.0206                          0.0116                          0.02                            0.0127                          
F1 weighted (mean)        0.2709                          0.3348                          0.5779                          0.2694                          0.6904                          0.4685                          
F1 weighted (std)         0.0075                          0.0055                          0.0061                          0.006                           0.0058                          0.0058                          


=== Generating report (Wed 29 Apr 11:23:28 WEST 2026) ===

Results JSON:  results/ec_classifier_20260429_105742.json
Environment:   results/ec_classifier_20260429_105742_env.json
Report:        results/ec_classifier_20260429_105742_report.md
Figure:        results/ec_classifier_20260429_105742_report.pdf

=== Committing results to git (Wed 29 Apr 11:23:29 WEST 2026) ===
[dev 9361ac1] [results] EC classifier (run 20260429_105742)
 4 files changed, 689 insertions(+)
 create mode 100644 results/ec_classifier_20260429_105742.json
 create mode 100644 results/ec_classifier_20260429_105742_env.json
 create mode 100644 results/ec_classifier_20260429_105742_report.md
 create mode 100644 results/ec_classifier_20260429_105742_report.pdf
=== Job finished on Wed 29 Apr 11:23:29 WEST 2026 ===
