Loading labelled SMARTS (EC depth=2)...
EC map built: 214007 labelled SMARTS
After join with validated set: 214007 SMARTS with EC labels
Dropping 5 rare classes (<10 samples): ['1.9', '3.12', '4', '7.1', '7.3']
Class distribution:
label
2.4     31018
1.14    20972
2.3     19380
2.1     12511
1.1     11962
3.1     10897
2.7     10557
4.2      9504
2.5      8629
3.2      7750
3.5      6613
4.1      5472
1.3      5375
6.3      5095
2.6      4934
1.13     4408
1.2      4400
2.8      4137
3.4      3854
6.2      2469
5.3      1905
1.5      1725
3.6      1548
5.4      1508
1.11     1374
3.7      1276
1.4      1249
4.3      1243
4.4      1210
5.5      1168
3.3      1064
2.2       964
1.17      936
1.8       824
1.10      759
1.21      595
1         571
1.7       523
1.6       465
4.99      417
3.8       352
6.4       343
3.13      268
6.1       166
5.1       149
1.23      141
4.6       140
4.5       135
2.10      128
1.97      109
4.8       106
1.12       80
6.6        70
2          56
7.2        50
3          48
1.20       42
3.9        42
6.7        38
1.16       32
3.11       26
6          26
1.18       24
4.98       23
5.2        22
3.10       19
5.6        19
4.7        17
6.5        16
5          12
7.6        12
5.99       10
Sampled 49962 SMARTS (stratified)
Labels: ['1', '1.1', '1.10', '1.11', '1.12', '1.13', '1.14', '1.16', '1.17', '1.18', '1.2', '1.20', '1.21', '1.23', '1.3', '1.4', '1.5', '1.6', '1.7', '1.8', '1.97', '2', '2.1', '2.10', '2.2', '2.3', '2.4', '2.5', '2.6', '2.7', '2.8', '3', '3.1', '3.10', '3.11', '3.13', '3.2', '3.3', '3.4', '3.5', '3.6', '3.7', '3.8', '3.9', '4.1', '4.2', '4.3', '4.4', '4.5', '4.6', '4.7', '4.8', '4.98', '4.99', '5', '5.1', '5.2', '5.3', '5.4', '5.5', '5.6', '5.99', '6', '6.1', '6.2', '6.3', '6.4', '6.5', '6.6', '6.7', '7.2', '7.6']
Train: 39969 samples | Test: 9993 samples (stratified 80/20)

--- SmartsTokenizer ---

SmartsTokenizer — 10-fold CV results (train=39969, test=9993):
  accuracy : 0.3979 ± 0.0059
  f1_macro : 0.2373 ± 0.0167
  f1_weighted: 0.4216 ± 0.0070
  cv_time  : 15.8 s | fit_time: 25.8 s

Classification report (held-out test set):
              precision    recall  f1-score   support

           0       0.07      0.41      0.12        27
           1       0.53      0.18      0.27       559
           2       0.04      0.23      0.07        35
           3       0.08      0.19      0.11        64
           4       0.00      0.00      0.00         4
           5       0.39      0.36      0.37       206
           6       0.68      0.09      0.16       980
           7       1.00      1.00      1.00         1
           8       0.11      0.36      0.16        44
           9       0.00      0.00      0.00         1
          10       0.27      0.25      0.26       206
          11       0.00      0.00      0.00         2
          12       0.08      0.57      0.14        28
          13       0.01      0.17      0.03         6
          14       0.34      0.18      0.23       251
          15       0.24      0.55      0.33        58
          16       0.19      0.41      0.26        81
          17       0.14      0.59      0.23        22
          18       0.08      0.46      0.14        24
          19       0.21      0.53      0.30        38
          20       0.03      0.20      0.05         5
          21       0.08      0.67      0.14         3
          22       0.78      0.51      0.62       585
          23       0.31      0.83      0.45         6
          24       0.17      0.73      0.27        45
          25       0.77      0.38      0.51       906
          26       0.85      0.69      0.76      1450
          27       0.63      0.42      0.50       403
          28       0.62      0.73      0.67       231
          29       0.63      0.49      0.55       493
          30       0.42      0.46      0.44       193
          31       0.00      0.00      0.00         2
          32       0.55      0.14      0.22       509
          33       0.50      1.00      0.67         1
          34       0.07      1.00      0.13         1
          35       0.04      0.25      0.07        12
          36       0.50      0.67      0.57       362
          37       0.16      0.54      0.25        50
          38       0.46      0.64      0.54       180
          39       0.51      0.25      0.34       309
          40       0.17      0.57      0.26        72
          41       0.12      0.38      0.19        60
          42       0.28      0.69      0.40        16
          43       0.18      1.00      0.31         2
          44       0.22      0.06      0.09       256
          45       0.68      0.36      0.47       444
          46       0.14      0.24      0.18        58
          47       0.18      0.36      0.24        56
          48       0.00      0.00      0.00         6
          49       0.00      0.00      0.00         6
          50       1.00      1.00      1.00         1
          51       0.15      1.00      0.26         5
          52       0.00      0.00      0.00         1
          53       0.19      0.84      0.31        19
          54       0.00      0.00      0.00         0
          55       0.00      0.00      0.00         7
          56       0.06      1.00      0.11         1
          57       0.13      0.38      0.19        89
          58       0.09      0.24      0.13        70
          59       0.12      0.54      0.20        54
          60       0.00      0.00      0.00         1
          61       0.00      0.00      0.00         0
          62       0.00      0.00      0.00         1
          63       0.04      0.38      0.07         8
          64       0.20      0.71      0.32       115
          65       0.51      0.40      0.45       238
          66       0.06      0.50      0.11        16
          67       0.00      0.00      0.00         1
          68       0.06      0.33      0.11         3
          69       1.00      0.50      0.67         2
          70       0.03      0.50      0.06         2
          71       0.00      0.00      0.00         0

    accuracy                           0.40      9993
   macro avg       0.25      0.40      0.25      9993
weighted avg       0.57      0.40      0.43      9993

Note: classes with very few samples (e.g. EC class 7, n=0) are expected to score 0 — insufficient data, not a model failure.

--- SentencePieceTokenizer (data/processed/sp_tokenizer.model) ---

SentencePieceTokenizer — 10-fold CV results (train=39969, test=9993):
  accuracy : 0.4617 ± 0.0083
  f1_macro : 0.2918 ± 0.0233
  f1_weighted: 0.4867 ± 0.0087
  cv_time  : 16.6 s | fit_time: 31.0 s

Classification report (held-out test set):
              precision    recall  f1-score   support

           0       0.04      0.19      0.06        27
           1       0.58      0.28      0.37       559
           2       0.08      0.37      0.13        35
           3       0.14      0.28      0.19        64
           4       0.07      0.25      0.11         4
           5       0.45      0.52      0.48       206
           6       0.73      0.20      0.32       980
           7       1.00      1.00      1.00         1
           8       0.10      0.41      0.16        44
           9       0.50      1.00      0.67         1
          10       0.31      0.29      0.30       206
          11       0.33      0.50      0.40         2
          12       0.11      0.54      0.19        28
          13       0.14      0.50      0.21         6
          14       0.36      0.21      0.27       251
          15       0.18      0.50      0.26        58
          16       0.20      0.40      0.26        81
          17       0.18      0.59      0.28        22
          18       0.12      0.54      0.19        24
          19       0.17      0.53      0.26        38
          20       0.03      0.20      0.06         5
          21       0.17      0.67      0.27         3
          22       0.78      0.57      0.66       585
          23       0.50      1.00      0.67         6
          24       0.23      0.76      0.36        45
          25       0.79      0.43      0.56       906
          26       0.89      0.71      0.79      1450
          27       0.75      0.51      0.61       403
          28       0.59      0.72      0.65       231
          29       0.62      0.49      0.55       493
          30       0.45      0.56      0.50       193
          31       0.00      0.00      0.00         2
          32       0.64      0.20      0.31       509
          33       0.25      1.00      0.40         1
          34       0.12      1.00      0.22         1
          35       0.06      0.33      0.11        12
          36       0.50      0.72      0.59       362
          37       0.22      0.64      0.32        50
          38       0.46      0.66      0.54       180
          39       0.44      0.27      0.33       309
          40       0.17      0.61      0.27        72
          41       0.17      0.50      0.26        60
          42       0.29      0.56      0.38        16
          43       0.17      0.50      0.25         2
          44       0.36      0.17      0.23       256
          45       0.71      0.41      0.52       444
          46       0.22      0.53      0.31        58
          47       0.23      0.50      0.31        56
          48       0.15      0.67      0.24         6
          49       0.03      0.17      0.05         6
          50       0.00      0.00      0.00         1
          51       0.25      1.00      0.40         5
          52       0.00      0.00      0.00         1
          53       0.28      0.95      0.43        19
          54       0.00      0.00      0.00         0
          55       0.00      0.00      0.00         7
          56       0.14      1.00      0.25         1
          57       0.17      0.36      0.23        89
          58       0.14      0.40      0.20        70
          59       0.21      0.65      0.32        54
          60       0.00      0.00      0.00         1
          61       0.00      0.00      0.00         0
          62       0.00      0.00      0.00         1
          63       0.06      0.38      0.10         8
          64       0.24      0.71      0.35       115
          65       0.56      0.46      0.50       238
          66       0.08      0.38      0.14        16
          67       0.00      0.00      0.00         1
          68       0.10      0.67      0.17         3
          69       0.67      1.00      0.80         2
          70       0.07      0.50      0.12         2
          71       0.00      0.00      0.00         0

    accuracy                           0.46      9993
   macro avg       0.27      0.47      0.30      9993
weighted avg       0.61      0.46      0.49      9993

Note: classes with very few samples (e.g. EC class 7, n=0) are expected to score 0 — insufficient data, not a model failure.

--- Extracting pretrained embeddings (pooling=mean) ---
Loaded pretrained weights from models/smarts_transformer_20260410_111830.pt (d_model=256, layers=6)
SMARTSDataset: 49962 sequences | max_length=256 | avg_len=116.9 | vocab_size=4465
/projects/F202508983CPCAA0/jcorreia/work/smartrxn_env/lib/python3.12/site-packages/torch/nn/modules/transformer.py:508: UserWarning: The PyTorch API of nested tensors is in prototype stage and will change in the near future. We recommend specifying layout=torch.jagged when constructing a nested tensor, as this layout receives active development, has better operator coverage, and works with torch.compile. (Triggered internally at /pytorch/aten/src/ATen/NestedTensorImpl.cpp:178.)
  output = torch._nested_tensor_from_mask(
Extracted 49962 embeddings | dim=256 | pooling=mean | device=cuda
Embedding extraction (pretrained): 15.6 s for 49962 sequences

--- Extracting random-init embeddings (baseline) ---
Using randomly initialized model (d_model=256, layers=6) — baseline
SMARTSDataset: 49962 sequences | max_length=256 | avg_len=116.9 | vocab_size=4465
Extracted 49962 embeddings | dim=256 | pooling=mean | device=cuda
Embedding extraction (random-init): 14.5 s for 49962 sequences

--- Pretrained embeddings + logreg ---

Pretrained+logreg — 10-fold CV results (train=39969, test=9993, head=logreg):
  accuracy : 0.6091 ± 0.0109
  f1_macro : 0.4302 ± 0.0197
  f1_weighted: 0.6257 ± 0.0109
  cv_time  : 35.2 s | fit_time: 307.9 s

Classification report (held-out test set):
              precision    recall  f1-score   support

           0       0.09      0.44      0.15        27
           1       0.77      0.46      0.58       559
           2       0.12      0.40      0.19        35
           3       0.19      0.47      0.27        64
           4       0.22      0.50      0.31         4
           5       0.53      0.56      0.54       206
           6       0.80      0.38      0.52       980
           7       0.00      0.00      0.00         1
           8       0.13      0.36      0.19        44
           9       0.00      0.00      0.00         1
          10       0.53      0.51      0.52       206
          11       0.00      0.00      0.00         2
          12       0.12      0.50      0.20        28
          13       0.36      0.67      0.47         6
          14       0.44      0.37      0.41       251
          15       0.31      0.64      0.41        58
          16       0.38      0.63      0.47        81
          17       0.25      0.64      0.36        22
          18       0.15      0.38      0.22        24
          19       0.30      0.61      0.40        38
          20       0.09      0.20      0.12         5
          21       0.17      0.33      0.22         3
          22       0.82      0.71      0.76       585
          23       0.43      1.00      0.60         6
          24       0.46      0.82      0.59        45
          25       0.86      0.71      0.78       906
          26       0.92      0.78      0.85      1450
          27       0.72      0.61      0.66       403
          28       0.78      0.86      0.82       231
          29       0.69      0.67      0.68       493
          30       0.58      0.75      0.66       193
          31       0.11      0.50      0.18         2
          32       0.61      0.46      0.52       509
          33       0.25      1.00      0.40         1
          34       0.33      1.00      0.50         1
          35       0.25      0.67      0.36        12
          36       0.61      0.80      0.69       362
          37       0.41      0.78      0.53        50
          38       0.60      0.71      0.65       180
          39       0.53      0.43      0.47       309
          40       0.30      0.74      0.42        72
          41       0.30      0.63      0.41        60
          42       0.45      0.62      0.53        16
          43       0.33      0.50      0.40         2
          44       0.46      0.38      0.41       256
          45       0.83      0.59      0.69       444
          46       0.19      0.45      0.27        58
          47       0.35      0.57      0.43        56
          48       0.09      0.17      0.12         6
          49       0.18      0.33      0.24         6
          50       0.00      0.00      0.00         1
          51       0.44      0.80      0.57         5
          52       0.00      0.00      0.00         1
          53       0.62      0.84      0.71        19
          54       0.00      0.00      0.00         0
          55       0.17      0.29      0.21         7
          56       0.20      1.00      0.33         1
          57       0.33      0.63      0.43        89
          58       0.59      0.77      0.67        70
          59       0.38      0.70      0.49        54
          60       0.00      0.00      0.00         1
          61       0.00      0.00      0.00         0
          62       0.00      0.00      0.00         1
          63       0.12      0.38      0.19         8
          64       0.50      0.80      0.62       115
          65       0.59      0.63      0.61       238
          66       0.18      0.56      0.27        16
          67       0.00      0.00      0.00         1
          68       0.11      0.33      0.17         3
          69       0.67      1.00      0.80         2
          70       0.12      0.50      0.20         2

    accuracy                           0.61      9993
   macro avg       0.34      0.51      0.39      9993
weighted avg       0.69      0.61      0.63      9993


--- Random embeddings + logreg (baseline) ---

Random+logreg — 10-fold CV results (train=39969, test=9993, head=logreg):
  accuracy : 0.3391 ± 0.0067
  f1_macro : 0.1797 ± 0.0097
  f1_weighted: 0.3641 ± 0.0077
  cv_time  : 65.5 s | fit_time: 832.8 s

Classification report (held-out test set):
              precision    recall  f1-score   support

           0       0.03      0.22      0.06        27
           1       0.57      0.18      0.27       559
           2       0.05      0.26      0.08        35
           3       0.09      0.25      0.13        64
           4       0.00      0.00      0.00         4
           5       0.38      0.38      0.38       206
           6       0.59      0.10      0.17       980
           7       0.25      1.00      0.40         1
           8       0.09      0.30      0.14        44
           9       0.00      0.00      0.00         1
          10       0.24      0.18      0.21       206
          11       0.00      0.00      0.00         2
          12       0.06      0.32      0.10        28
          13       0.04      0.33      0.08         6
          14       0.18      0.10      0.13       251
          15       0.16      0.41      0.23        58
          16       0.13      0.30      0.18        81
          17       0.05      0.32      0.08        22
          18       0.04      0.21      0.07        24
          19       0.11      0.37      0.17        38
          20       0.10      0.40      0.15         5
          21       0.12      0.33      0.18         3
          22       0.61      0.47      0.53       585
          23       0.03      0.17      0.05         6
          24       0.14      0.62      0.22        45
          25       0.62      0.30      0.40       906
          26       0.81      0.59      0.68      1450
          27       0.55      0.31      0.39       403
          28       0.52      0.56      0.54       231
          29       0.53      0.47      0.50       493
          30       0.27      0.44      0.34       193
          31       0.00      0.00      0.00         2
          32       0.37      0.13      0.19       509
          33       0.33      1.00      0.50         1
          34       0.00      0.00      0.00         1
          35       0.03      0.25      0.05        12
          36       0.41      0.64      0.50       362
          37       0.10      0.34      0.15        50
          38       0.35      0.42      0.38       180
          39       0.37      0.15      0.21       309
          40       0.15      0.56      0.24        72
          41       0.14      0.33      0.19        60
          42       0.12      0.50      0.20        16
          43       0.14      0.50      0.22         2
          44       0.26      0.10      0.14       256
          45       0.52      0.27      0.36       444
          46       0.10      0.17      0.13        58
          47       0.07      0.20      0.11        56
          48       0.07      0.17      0.10         6
          49       0.02      0.17      0.03         6
          50       0.00      0.00      0.00         1
          51       0.33      0.60      0.43         5
          52       0.00      0.00      0.00         1
          53       0.12      0.58      0.20        19
          54       0.00      0.00      0.00         0
          55       0.00      0.00      0.00         7
          56       0.25      1.00      0.40         1
          57       0.12      0.28      0.16        89
          58       0.06      0.20      0.10        70
          59       0.14      0.44      0.22        54
          60       1.00      1.00      1.00         1
          62       0.00      0.00      0.00         1
          63       0.03      0.25      0.05         8
          64       0.17      0.50      0.25       115
          65       0.36      0.34      0.35       238
          66       0.04      0.31      0.06        16
          67       0.00      0.00      0.00         1
          68       0.00      0.00      0.00         3
          69       0.33      0.50      0.40         2
          70       0.00      0.00      0.00         2

    accuracy                           0.34      9993
   macro avg       0.20      0.31      0.20      9993
weighted avg       0.49      0.34      0.36      9993


--- Pretrained embeddings + mlp ---

Pretrained+mlp — 10-fold CV results (train=39969, test=9993, head=mlp):
  accuracy : 0.7492 ± 0.0097
  f1_macro : 0.5097 ± 0.0220
  f1_weighted: 0.7461 ± 0.0095
  cv_time  : 84.1 s | fit_time: 33.7 s

Classification report (held-out test set):
              precision    recall  f1-score   support

           0       0.17      0.22      0.19        27
           1       0.76      0.73      0.74       559
           2       0.37      0.37      0.37        35
           3       0.47      0.47      0.47        64
           4       0.33      0.50      0.40         4
           5       0.73      0.67      0.70       206
           6       0.71      0.77      0.74       980
           7       1.00      1.00      1.00         1
           8       0.29      0.23      0.25        44
           9       0.50      1.00      0.67         1
          10       0.70      0.61      0.65       206
          11       0.00      0.00      0.00         2
          12       0.50      0.46      0.48        28
          13       0.67      0.67      0.67         6
          14       0.72      0.54      0.62       251
          15       0.56      0.50      0.53        58
          16       0.64      0.47      0.54        81
          17       0.57      0.55      0.56        22
          18       0.71      0.42      0.53        24
          19       0.69      0.47      0.56        38
          20       0.09      0.20      0.12         5
          21       0.00      0.00      0.00         3
          22       0.83      0.87      0.85       585
          23       0.83      0.83      0.83         6
          24       0.73      0.60      0.66        45
          25       0.84      0.89      0.87       906
          26       0.92      0.94      0.93      1450
          27       0.83      0.78      0.80       403
          28       0.77      0.86      0.81       231
          29       0.82      0.79      0.81       493
          30       0.80      0.77      0.79       193
          31       0.00      0.00      0.00         2
          32       0.69      0.69      0.69       509
          33       1.00      1.00      1.00         1
          34       1.00      1.00      1.00         1
          35       0.50      0.25      0.33        12
          36       0.77      0.85      0.81       362
          37       0.73      0.70      0.71        50
          38       0.66      0.81      0.73       180
          39       0.61      0.51      0.55       309
          40       0.42      0.71      0.53        72
          41       0.47      0.62      0.54        60
          42       0.67      0.38      0.48        16
          43       0.00      0.00      0.00         2
          44       0.63      0.50      0.56       256
          45       0.75      0.75      0.75       444
          46       0.51      0.47      0.49        58
          47       0.68      0.48      0.56        56
          48       0.67      0.67      0.67         6
          49       0.75      0.50      0.60         6
          50       0.00      0.00      0.00         1
          51       0.75      0.60      0.67         5
          52       0.00      0.00      0.00         1
          53       0.82      0.74      0.78        19
          55       0.25      0.14      0.18         7
          56       0.00      0.00      0.00         1
          57       0.53      0.54      0.53        89
          58       0.68      0.71      0.70        70
          59       0.50      0.69      0.58        54
          60       0.00      0.00      0.00         1
          62       0.00      0.00      0.00         1
          63       0.20      0.12      0.15         8
          64       0.73      0.76      0.74       115
          65       0.68      0.73      0.70       238
          66       0.78      0.44      0.56        16
          67       0.00      0.00      0.00         1
          68       1.00      0.33      0.50         3
          69       0.00      0.00      0.00         2
          70       1.00      0.50      0.67         2

    accuracy                           0.76      9993
   macro avg       0.55      0.51      0.52      9993
weighted avg       0.76      0.76      0.75      9993


--- Random embeddings + mlp (baseline) ---

Random+mlp — 10-fold CV results (train=39969, test=9993, head=mlp):
  accuracy : 0.5396 ± 0.0068
  f1_macro : 0.2630 ± 0.0206
  f1_weighted: 0.5280 ± 0.0057
  cv_time  : 26.0 s | fit_time: 33.2 s

Classification report (held-out test set):
              precision    recall  f1-score   support

           0       0.12      0.11      0.12        27
           1       0.52      0.41      0.46       559
           2       0.28      0.14      0.19        35
           3       0.26      0.17      0.21        64
           4       0.00      0.00      0.00         4
           5       0.50      0.49      0.49       206
           6       0.45      0.59      0.51       980
           7       0.00      0.00      0.00         1
           8       0.31      0.09      0.14        44
           9       0.00      0.00      0.00         1
          10       0.32      0.16      0.21       206
          11       0.00      0.00      0.00         2
          12       0.16      0.18      0.17        28
          13       0.33      0.50      0.40         6
          14       0.42      0.28      0.33       251
          15       0.22      0.24      0.23        58
          16       0.24      0.15      0.18        81
          17       0.27      0.14      0.18        22
          18       0.13      0.17      0.15        24
          19       0.26      0.21      0.23        38
          20       0.00      0.00      0.00         5
          21       1.00      0.33      0.50         3
          22       0.64      0.70      0.67       585
          23       0.00      0.00      0.00         6
          24       0.39      0.49      0.44        45
          25       0.68      0.76      0.72       906
          26       0.84      0.87      0.86      1450
          27       0.62      0.62      0.62       403
          28       0.64      0.63      0.63       231
          29       0.63      0.71      0.67       493
          30       0.58      0.50      0.54       193
          31       0.00      0.00      0.00         2
          32       0.42      0.38      0.40       509
          33       0.00      0.00      0.00         1
          34       0.00      0.00      0.00         1
          35       0.00      0.00      0.00        12
          36       0.59      0.59      0.59       362
          37       0.29      0.36      0.32        50
          38       0.46      0.61      0.53       180
          39       0.33      0.34      0.33       309
          40       0.32      0.18      0.23        72
          41       0.33      0.28      0.31        60
          42       0.22      0.12      0.16        16
          43       0.00      0.00      0.00         2
          44       0.26      0.30      0.28       256
          45       0.49      0.50      0.49       444
          46       0.30      0.14      0.19        58
          47       0.27      0.18      0.22        56
          48       0.11      0.17      0.13         6
          49       0.50      0.17      0.25         6
          50       0.00      0.00      0.00         1
          51       0.67      0.40      0.50         5
          52       0.00      0.00      0.00         1
          53       0.54      0.37      0.44        19
          54       0.00      0.00      0.00         0
          55       0.00      0.00      0.00         7
          56       0.00      0.00      0.00         1
          57       0.37      0.39      0.38        89
          58       0.22      0.20      0.21        70
          59       0.35      0.22      0.27        54
          60       0.00      0.00      0.00         1
          62       0.00      0.00      0.00         1
          63       0.00      0.00      0.00         8
          64       0.65      0.43      0.52       115
          65       0.48      0.45      0.46       238
          66       0.14      0.06      0.09        16
          67       0.00      0.00      0.00         1
          68       0.00      0.00      0.00         3
          69       1.00      0.50      0.67         2
          70       1.00      0.50      0.67         2

    accuracy                           0.55      9993
   macro avg       0.30      0.25      0.26      9993
weighted avg       0.54      0.55      0.54      9993

Results written to results/ec_classifier_20260422_154808.json
Loaded environment from results/ec_classifier_20260422_154808_env.json
Figure saved to results/ec_classifier_20260422_154808_report.pdf
Report written to results/ec_classifier_20260422_154808_report.md
