=== Job started on Tue 12 May 14:12:15 WEST 2026 ===
Running on node(s): gnx504
=== nvidia-smi ===
Tue May 12 14:12:16 2026       
+-----------------------------------------------------------------------------------------+
| NVIDIA-SMI 550.90.07              Driver Version: 550.90.07      CUDA Version: 12.4     |
|-----------------------------------------+------------------------+----------------------+
| GPU  Name                 Persistence-M | Bus-Id          Disp.A | Volatile Uncorr. ECC |
| Fan  Temp   Perf          Pwr:Usage/Cap |           Memory-Usage | GPU-Util  Compute M. |
|                                         |                        |               MIG M. |
|=========================================+========================+======================|
|   0  NVIDIA A100-SXM4-40GB          On  |   00000000:AF:00.0 Off |                    0 |
| N/A   29C    P0             55W /  400W |       1MiB /  40960MiB |      0%      Default |
|                                         |                        |             Disabled |
+-----------------------------------------+------------------------+----------------------+
                                                                                         
+-----------------------------------------------------------------------------------------+
| Processes:                                                                              |
|  GPU   GI   CI        PID   Type   Process name                              GPU Memory |
|        ID   ID                                                               Usage      |
|=========================================================================================|
|  No running processes found                                                             |
+-----------------------------------------------------------------------------------------+
Python executable: /projects/F202508983CPCAA0/jcorreia/work/smartrxn_env/bin/python
Python 3.12.3
torch: 2.6.0+cu124 | CUDA: True

Run ID:           20260512_141249
Validated SMARTS: data/processed/validated_smarts.csv
SP model:         data/processed/sp_tokenizer.model
EC depth:         1
N samples:        50000
Folds:            10
Results JSON:     results/ec_classifier_20260512_141249.json
Environment JSON: results/ec_classifier_20260512_141249_env.json
Report:           results/ec_classifier_20260512_141249_report.md
Weights:          models/smarts_transformer_20260428_160310.pt
Config:           models/smarts_transformer_20260410_111830.json
Vocab:            data/processed/vocab.json
Pooling:          mean
Embed batch size: 256

=== Collecting environment info (Tue 12 May 14:12:49 WEST 2026) ===
Environment info saved to results/ec_classifier_20260512_141249_env.json

=== Running EC classifier (Tue 12 May 14:12:52 WEST 2026) ===
