Loading labelled SMARTS (EC depth=3)...
EC map built: 214007 labelled SMARTS
After join with validated set: 214007 SMARTS with EC labels
Dropping 25 rare classes (<10 samples): ['1.10.1', '1.12.1', '1.16.3', '1.17', '1.21.99', '1.3.2', '1.4.2', '1.4.5', '1.4.7', '1.5.7', '1.5.8', '1.6', '1.6.98', '1.7.5', '1.7.6', '1.7.99', '1.8.2', '1.8.7', '1.9.6', '3.12.1', '3.8.2', '4', '5.1', '7.1.1', '7.3.2']
Class distribution:
label
2.4.1      27830
2.3.1      17998
2.1.1      10962
1.1.1      10229
1.14.13     9119
2.5.1       8629
3.2.1       6980
3.1.1       5617
4.2.1       5163
2.6.1       4853
2.7.1       4174
4.2.3       3985
3.5.1       3934
1.14.14     3665
1.13.11     3583
1.2.1       3377
1.3.1       3330
6.3.2       3087
2.8.3       2753
2.4.2       2595
2.7.7       2561
1.14.11     2509
6.2.1       2469
3.1.3       2450
4.1.1       2356
2.7.8       2131
4.1.2       1726
3.6.1       1482
3.7.1       1276
4.4.1       1210
3.1.2       1170
5.5.1       1168
2.8.2       1087
1.11.1      1045
3.3.2       1018
1.14.99     1013
3.1.4       1000
5.4.99       990
1.14         978
3.5.4        973
2.2.1        964
1.1.3        936
1.5.1        932
3.4.13       932
2.7.4        931
3.4.11       925
2.3.3        865
1.14.12      818
4.1.99       780
1.14.19      775
5.3.3        765
3.2.2        754
2.1.2        745
1.14.15      725
1.4.3        723
1.3.3        713
1.10.3       675
1.5.3        641
4.1.3        610
3.5.3        594
1.13.12      591
1            571
1.14.20      552
6.3.1        536
3.5.99       525
5.3.99       524
6.3.5        518
4.3.1        487
5.3.1        482
6.3.4        463
2.4.99       461
2.3.2        457
1.4.1        445
2.1.3        443
3.4.17       424
4.99.1       417
1.2.4        415
3.4.21       413
3.4.19       404
3.5.2        381
1.6.5        371
1.2.3        368
1.21.3       361
4.3.2        348
1.14.18      345
3.8.1        344
1.8.1        344
6.4.1        343
6.3          330
1.17.3       327
4.3.3        314
2.7.2        309
1.3.5        307
1.7.1        305
1.1          304
2.1.4        301
1.11.2       282
1.3.8        276
1.14.21      276
5.4.4        270
3.4.16       264
3.1.6        264
1.17.1       261
3.13.1       252
1.3.98       230
4.2.2        210
2.7.3        202
2.7.6        186
1.3.7        184
2.8.1        177
1.8.3        169
1.8.4        168
1.1.99       162
3.1.8        162
6.3.3        161
1.3          157
1.13.99      153
3.4          150
1.21.98      147
4.2.99       146
3.5.5        145
3.4.14       142
4.6.1        140
1.8.5        138
4.5.1        135
1.3.99       133
1.7.3        132
2.10.1       128
5.3.2        124
1.1.98       118
1.97.1       109
5.4.3        107
4.8.1        106
5.4.2        106
1.14.16      105
5.1.3        103
2.8.4        100
2.4.3         96
4.3.99        94
3.1.7         93
1.14.17       92
1.23.1        92
3.1           89
1.2.7         83
1.13          81
1.1.4         80
1.1.5         77
6.1.2         76
3.4.15        74
1.17.7        73
3.4.24        71
6.6.1         70
1.17.5        69
2.6.99        65
3.5           61
1.17.99       61
2.3           60
2.1.5         60
1.17.4        58
2             56
3.4.22        55
1.5.99        52
6.1.3         51
1.23.5        49
1.21.1        49
3             48
1.11          47
2.7.9         47
1.7.2         47
1.12.98       47
3.3.1         46
1.10.99       46
1.5.98        44
1.17.9        44
3.6.3         44
3.9.1         42
1.2.98        42
1.1.2         40
6.7.1         38
1.3.4         37
2.4           36
1.2.99        36
5.4.1         35
1.6.6         35
1.2           34
3.1.5         33
1.4           30
1.10.5        30
1.20.1        29
1.17.8        29
1.7           29
5.1.1         28
7.2.4         27
3.11.1        26
1.5           26
6             26
1.2.2         25
1.4.4         24
1.16.1        23
4.98.1        23
7.2.1         23
1.6.3         22
1.12.2        22
5.2.1         22
6.1           21
1.4.99        21
1.2.5         20
3.10.1        19
5.6.1         19
3.1.27        19
1.21.4        18
6.1.1         18
1.5.4         18
4.7.1         17
6.5.1         16
3.13.2        16
3.2           16
1.6.99        16
2.7.11        16
2.6.3         16
1.1.7         16
1.18.1        14
1.20.4        13
5             12
3.6.4         12
1.6.2         12
1.21          12
7.6.2         12
2.8.7         10
5.1.2         10
5.99.1        10
2.8.5         10
1.18          10
3.6.2         10
1.12.99       10
5.3           10
1.17.2        10
Sampled 49884 SMARTS (stratified)
Labels: ['1', '1.1', '1.1.1', '1.1.2', '1.1.3', '1.1.4', '1.1.5', '1.1.7', '1.1.98', '1.1.99', '1.10.3', '1.10.5', '1.10.99', '1.11', '1.11.1', '1.11.2', '1.12.2', '1.12.98', '1.12.99', '1.13', '1.13.11', '1.13.12', '1.13.99', '1.14', '1.14.11', '1.14.12', '1.14.13', '1.14.14', '1.14.15', '1.14.16', '1.14.17', '1.14.18', '1.14.19', '1.14.20', '1.14.21', '1.14.99', '1.16.1', '1.17.1', '1.17.2', '1.17.3', '1.17.4', '1.17.5', '1.17.7', '1.17.8', '1.17.9', '1.17.99', '1.18', '1.18.1', '1.2', '1.2.1', '1.2.2', '1.2.3', '1.2.4', '1.2.5', '1.2.7', '1.2.98', '1.2.99', '1.20.1', '1.20.4', '1.21', '1.21.1', '1.21.3', '1.21.4', '1.21.98', '1.23.1', '1.23.5', '1.3', '1.3.1', '1.3.3', '1.3.4', '1.3.5', '1.3.7', '1.3.8', '1.3.98', '1.3.99', '1.4', '1.4.1', '1.4.3', '1.4.4', '1.4.99', '1.5', '1.5.1', '1.5.3', '1.5.4', '1.5.98', '1.5.99', '1.6.2', '1.6.3', '1.6.5', '1.6.6', '1.6.99', '1.7', '1.7.1', '1.7.2', '1.7.3', '1.8.1', '1.8.3', '1.8.4', '1.8.5', '1.97.1', '2', '2.1.1', '2.1.2', '2.1.3', '2.1.4', '2.1.5', '2.10.1', '2.2.1', '2.3', '2.3.1', '2.3.2', '2.3.3', '2.4', '2.4.1', '2.4.2', '2.4.3', '2.4.99', '2.5.1', '2.6.1', '2.6.3', '2.6.99', '2.7.1', '2.7.11', '2.7.2', '2.7.3', '2.7.4', '2.7.6', '2.7.7', '2.7.8', '2.7.9', '2.8.1', '2.8.2', '2.8.3', '2.8.4', '2.8.5', '2.8.7', '3', '3.1', '3.1.1', '3.1.2', '3.1.27', '3.1.3', '3.1.4', '3.1.5', '3.1.6', '3.1.7', '3.1.8', '3.10.1', '3.11.1', '3.13.1', '3.13.2', '3.2', '3.2.1', '3.2.2', '3.3.1', '3.3.2', '3.4', '3.4.11', '3.4.13', '3.4.14', '3.4.15', '3.4.16', '3.4.17', '3.4.19', '3.4.21', '3.4.22', '3.4.24', '3.5', '3.5.1', '3.5.2', '3.5.3', '3.5.4', '3.5.5', '3.5.99', '3.6.1', '3.6.2', '3.6.3', '3.6.4', '3.7.1', '3.8.1', '3.9.1', '4.1.1', '4.1.2', '4.1.3', '4.1.99', '4.2.1', '4.2.2', '4.2.3', '4.2.99', '4.3.1', '4.3.2', '4.3.3', '4.3.99', '4.4.1', '4.5.1', '4.6.1', '4.7.1', '4.8.1', '4.98.1', '4.99.1', '5', '5.1.1', '5.1.2', '5.1.3', '5.2.1', '5.3', '5.3.1', '5.3.2', '5.3.3', '5.3.99', '5.4.1', '5.4.2', '5.4.3', '5.4.4', '5.4.99', '5.5.1', '5.6.1', '5.99.1', '6', '6.1', '6.1.1', '6.1.2', '6.1.3', '6.2.1', '6.3', '6.3.1', '6.3.2', '6.3.3', '6.3.4', '6.3.5', '6.4.1', '6.5.1', '6.6.1', '6.7.1', '7.2.1', '7.2.4', '7.6.2']
Train: 39907 samples | Test: 9977 samples (stratified 80/20)

--- SmartsTokenizer ---

SmartsTokenizer — 10-fold CV results (train=39907, test=9977):
  accuracy : 0.2493 ± 0.0079
  f1_macro : 0.1481 ± 0.0106
  f1_weighted: 0.2709 ± 0.0075
  cv_time  : 24.9 s | fit_time: 27.1 s

Classification report (held-out test set):
              precision    recall  f1-score   support

           0       0.05      0.04      0.04        27
           1       0.04      0.14      0.06        14
           2       0.48      0.03      0.05       478
           3       0.07      1.00      0.12         2
           4       0.11      0.05      0.06        44
           5       0.04      0.25      0.07         4
           6       0.07      0.75      0.14         4
           7       0.00      0.00      0.00         1
           8       0.04      0.40      0.07         5
           9       0.04      0.29      0.06         7
          10       0.15      0.16      0.15        31
          11       0.00      0.00      0.00         1
          12       0.05      1.00      0.10         2
          13       0.02      0.50      0.04         2
          14       0.44      0.08      0.14        49
          15       0.06      0.38      0.11        13
          16       0.00      0.00      0.00         1
          17       0.00      0.00      0.00         2
          19       0.00      0.00      0.00         4
          20       0.48      0.12      0.20       168
          21       0.07      0.21      0.11        28
          22       0.00      0.00      0.00         7
          23       0.09      0.11      0.10        46
          24       0.33      0.02      0.03       117
          25       0.19      0.47      0.27        38
          26       0.50      0.00      0.00       426
          27       0.25      0.01      0.01       171
          28       0.08      0.21      0.12        34
          29       0.05      0.40      0.09         5
          30       0.04      0.50      0.08         4
          31       0.02      0.06      0.04        16
          32       0.14      0.06      0.08        36
          33       0.24      0.38      0.30        26
          34       0.07      0.38      0.11        13
          35       0.17      0.23      0.20        47
          36       0.00      0.00      0.00         1
          37       0.07      0.25      0.10        12
          38       0.00      0.00      0.00         0
          39       0.14      0.40      0.21        15
          40       0.10      0.67      0.17         3
          41       0.02      0.33      0.04         3
          42       0.12      0.67      0.21         3
          43       0.05      1.00      0.09         1
          44       0.00      0.00      0.00         2
          45       0.02      0.33      0.04         3
          46       0.00      0.00      0.00         0
          47       0.00      0.00      0.00         1
          48       0.03      1.00      0.06         1
          49       0.23      0.04      0.07       158
          50       0.00      0.00      0.00         1
          51       0.00      0.00      0.00        17
          52       0.25      0.53      0.34        19
          53       0.00      0.00      0.00         1
          54       0.06      0.50      0.11         4
          55       0.11      0.50      0.18         2
          56       0.09      0.50      0.15         2
          57       0.33      1.00      0.50         1
          58       0.00      0.00      0.00         1
          59       0.00      0.00      0.00         0
          60       0.05      0.50      0.10         2
          61       0.05      0.35      0.09        17
          62       0.12      1.00      0.22         1
          63       0.17      0.57      0.27         7
          64       0.05      0.75      0.10         4
          65       0.04      0.50      0.07         2
          66       0.05      0.29      0.08         7
          67       0.18      0.01      0.02       156
          68       0.06      0.09      0.07        33
          69       0.18      1.00      0.31         2
          70       0.18      0.71      0.29        14
          71       0.20      0.67      0.31         9
          72       0.08      0.31      0.12        13
          73       0.07      0.36      0.12        11
          74       0.02      0.33      0.05         6
          75       0.00      0.00      0.00         1
          76       0.22      0.52      0.31        21
          77       0.27      0.26      0.27        34
          78       0.00      0.00      0.00         1
          79       0.00      0.00      0.00         1
          80       0.10      1.00      0.18         1
          81       0.29      0.09      0.14        43
          82       0.26      0.53      0.35        30
          83       0.00      0.00      0.00         1
          84       0.03      0.50      0.06         2
          85       0.00      0.00      0.00         2
          86       0.00      0.00      0.00         0
          87       0.00      0.00      0.00         1
          88       0.11      0.35      0.16        17
          89       0.17      0.50      0.25         2
          90       0.50      1.00      0.67         1
          91       0.33      1.00      0.50         1
          92       0.12      0.43      0.19        14
          93       0.29      1.00      0.44         2
          94       0.11      0.50      0.18         6
          95       0.09      0.19      0.12        16
          96       0.09      0.38      0.15         8
          97       0.04      0.12      0.06         8
          98       0.15      0.50      0.23         6
          99       0.11      0.40      0.17         5
         100       0.00      0.00      0.00         3
         101       0.90      0.42      0.57       513
         102       0.43      0.51      0.47        35
         103       0.18      0.29      0.22        21
         104       0.31      0.79      0.44        14
         105       0.07      0.67      0.12         3
         106       0.33      0.50      0.40         6
         107       0.24      0.53      0.33        45
         108       0.01      0.33      0.02         3
         109       0.90      0.10      0.18       842
         110       0.17      0.14      0.15        21
         111       0.17      0.57      0.27        40
         112       0.00      0.00      0.00         2
         113       0.87      0.47      0.61      1301
         114       0.09      0.08      0.09       121
         115       0.05      1.00      0.09         4
         116       0.10      0.48      0.17        21
         117       0.90      0.16      0.27       404
         118       0.76      0.40      0.52       227
         119       0.20      1.00      0.33         1
         120       0.03      0.33      0.06         3
         121       0.67      0.29      0.40       195
         122       0.14      1.00      0.25         1
         123       0.09      0.43      0.14        14
         124       0.43      0.67      0.52         9
         125       0.23      0.47      0.31        43
         126       0.09      0.33      0.14         9
         127       0.60      0.34      0.44       120
         128       0.24      0.34      0.28       100
         129       0.04      0.50      0.08         2
         130       0.22      0.62      0.32         8
         131       0.45      0.59      0.51        51
         132       0.39      0.28      0.32       129
         133       0.17      0.80      0.29         5
         134       0.00      0.00      0.00         0
         135       0.00      0.00      0.00         0
         136       0.00      0.00      0.00         2
         137       0.02      0.50      0.05         4
         138       0.27      0.01      0.02       263
         139       0.12      0.20      0.15        55
         140       0.00      0.00      0.00         1
         141       0.54      0.39      0.45       114
         142       0.27      0.26      0.26        47
         143       0.05      1.00      0.09         1
         144       0.18      0.67      0.28        12
         145       0.03      0.50      0.06         4
         146       0.07      0.43      0.12         7
         147       0.20      1.00      0.33         1
         148       0.11      1.00      0.20         1
         149       0.06      0.17      0.09        12
         150       0.00      0.00      0.00         1
         151       0.00      0.00      0.00         1
         152       0.50      0.44      0.47       326
         153       0.31      0.43      0.36        35
         154       0.00      0.00      0.00         2
         155       0.19      0.17      0.18        47
         156       0.05      0.14      0.07         7
         157       0.20      0.14      0.16        43
         158       0.26      0.21      0.23        43
         159       0.07      0.29      0.11         7
         160       0.00      0.00      0.00         3
         161       0.12      0.42      0.19        12
         162       0.18      0.30      0.22        20
         163       0.23      0.68      0.35        19
         164       0.07      0.21      0.11        19
         165       0.00      0.00      0.00         2
         166       0.11      1.00      0.19         3
         167       0.01      0.33      0.03         3
         168       1.00      0.03      0.06       184
         169       0.19      0.44      0.26        18
         170       0.61      0.71      0.66        28
         171       0.41      0.53      0.47        45
         172       0.26      1.00      0.41         7
         173       0.21      0.17      0.19        24
         174       0.29      0.36      0.32        69
         175       0.00      0.00      0.00         0
         176       0.00      0.00      0.00         2
         177       0.00      0.00      0.00         0
         178       0.36      0.15      0.21        60
         179       0.29      0.62      0.39        16
         180       0.00      0.00      0.00         2
         181       0.22      0.07      0.11       110
         182       0.00      0.00      0.00        81
         183       0.09      0.21      0.13        28
         184       0.19      0.08      0.12        36
         185       0.83      0.06      0.12       241
         186       0.08      0.80      0.14        10
         187       0.60      0.68      0.63       186
         188       0.06      0.71      0.12         7
         189       0.18      0.30      0.23        23
         190       0.29      0.38      0.32        16
         191       0.08      0.13      0.10        15
         192       0.00      0.00      0.00         4
         193       0.42      0.20      0.27        56
         194       0.17      0.50      0.25         6
         195       0.02      0.17      0.04         6
         196       0.50      1.00      0.67         1
         197       0.16      0.60      0.25         5
         198       0.00      0.00      0.00         1
         199       0.19      0.79      0.31        19
         200       0.00      0.00      0.00         0
         201       0.11      1.00      0.20         1
         202       0.00      0.00      0.00         0
         203       0.02      0.20      0.03         5
         204       0.04      1.00      0.07         1
         205       0.00      0.00      0.00         0
         206       0.12      0.41      0.18        22
         207       0.04      0.50      0.07         6
         208       0.09      0.44      0.15        36
         209       0.12      0.50      0.20        24
         210       0.00      0.00      0.00         2
         211       0.09      0.60      0.15         5
         212       0.12      0.80      0.21         5
         213       0.03      0.23      0.06        13
         214       0.19      0.43      0.26        46
         215       0.18      0.25      0.21        55
         216       0.00      0.00      0.00         1
         217       0.00      0.00      0.00         0
         218       0.00      0.00      0.00         1
         219       0.00      0.00      0.00         1
         220       0.20      1.00      0.33         1
         221       0.12      0.67      0.21         3
         222       0.02      0.50      0.04         2
         223       0.21      0.33      0.26       115
         224       0.15      0.40      0.21        15
         225       0.18      0.08      0.11        25
         226       0.83      0.24      0.38       144
         227       0.14      0.57      0.22         7
         228       0.00      0.00      0.00        22
         229       0.25      0.33      0.29        24
         230       0.06      0.12      0.08        16
         231       0.00      0.00      0.00         1
         232       0.09      0.67      0.16         3
         233       0.00      0.00      0.00         2
         234       0.00      0.00      0.00         1
         235       0.03      1.00      0.06         1
         236       0.00      0.00      0.00         0

    accuracy                           0.26      9977
   macro avg       0.16      0.35      0.16      9977
weighted avg       0.53      0.26      0.28      9977

Note: classes with very few samples (e.g. EC class 7, n=0) are expected to score 0 — insufficient data, not a model failure.

--- SentencePieceTokenizer (data/processed/sp_tokenizer.model) ---

SentencePieceTokenizer — 10-fold CV results (train=39907, test=9977):
  accuracy : 0.3169 ± 0.0064
  f1_macro : 0.1875 ± 0.0105
  f1_weighted: 0.3348 ± 0.0055
  cv_time  : 27.4 s | fit_time: 28.0 s

Classification report (held-out test set):
              precision    recall  f1-score   support

           0       0.04      0.04      0.04        27
           1       0.04      0.14      0.06        14
           2       0.50      0.03      0.06       478
           3       0.12      1.00      0.21         2
           4       0.09      0.14      0.11        44
           5       1.00      0.25      0.40         4
           6       0.14      0.75      0.24         4
           7       0.00      0.00      0.00         1
           8       0.05      0.40      0.09         5
           9       0.05      0.43      0.08         7
          10       0.09      0.19      0.12        31
          11       0.00      0.00      0.00         1
          12       0.08      0.50      0.14         2
          13       0.11      0.50      0.18         2
          14       0.32      0.12      0.18        49
          15       0.08      0.46      0.14        13
          16       0.00      0.00      0.00         1
          17       0.00      0.00      0.00         2
          18       0.00      0.00      0.00         0
          19       0.00      0.00      0.00         4
          20       0.56      0.30      0.39       168
          21       0.10      0.25      0.14        28
          22       0.00      0.00      0.00         7
          23       0.14      0.24      0.18        46
          24       0.40      0.12      0.18       117
          25       0.22      0.55      0.32        38
          26       0.50      0.01      0.02       426
          27       0.43      0.04      0.06       171
          28       0.11      0.47      0.18        34
          29       0.07      0.60      0.13         5
          30       0.05      0.50      0.10         4
          31       0.06      0.19      0.09        16
          32       0.22      0.14      0.17        36
          33       0.23      0.42      0.30        26
          34       0.06      0.46      0.10        13
          35       0.20      0.30      0.24        47
          36       0.17      1.00      0.29         1
          37       0.11      0.42      0.17        12
          38       0.00      0.00      0.00         0
          39       0.14      0.67      0.24        15
          40       0.14      0.33      0.20         3
          41       0.04      0.33      0.07         3
          42       0.07      0.33      0.11         3
          43       0.14      1.00      0.25         1
          44       0.00      0.00      0.00         2
          45       0.03      0.33      0.06         3
          46       0.00      0.00      0.00         0
          47       0.00      0.00      0.00         1
          48       0.09      1.00      0.17         1
          49       0.60      0.13      0.22       158
          50       0.14      1.00      0.25         1
          51       0.01      0.06      0.02        17
          52       0.28      0.79      0.41        19
          53       0.25      1.00      0.40         1
          54       0.07      0.50      0.13         4
          55       0.14      0.50      0.22         2
          56       0.00      0.00      0.00         2
          57       0.00      0.00      0.00         1
          58       0.33      1.00      0.50         1
          59       0.00      0.00      0.00         0
          60       0.17      1.00      0.29         2
          61       0.10      0.59      0.17        17
          62       0.33      1.00      0.50         1
          63       0.15      0.57      0.24         7
          64       0.09      0.50      0.15         4
          65       0.25      1.00      0.40         2
          66       0.06      0.29      0.10         7
          67       0.31      0.03      0.05       156
          68       0.20      0.36      0.26        33
          69       0.11      1.00      0.20         2
          70       0.24      0.64      0.35        14
          71       0.29      0.67      0.40         9
          72       0.06      0.23      0.10        13
          73       0.16      0.64      0.25        11
          74       0.06      0.67      0.11         6
          75       0.00      0.00      0.00         1
          76       0.19      0.43      0.26        21
          77       0.22      0.26      0.24        34
          78       0.00      0.00      0.00         1
          79       0.00      0.00      0.00         1
          80       0.33      1.00      0.50         1
          81       0.27      0.09      0.14        43
          82       0.21      0.53      0.30        30
          83       0.25      1.00      0.40         1
          84       0.07      0.50      0.12         2
          85       0.00      0.00      0.00         2
          86       0.00      0.00      0.00         0
          87       0.00      0.00      0.00         1
          88       0.14      0.35      0.20        17
          89       0.33      0.50      0.40         2
          90       0.50      1.00      0.67         1
          91       0.20      1.00      0.33         1
          92       0.23      0.64      0.33        14
          93       0.25      1.00      0.40         2
          94       0.17      0.83      0.28         6
          95       0.09      0.31      0.14        16
          96       0.10      0.38      0.16         8
          97       0.00      0.00      0.00         8
          98       0.08      0.33      0.13         6
          99       0.06      0.40      0.11         5
         100       0.00      0.00      0.00         3
         101       0.89      0.44      0.59       513
         102       0.49      0.63      0.55        35
         103       0.18      0.38      0.25        21
         104       0.30      0.64      0.41        14
         105       0.50      1.00      0.67         3
         106       0.60      1.00      0.75         6
         107       0.25      0.62      0.36        45
         108       0.00      0.00      0.00         3
         109       0.92      0.17      0.29       842
         110       0.16      0.24      0.19        21
         111       0.23      0.60      0.33        40
         112       0.11      0.50      0.18         2
         113       0.89      0.55      0.68      1301
         114       0.22      0.17      0.19       121
         115       0.09      1.00      0.17         4
         116       0.18      0.52      0.27        21
         117       0.92      0.27      0.42       404
         118       0.69      0.44      0.54       227
         119       0.20      1.00      0.33         1
         120       0.00      0.00      0.00         3
         121       0.72      0.25      0.37       195
         122       0.00      0.00      0.00         1
         123       0.11      0.43      0.17        14
         124       0.29      0.67      0.40         9
         125       0.34      0.60      0.43        43
         126       0.17      0.56      0.26         9
         127       0.59      0.47      0.52       120
         128       0.29      0.51      0.37       100
         129       0.05      0.50      0.10         2
         130       0.21      0.50      0.30         8
         131       0.67      0.71      0.69        51
         132       0.50      0.43      0.46       129
         133       0.29      0.80      0.42         5
         134       0.00      0.00      0.00         0
         135       0.00      0.00      0.00         0
         136       0.00      0.00      0.00         2
         137       0.00      0.00      0.00         4
         138       0.53      0.06      0.12       263
         139       0.12      0.38      0.19        55
         140       0.00      0.00      0.00         1
         141       0.45      0.43      0.44       114
         142       0.24      0.30      0.27        47
         143       0.05      1.00      0.09         1
         144       0.24      0.67      0.36        12
         145       0.07      0.50      0.12         4
         146       0.18      0.71      0.29         7
         147       0.00      0.00      0.00         1
         148       0.14      1.00      0.25         1
         149       0.06      0.25      0.10        12
         150       0.00      0.00      0.00         1
         151       0.00      0.00      0.00         1
         152       0.49      0.56      0.52       326
         153       0.28      0.46      0.35        35
         154       0.00      0.00      0.00         2
         155       0.25      0.28      0.27        47
         156       0.05      0.14      0.08         7
         157       0.19      0.21      0.20        43
         158       0.22      0.19      0.20        43
         159       0.10      0.43      0.16         7
         160       0.07      0.33      0.11         3
         161       0.14      0.50      0.21        12
         162       0.20      0.35      0.25        20
         163       0.21      0.79      0.34        19
         164       0.17      0.37      0.23        19
         165       0.07      0.50      0.12         2
         166       0.19      1.00      0.32         3
         167       0.00      0.00      0.00         3
         168       0.67      0.02      0.04       184
         169       0.22      0.72      0.34        18
         170       0.44      0.64      0.52        28
         171       0.35      0.64      0.45        45
         172       0.18      1.00      0.31         7
         173       0.35      0.33      0.34        24
         174       0.28      0.46      0.35        69
         175       0.00      0.00      0.00         0
         176       0.50      0.50      0.50         2
         177       0.00      0.00      0.00         0
         178       0.40      0.35      0.37        60
         179       0.33      0.69      0.45        16
         180       0.25      0.50      0.33         2
         181       0.31      0.13      0.18       110
         182       0.08      0.01      0.02        81
         183       0.13      0.32      0.18        28
         184       0.15      0.08      0.11        36
         185       0.79      0.05      0.09       241
         186       0.10      0.70      0.17        10
         187       0.66      0.88      0.76       186
         188       0.13      0.71      0.22         7
         189       0.14      0.30      0.19        23
         190       0.18      0.25      0.21        16
         191       0.24      0.33      0.28        15
         192       0.00      0.00      0.00         4
         193       0.36      0.25      0.29        56
         194       0.07      0.33      0.12         6
         195       0.12      0.50      0.19         6
         196       0.50      1.00      0.67         1
         197       0.44      0.80      0.57         5
         198       0.00      0.00      0.00         1
         199       0.28      0.84      0.42        19
         200       0.00      0.00      0.00         0
         201       0.20      1.00      0.33         1
         202       0.00      0.00      0.00         0
         203       0.03      0.20      0.05         5
         204       0.06      1.00      0.11         1
         205       0.00      0.00      0.00         0
         206       0.09      0.41      0.15        22
         207       0.06      0.50      0.10         6
         208       0.10      0.31      0.16        36
         209       0.20      0.67      0.30        24
         210       0.12      0.50      0.20         2
         211       0.07      0.60      0.13         5
         212       0.12      1.00      0.21         5
         213       0.06      0.38      0.11        13
         214       0.19      0.43      0.27        46
         215       0.22      0.40      0.28        55
         216       0.00      0.00      0.00         1
         217       0.00      0.00      0.00         0
         218       0.50      1.00      0.67         1
         219       0.00      0.00      0.00         1
         220       0.33      1.00      0.50         1
         221       0.11      0.33      0.17         3
         222       0.03      0.50      0.05         2
         223       0.24      0.40      0.30       115
         224       0.21      0.53      0.30        15
         225       0.32      0.32      0.32        25
         226       0.85      0.35      0.50       144
         227       0.17      0.71      0.28         7
         228       0.06      0.05      0.05        22
         229       0.26      0.38      0.31        24
         230       0.06      0.12      0.08        16
         231       0.00      0.00      0.00         1
         232       0.11      0.67      0.19         3
         233       1.00      0.50      0.67         2
         234       0.50      1.00      0.67         1
         235       0.10      1.00      0.18         1

    accuracy                           0.32      9977
   macro avg       0.20      0.41      0.21      9977
weighted avg       0.56      0.32      0.34      9977

Note: classes with very few samples (e.g. EC class 7, n=0) are expected to score 0 — insufficient data, not a model failure.

--- Extracting pretrained embeddings (pooling=mean) ---
Traceback (most recent call last):
  File "/projects/F202508983CPCAA0/jcorreia/work/SmartRxnEmbeddings/scripts/train_ec_classifier.py", line 849, in <module>
    main()
  File "/projects/F202508983CPCAA0/jcorreia/work/SmartRxnEmbeddings/scripts/train_ec_classifier.py", line 749, in main
    X_emb, embed_time_pretrained_s = _extract_embeddings(
                                     ^^^^^^^^^^^^^^^^^^^^
  File "/projects/F202508983CPCAA0/jcorreia/work/SmartRxnEmbeddings/scripts/train_ec_classifier.py", line 477, in _extract_embeddings
    model.load_state_dict(state)
  File "/projects/F202508983CPCAA0/jcorreia/work/smartrxn_env/lib/python3.12/site-packages/torch/nn/modules/module.py", line 2581, in load_state_dict
    raise RuntimeError(
RuntimeError: Error(s) in loading state_dict for SmartsMLMModel:
	size mismatch for encoder.pos_embedding.weight: copying a param with shape torch.Size([512, 256]) from checkpoint, the shape in current model is torch.Size([256, 256]).
