Loading labelled SMARTS (EC depth=1)...
EC map built: 214007 labelled SMARTS
After join with validated set: 214007 SMARTS with EC labels
Class distribution:
label
2    92314
1    56568
3    33764
4    18275
6     8223
5     4793
7       70
Sampled 49996 SMARTS (stratified)
Labels: ['1', '2', '3', '4', '5', '6', '7']
Train: 39996 samples | Test: 10000 samples (stratified 80/20)

--- SmartsTokenizer ---

SmartsTokenizer — 10-fold CV results (train=39996, test=10000):
  accuracy : 0.5768 ± 0.0069
  f1_macro : 0.4201 ± 0.0111
  f1_weighted: 0.6083 ± 0.0064
  cv_time  : 11.7 s | fit_time: 60.8 s

Classification report (held-out test set):
              precision    recall  f1-score   support

           0       0.67      0.51      0.58      2643
           1       0.88      0.63      0.74      4314
           2       0.53      0.54      0.53      1578
           3       0.39      0.51      0.44       854
           4       0.19      0.76      0.30       224
           5       0.23      0.72      0.34       384
           6       0.03      0.33      0.05         3

    accuracy                           0.58     10000
   macro avg       0.42      0.57      0.43     10000
weighted avg       0.69      0.58      0.61     10000

Note: classes with very few samples (e.g. EC class 7, n=3) are expected to score 0 — insufficient data, not a model failure.

--- SentencePieceTokenizer (data/processed/sp_tokenizer.model) ---

SentencePieceTokenizer — 10-fold CV results (train=39996, test=10000):
  accuracy : 0.6232 ± 0.0102
  f1_macro : 0.4699 ± 0.0264
  f1_weighted: 0.6474 ± 0.0088
  cv_time  : 12.1 s | fit_time: 10.2 s

Classification report (held-out test set):
              precision    recall  f1-score   support

           0       0.73      0.58      0.65      2643
           1       0.88      0.67      0.76      4314
           2       0.55      0.56      0.55      1578
           3       0.41      0.56      0.47       854
           4       0.25      0.83      0.38       224
           5       0.28      0.74      0.40       384
           6       0.11      0.67      0.18         3

    accuracy                           0.63     10000
   macro avg       0.46      0.66      0.49     10000
weighted avg       0.71      0.63      0.65     10000

Note: classes with very few samples (e.g. EC class 7, n=3) are expected to score 0 — insufficient data, not a model failure.

--- Extracting pretrained embeddings (pooling=mean) ---
Loaded pretrained weights from models/smarts_transformer_20260428_160310.pt (d_model=256, layers=6)
SMARTSDataset: 49996 sequences | max_length=512 | avg_len=116.8 | vocab_size=4465
/projects/F202508983CPCAA0/jcorreia/work/smartrxn_env/lib/python3.12/site-packages/torch/nn/modules/transformer.py:508: UserWarning: The PyTorch API of nested tensors is in prototype stage and will change in the near future. We recommend specifying layout=torch.jagged when constructing a nested tensor, as this layout receives active development, has better operator coverage, and works with torch.compile. (Triggered internally at /pytorch/aten/src/ATen/NestedTensorImpl.cpp:178.)
  output = torch._nested_tensor_from_mask(
Extracted 49996 embeddings | dim=256 | pooling=mean | device=cuda
Embedding extraction (pretrained): 23.1 s for 49996 sequences

--- Extracting random-init embeddings (baseline) ---
Using randomly initialized model (d_model=256, layers=6) — baseline
SMARTSDataset: 49996 sequences | max_length=512 | avg_len=116.8 | vocab_size=4465
Extracted 49996 embeddings | dim=256 | pooling=mean | device=cuda
Embedding extraction (random-init): 17.4 s for 49996 sequences

--- Pretrained embeddings + logreg ---

Pretrained+logreg — 10-fold CV results (train=39996, test=10000, head=logreg):
  accuracy : 0.6796 ± 0.0049
  f1_macro : 0.5294 ± 0.0316
  f1_weighted: 0.6990 ± 0.0045
  cv_time  : 23.2 s | fit_time: 133.6 s

Classification report (held-out test set):
              precision    recall  f1-score   support

           0       0.79      0.61      0.69      2643
           1       0.91      0.73      0.81      4314
           2       0.58      0.63      0.60      1578
           3       0.46      0.64      0.53       854
           4       0.32      0.84      0.46       224
           5       0.31      0.77      0.44       384
           6       0.08      0.33      0.12         3

    accuracy                           0.68     10000
   macro avg       0.49      0.65      0.52     10000
weighted avg       0.75      0.68      0.70     10000


--- Random embeddings + logreg (baseline) ---

Random+logreg — 10-fold CV results (train=39996, test=10000, head=logreg):
  accuracy : 0.4911 ± 0.0065
  f1_macro : 0.3481 ± 0.0161
  f1_weighted: 0.5280 ± 0.0064
  cv_time  : 29.0 s | fit_time: 195.2 s

Classification report (held-out test set):
              precision    recall  f1-score   support

           0       0.63      0.42      0.51      2643
           1       0.83      0.58      0.68      4314
           2       0.38      0.39      0.39      1578
           3       0.28      0.36      0.31       854
           4       0.14      0.66      0.23       224
           5       0.17      0.62      0.26       384
           6       0.00      0.00      0.00         3

    accuracy                           0.49     10000
   macro avg       0.35      0.43      0.34     10000
weighted avg       0.62      0.49      0.53     10000


--- Pretrained embeddings + mlp ---

Pretrained+mlp — 10-fold CV results (train=39996, test=10000, head=mlp):
  accuracy : 0.8380 ± 0.0040
  f1_macro : 0.6836 ± 0.0527
  f1_weighted: 0.8368 ± 0.0046
  cv_time  : 22.8 s | fit_time: 22.0 s

Classification report (held-out test set):
              precision    recall  f1-score   support

           0       0.85      0.86      0.86      2643
           1       0.92      0.92      0.92      4314
           2       0.76      0.79      0.78      1578
           3       0.71      0.67      0.69       854
           4       0.77      0.73      0.75       224
           5       0.75      0.65      0.70       384
           6       0.00      0.00      0.00         3

    accuracy                           0.85     10000
   macro avg       0.68      0.66      0.67     10000
weighted avg       0.85      0.85      0.85     10000


--- Random embeddings + mlp (baseline) ---

Random+mlp — 10-fold CV results (train=39996, test=10000, head=mlp):
  accuracy : 0.6890 ± 0.0035
  f1_macro : 0.5020 ± 0.0649
  f1_weighted: 0.6768 ± 0.0061
  cv_time  : 23.1 s | fit_time: 16.0 s

Classification report (held-out test set):
              precision    recall  f1-score   support

           0       0.64      0.78      0.70      2643
           1       0.78      0.87      0.82      4314
           2       0.58      0.45      0.51      1578
           3       0.54      0.26      0.36       854
           4       0.41      0.25      0.31       224
           5       0.66      0.30      0.41       384
           6       0.00      0.00      0.00         3

    accuracy                           0.69     10000
   macro avg       0.52      0.42      0.44     10000
weighted avg       0.68      0.69      0.67     10000

Results written to results/ec_classifier_20260512_150510.json
Loaded environment from results/ec_classifier_20260512_150510_env.json
Figure saved to results/ec_classifier_20260512_150510_report.pdf
Report written to results/ec_classifier_20260512_150510_report.md
