Loading labelled SMARTS (EC depth=1)...
EC map built: 214007 labelled SMARTS
After join with validated set: 214007 SMARTS with EC labels
Class distribution:
label
2    92314
1    56568
3    33764
4    18275
6     8223
5     4793
7       70
Sampled 49996 SMARTS (stratified)
Labels: ['1', '2', '3', '4', '5', '6', '7']
Train: 39996 samples | Test: 10000 samples (stratified 80/20)

--- SmartsTokenizer ---

SmartsTokenizer — 10-fold CV results (train=39996, test=10000):
  accuracy : 0.5768 ± 0.0069
  f1_macro : 0.4201 ± 0.0111
  f1_weighted: 0.6083 ± 0.0064
  cv_time  : 10.2 s | fit_time: 49.8 s

Classification report (held-out test set):
              precision    recall  f1-score   support

           0       0.67      0.51      0.58      2643
           1       0.88      0.63      0.74      4314
           2       0.53      0.54      0.53      1578
           3       0.39      0.51      0.44       854
           4       0.19      0.76      0.30       224
           5       0.23      0.72      0.34       384
           6       0.03      0.33      0.05         3

    accuracy                           0.58     10000
   macro avg       0.42      0.57      0.43     10000
weighted avg       0.69      0.58      0.61     10000

Note: classes with very few samples (e.g. EC class 7, n=3) are expected to score 0 — insufficient data, not a model failure.

--- SentencePieceTokenizer (data/processed/sp_tokenizer.model) ---

SentencePieceTokenizer — 10-fold CV results (train=39996, test=10000):
  accuracy : 0.6232 ± 0.0102
  f1_macro : 0.4699 ± 0.0264
  f1_weighted: 0.6474 ± 0.0088
  cv_time  : 11.6 s | fit_time: 10.0 s

Classification report (held-out test set):
              precision    recall  f1-score   support

           0       0.73      0.58      0.65      2643
           1       0.88      0.67      0.76      4314
           2       0.55      0.56      0.55      1578
           3       0.41      0.56      0.47       854
           4       0.25      0.83      0.38       224
           5       0.28      0.74      0.40       384
           6       0.11      0.67      0.18         3

    accuracy                           0.63     10000
   macro avg       0.46      0.66      0.49     10000
weighted avg       0.71      0.63      0.65     10000

Note: classes with very few samples (e.g. EC class 7, n=3) are expected to score 0 — insufficient data, not a model failure.

--- Extracting pretrained embeddings (pooling=mean) ---
Traceback (most recent call last):
  File "/projects/F202508983CPCAA0/jcorreia/work/SmartRxnEmbeddings/scripts/train_ec_classifier.py", line 849, in <module>
    main()
  File "/projects/F202508983CPCAA0/jcorreia/work/SmartRxnEmbeddings/scripts/train_ec_classifier.py", line 749, in main
    X_emb, embed_time_pretrained_s = _extract_embeddings(
                                     ^^^^^^^^^^^^^^^^^^^^
  File "/projects/F202508983CPCAA0/jcorreia/work/SmartRxnEmbeddings/scripts/train_ec_classifier.py", line 477, in _extract_embeddings
    model.load_state_dict(state)
  File "/projects/F202508983CPCAA0/jcorreia/work/smartrxn_env/lib/python3.12/site-packages/torch/nn/modules/module.py", line 2581, in load_state_dict
    raise RuntimeError(
RuntimeError: Error(s) in loading state_dict for SmartsMLMModel:
	size mismatch for encoder.pos_embedding.weight: copying a param with shape torch.Size([512, 256]) from checkpoint, the shape in current model is torch.Size([256, 256]).
