Loading labelled SMARTS (EC depth=2)...
EC map built: 214007 labelled SMARTS
After join with validated set: 214007 SMARTS with EC labels
Dropping 5 rare classes (<10 samples): ['1.9', '3.12', '4', '7.1', '7.3']
Class distribution:
label
2.4     31018
1.14    20972
2.3     19380
2.1     12511
1.1     11962
3.1     10897
2.7     10557
4.2      9504
2.5      8629
3.2      7750
3.5      6613
4.1      5472
1.3      5375
6.3      5095
2.6      4934
1.13     4408
1.2      4400
2.8      4137
3.4      3854
6.2      2469
5.3      1905
1.5      1725
3.6      1548
5.4      1508
1.11     1374
3.7      1276
1.4      1249
4.3      1243
4.4      1210
5.5      1168
3.3      1064
2.2       964
1.17      936
1.8       824
1.10      759
1.21      595
1         571
1.7       523
1.6       465
4.99      417
3.8       352
6.4       343
3.13      268
6.1       166
5.1       149
1.23      141
4.6       140
4.5       135
2.10      128
1.97      109
4.8       106
1.12       80
6.6        70
2          56
7.2        50
3          48
1.20       42
3.9        42
6.7        38
1.16       32
3.11       26
6          26
1.18       24
4.98       23
5.2        22
3.10       19
5.6        19
4.7        17
6.5        16
5          12
7.6        12
5.99       10
Sampled 49962 SMARTS (stratified)
Labels: ['1', '1.1', '1.10', '1.11', '1.12', '1.13', '1.14', '1.16', '1.17', '1.18', '1.2', '1.20', '1.21', '1.23', '1.3', '1.4', '1.5', '1.6', '1.7', '1.8', '1.97', '2', '2.1', '2.10', '2.2', '2.3', '2.4', '2.5', '2.6', '2.7', '2.8', '3', '3.1', '3.10', '3.11', '3.13', '3.2', '3.3', '3.4', '3.5', '3.6', '3.7', '3.8', '3.9', '4.1', '4.2', '4.3', '4.4', '4.5', '4.6', '4.7', '4.8', '4.98', '4.99', '5', '5.1', '5.2', '5.3', '5.4', '5.5', '5.6', '5.99', '6', '6.1', '6.2', '6.3', '6.4', '6.5', '6.6', '6.7', '7.2', '7.6']
Train: 39969 samples | Test: 9993 samples (stratified 80/20)

--- SmartsTokenizer ---

SmartsTokenizer — 10-fold CV results (train=39969, test=9993):
  accuracy : 0.3979 ± 0.0059
  f1_macro : 0.2373 ± 0.0167
  f1_weighted: 0.4216 ± 0.0070
  cv_time  : 15.1 s | fit_time: 47.8 s

Classification report (held-out test set):
              precision    recall  f1-score   support

           1       0.07      0.41      0.12        27
         1.1       0.53      0.18      0.27       559
        1.10       0.04      0.23      0.07        35
        1.11       0.08      0.19      0.11        64
        1.12       0.00      0.00      0.00         4
        1.13       0.39      0.36      0.37       206
        1.14       0.68      0.09      0.16       980
        1.16       1.00      1.00      1.00         1
        1.17       0.11      0.36      0.16        44
        1.18       0.00      0.00      0.00         1
         1.2       0.27      0.25      0.26       206
        1.20       0.00      0.00      0.00         2
        1.21       0.08      0.57      0.14        28
        1.23       0.01      0.17      0.03         6
         1.3       0.34      0.18      0.23       251
         1.4       0.24      0.55      0.33        58
         1.5       0.19      0.41      0.26        81
         1.6       0.14      0.59      0.23        22
         1.7       0.08      0.46      0.14        24
         1.8       0.21      0.53      0.30        38
        1.97       0.03      0.20      0.05         5
           2       0.08      0.67      0.14         3
         2.1       0.78      0.51      0.62       585
        2.10       0.31      0.83      0.45         6
         2.2       0.17      0.73      0.27        45
         2.3       0.77      0.38      0.51       906
         2.4       0.85      0.69      0.76      1450
         2.5       0.63      0.42      0.50       403
         2.6       0.62      0.73      0.67       231
         2.7       0.63      0.49      0.55       493
         2.8       0.42      0.46      0.44       193
           3       0.00      0.00      0.00         2
         3.1       0.55      0.14      0.22       509
        3.10       0.50      1.00      0.67         1
        3.11       0.07      1.00      0.13         1
        3.13       0.04      0.25      0.07        12
         3.2       0.50      0.67      0.57       362
         3.3       0.16      0.54      0.25        50
         3.4       0.46      0.64      0.54       180
         3.5       0.51      0.25      0.34       309
         3.6       0.17      0.57      0.26        72
         3.7       0.12      0.38      0.19        60
         3.8       0.28      0.69      0.40        16
         3.9       0.18      1.00      0.31         2
         4.1       0.22      0.06      0.09       256
         4.2       0.68      0.36      0.47       444
         4.3       0.14      0.24      0.18        58
         4.4       0.18      0.36      0.24        56
         4.5       0.00      0.00      0.00         6
         4.6       0.00      0.00      0.00         6
         4.7       1.00      1.00      1.00         1
         4.8       0.15      1.00      0.26         5
        4.98       0.00      0.00      0.00         1
        4.99       0.19      0.84      0.31        19
           5       0.00      0.00      0.00         0
         5.1       0.00      0.00      0.00         7
         5.2       0.06      1.00      0.11         1
         5.3       0.13      0.38      0.19        89
         5.4       0.09      0.24      0.13        70
         5.5       0.12      0.54      0.20        54
         5.6       0.00      0.00      0.00         1
        5.99       0.00      0.00      0.00         0
           6       0.00      0.00      0.00         1
         6.1       0.04      0.38      0.07         8
         6.2       0.20      0.71      0.32       115
         6.3       0.51      0.40      0.45       238
         6.4       0.06      0.50      0.11        16
         6.5       0.00      0.00      0.00         1
         6.6       0.06      0.33      0.11         3
         6.7       1.00      0.50      0.67         2
         7.2       0.03      0.50      0.06         2
         7.6       0.00      0.00      0.00         0

    accuracy                           0.40      9993
   macro avg       0.25      0.40      0.25      9993
weighted avg       0.57      0.40      0.43      9993

Note: classes with very few samples (e.g. EC class 7, n=0) are expected to score 0 — insufficient data, not a model failure.

--- SentencePieceTokenizer (data/processed/sp_tokenizer.model) ---

SentencePieceTokenizer — 10-fold CV results (train=39969, test=9993):
  accuracy : 0.4617 ± 0.0083
  f1_macro : 0.2918 ± 0.0233
  f1_weighted: 0.4867 ± 0.0087
  cv_time  : 17.4 s | fit_time: 46.9 s

Classification report (held-out test set):
              precision    recall  f1-score   support

           1       0.04      0.19      0.06        27
         1.1       0.58      0.28      0.37       559
        1.10       0.08      0.37      0.13        35
        1.11       0.14      0.28      0.19        64
        1.12       0.07      0.25      0.11         4
        1.13       0.45      0.52      0.48       206
        1.14       0.73      0.20      0.32       980
        1.16       1.00      1.00      1.00         1
        1.17       0.10      0.41      0.16        44
        1.18       0.50      1.00      0.67         1
         1.2       0.31      0.29      0.30       206
        1.20       0.33      0.50      0.40         2
        1.21       0.11      0.54      0.19        28
        1.23       0.14      0.50      0.21         6
         1.3       0.36      0.21      0.27       251
         1.4       0.18      0.50      0.26        58
         1.5       0.20      0.40      0.26        81
         1.6       0.18      0.59      0.28        22
         1.7       0.12      0.54      0.19        24
         1.8       0.17      0.53      0.26        38
        1.97       0.03      0.20      0.06         5
           2       0.17      0.67      0.27         3
         2.1       0.78      0.57      0.66       585
        2.10       0.50      1.00      0.67         6
         2.2       0.23      0.76      0.36        45
         2.3       0.79      0.43      0.56       906
         2.4       0.89      0.71      0.79      1450
         2.5       0.75      0.51      0.61       403
         2.6       0.59      0.72      0.65       231
         2.7       0.62      0.49      0.55       493
         2.8       0.45      0.56      0.50       193
           3       0.00      0.00      0.00         2
         3.1       0.64      0.20      0.31       509
        3.10       0.25      1.00      0.40         1
        3.11       0.12      1.00      0.22         1
        3.13       0.06      0.33      0.11        12
         3.2       0.50      0.72      0.59       362
         3.3       0.22      0.64      0.32        50
         3.4       0.46      0.66      0.54       180
         3.5       0.44      0.27      0.33       309
         3.6       0.17      0.61      0.27        72
         3.7       0.17      0.50      0.26        60
         3.8       0.29      0.56      0.38        16
         3.9       0.17      0.50      0.25         2
         4.1       0.36      0.17      0.23       256
         4.2       0.71      0.41      0.52       444
         4.3       0.22      0.53      0.31        58
         4.4       0.23      0.50      0.31        56
         4.5       0.15      0.67      0.24         6
         4.6       0.03      0.17      0.05         6
         4.7       0.00      0.00      0.00         1
         4.8       0.25      1.00      0.40         5
        4.98       0.00      0.00      0.00         1
        4.99       0.28      0.95      0.43        19
           5       0.00      0.00      0.00         0
         5.1       0.00      0.00      0.00         7
         5.2       0.14      1.00      0.25         1
         5.3       0.17      0.36      0.23        89
         5.4       0.14      0.40      0.20        70
         5.5       0.21      0.65      0.32        54
         5.6       0.00      0.00      0.00         1
        5.99       0.00      0.00      0.00         0
           6       0.00      0.00      0.00         1
         6.1       0.06      0.38      0.10         8
         6.2       0.24      0.71      0.35       115
         6.3       0.56      0.46      0.50       238
         6.4       0.08      0.38      0.14        16
         6.5       0.00      0.00      0.00         1
         6.6       0.10      0.67      0.17         3
         6.7       0.67      1.00      0.80         2
         7.2       0.07      0.50      0.12         2
         7.6       0.00      0.00      0.00         0

    accuracy                           0.46      9993
   macro avg       0.27      0.47      0.30      9993
weighted avg       0.61      0.46      0.49      9993

Note: classes with very few samples (e.g. EC class 7, n=0) are expected to score 0 — insufficient data, not a model failure.

--- Extracting pretrained embeddings (pooling=mean) ---
Loaded pretrained weights from models/smarts_transformer_20260410_111830.pt (d_model=256, layers=6)
SMARTSDataset: 49962 sequences | max_length=256 | avg_len=116.9 | vocab_size=4465
/projects/F202508983CPCAA0/jcorreia/work/smartrxn_env/lib/python3.12/site-packages/torch/nn/modules/transformer.py:508: UserWarning: The PyTorch API of nested tensors is in prototype stage and will change in the near future. We recommend specifying layout=torch.jagged when constructing a nested tensor, as this layout receives active development, has better operator coverage, and works with torch.compile. (Triggered internally at /pytorch/aten/src/ATen/NestedTensorImpl.cpp:178.)
  output = torch._nested_tensor_from_mask(
Extracted 49962 embeddings | dim=256 | pooling=mean | device=cuda
Embedding extraction (pretrained): 18.1 s for 49962 sequences

--- Extracting random-init embeddings (baseline) ---
Using randomly initialized model (d_model=256, layers=6) — baseline
SMARTSDataset: 49962 sequences | max_length=256 | avg_len=116.9 | vocab_size=4465
Extracted 49962 embeddings | dim=256 | pooling=mean | device=cuda
Embedding extraction (random-init): 14.7 s for 49962 sequences

--- Pretrained embeddings + logreg ---

Pretrained+logreg — 10-fold CV results (train=39969, test=9993, head=logreg):
  accuracy : 0.6091 ± 0.0109
  f1_macro : 0.4302 ± 0.0197
  f1_weighted: 0.6257 ± 0.0109
  cv_time  : 64.1 s | fit_time: 307.5 s
Traceback (most recent call last):
  File "/projects/F202508983CPCAA0/jcorreia/work/SmartRxnEmbeddings/scripts/train_ec_classifier.py", line 845, in <module>
    main()
  File "/projects/F202508983CPCAA0/jcorreia/work/SmartRxnEmbeddings/scripts/train_ec_classifier.py", line 773, in main
    evaluate_embeddings(
  File "/projects/F202508983CPCAA0/jcorreia/work/SmartRxnEmbeddings/scripts/train_ec_classifier.py", line 418, in evaluate_embeddings
    report_str = classification_report(
                 ^^^^^^^^^^^^^^^^^^^^^^
  File "/projects/F202508983CPCAA0/jcorreia/work/smartrxn_env/lib/python3.12/site-packages/sklearn/utils/_param_validation.py", line 218, in wrapper
    return func(*args, **kwargs)
           ^^^^^^^^^^^^^^^^^^^^^
  File "/projects/F202508983CPCAA0/jcorreia/work/smartrxn_env/lib/python3.12/site-packages/sklearn/metrics/_classification.py", line 3097, in classification_report
    raise ValueError(
ValueError: Number of classes, 71, does not match size of target_names, 72. Try specifying the labels parameter
