Loading labelled SMARTS (EC depth=2)...
EC map built: 214007 labelled SMARTS
After join with validated set: 214007 SMARTS with EC labels
Class distribution:
label
2.4     31018
1.14    20972
2.3     19380
2.1     12511
1.1     11962
3.1     10897
2.7     10557
4.2      9504
2.5      8629
3.2      7750
3.5      6613
4.1      5472
1.3      5375
6.3      5095
2.6      4934
1.13     4408
1.2      4400
2.8      4137
3.4      3854
6.2      2469
5.3      1905
1.5      1725
3.6      1548
5.4      1508
1.11     1374
3.7      1276
1.4      1249
4.3      1243
4.4      1210
5.5      1168
3.3      1064
2.2       964
1.17      936
1.8       824
1.10      759
1.21      595
1         571
1.7       523
1.6       465
4.99      417
3.8       352
6.4       343
3.13      268
6.1       166
5.1       149
1.23      141
4.6       140
4.5       135
2.10      128
1.97      109
4.8       106
1.12       80
6.6        70
2          56
7.2        50
3          48
1.20       42
3.9        42
6.7        38
1.16       32
3.11       26
6          26
1.18       24
4.98       23
5.2        22
3.10       19
5.6        19
4.7        17
6.5        16
5          12
7.6        12
5.99       10
4           8
3.12        7
7.1         4
7.3         4
1.9         2
Sampled 49962 SMARTS (stratified)
Labels: ['1', '1.1', '1.10', '1.11', '1.12', '1.13', '1.14', '1.16', '1.17', '1.18', '1.2', '1.20', '1.21', '1.23', '1.3', '1.4', '1.5', '1.6', '1.7', '1.8', '1.9', '1.97', '2', '2.1', '2.10', '2.2', '2.3', '2.4', '2.5', '2.6', '2.7', '2.8', '3', '3.1', '3.10', '3.11', '3.12', '3.13', '3.2', '3.3', '3.4', '3.5', '3.6', '3.7', '3.8', '3.9', '4', '4.1', '4.2', '4.3', '4.4', '4.5', '4.6', '4.7', '4.8', '4.98', '4.99', '5', '5.1', '5.2', '5.3', '5.4', '5.5', '5.6', '5.99', '6', '6.1', '6.2', '6.3', '6.4', '6.5', '6.6', '6.7', '7.1', '7.2', '7.3', '7.6']
Traceback (most recent call last):
  File "/projects/F202508983CPCAA0/jcorreia/work/SmartRxnEmbeddings/scripts/train_ec_classifier.py", line 836, in <module>
    main()
  File "/projects/F202508983CPCAA0/jcorreia/work/SmartRxnEmbeddings/scripts/train_ec_classifier.py", line 654, in main
    train_idx, test_idx, y_train, y_test = train_test_split(
                                           ^^^^^^^^^^^^^^^^^
  File "/projects/F202508983CPCAA0/jcorreia/work/smartrxn_env/lib/python3.12/site-packages/sklearn/utils/_param_validation.py", line 218, in wrapper
    return func(*args, **kwargs)
           ^^^^^^^^^^^^^^^^^^^^^
  File "/projects/F202508983CPCAA0/jcorreia/work/smartrxn_env/lib/python3.12/site-packages/sklearn/model_selection/_split.py", line 2945, in train_test_split
    train, test = next(cv.split(X=arrays[0], y=stratify))
                  ^^^^^^^^^^^^^^^^^^^^^^^^^^^^^^^^^^^^^^^
  File "/projects/F202508983CPCAA0/jcorreia/work/smartrxn_env/lib/python3.12/site-packages/sklearn/model_selection/_split.py", line 1928, in split
    for train, test in self._iter_indices(X, y, groups):
  File "/projects/F202508983CPCAA0/jcorreia/work/smartrxn_env/lib/python3.12/site-packages/sklearn/model_selection/_split.py", line 2346, in _iter_indices
    raise ValueError(
ValueError: The least populated classes in y have only 1 member, which is too few. The minimum number of groups for any class cannot be less than 2. Classes with too few members are: [20, 36, 46, 73, 75]
