Loading labelled SMARTS (EC depth=2)...
EC map built: 214007 labelled SMARTS
After join with validated set: 214007 SMARTS with EC labels
Dropping 5 rare classes (<10 samples): ['1.9', '3.12', '4', '7.1', '7.3']
Class distribution:
label
2.4     31018
1.14    20972
2.3     19380
2.1     12511
1.1     11962
3.1     10897
2.7     10557
4.2      9504
2.5      8629
3.2      7750
3.5      6613
4.1      5472
1.3      5375
6.3      5095
2.6      4934
1.13     4408
1.2      4400
2.8      4137
3.4      3854
6.2      2469
5.3      1905
1.5      1725
3.6      1548
5.4      1508
1.11     1374
3.7      1276
1.4      1249
4.3      1243
4.4      1210
5.5      1168
3.3      1064
2.2       964
1.17      936
1.8       824
1.10      759
1.21      595
1         571
1.7       523
1.6       465
4.99      417
3.8       352
6.4       343
3.13      268
6.1       166
5.1       149
1.23      141
4.6       140
4.5       135
2.10      128
1.97      109
4.8       106
1.12       80
6.6        70
2          56
7.2        50
3          48
1.20       42
3.9        42
6.7        38
1.16       32
3.11       26
6          26
1.18       24
4.98       23
5.2        22
3.10       19
5.6        19
4.7        17
6.5        16
5          12
7.6        12
5.99       10
Sampled 49962 SMARTS (stratified)
Labels: ['1', '1.1', '1.10', '1.11', '1.12', '1.13', '1.14', '1.16', '1.17', '1.18', '1.2', '1.20', '1.21', '1.23', '1.3', '1.4', '1.5', '1.6', '1.7', '1.8', '1.97', '2', '2.1', '2.10', '2.2', '2.3', '2.4', '2.5', '2.6', '2.7', '2.8', '3', '3.1', '3.10', '3.11', '3.13', '3.2', '3.3', '3.4', '3.5', '3.6', '3.7', '3.8', '3.9', '4.1', '4.2', '4.3', '4.4', '4.5', '4.6', '4.7', '4.8', '4.98', '4.99', '5', '5.1', '5.2', '5.3', '5.4', '5.5', '5.6', '5.99', '6', '6.1', '6.2', '6.3', '6.4', '6.5', '6.6', '6.7', '7.2', '7.6']
Train: 39969 samples | Test: 9993 samples (stratified 80/20)

--- SmartsTokenizer ---

SmartsTokenizer — 10-fold CV results (train=39969, test=9993):
  accuracy : 0.3979 ± 0.0059
  f1_macro : 0.2373 ± 0.0167
  f1_weighted: 0.4216 ± 0.0070
  cv_time  : 15.7 s | fit_time: 28.1 s

Classification report (held-out test set):
              precision    recall  f1-score   support

           0       0.07      0.41      0.12        27
           1       0.53      0.18      0.27       559
           2       0.04      0.23      0.07        35
           3       0.08      0.19      0.11        64
           4       0.00      0.00      0.00         4
           5       0.39      0.36      0.37       206
           6       0.68      0.09      0.16       980
           7       1.00      1.00      1.00         1
           8       0.11      0.36      0.16        44
           9       0.00      0.00      0.00         1
          10       0.27      0.25      0.26       206
          11       0.00      0.00      0.00         2
          12       0.08      0.57      0.14        28
          13       0.01      0.17      0.03         6
          14       0.34      0.18      0.23       251
          15       0.24      0.55      0.33        58
          16       0.19      0.41      0.26        81
          17       0.14      0.59      0.23        22
          18       0.08      0.46      0.14        24
          19       0.21      0.53      0.30        38
          20       0.03      0.20      0.05         5
          21       0.08      0.67      0.14         3
          22       0.78      0.51      0.62       585
          23       0.31      0.83      0.45         6
          24       0.17      0.73      0.27        45
          25       0.77      0.38      0.51       906
          26       0.85      0.69      0.76      1450
          27       0.63      0.42      0.50       403
          28       0.62      0.73      0.67       231
          29       0.63      0.49      0.55       493
          30       0.42      0.46      0.44       193
          31       0.00      0.00      0.00         2
          32       0.55      0.14      0.22       509
          33       0.50      1.00      0.67         1
          34       0.07      1.00      0.13         1
          35       0.04      0.25      0.07        12
          36       0.50      0.67      0.57       362
          37       0.16      0.54      0.25        50
          38       0.46      0.64      0.54       180
          39       0.51      0.25      0.34       309
          40       0.17      0.57      0.26        72
          41       0.12      0.38      0.19        60
          42       0.28      0.69      0.40        16
          43       0.18      1.00      0.31         2
          44       0.22      0.06      0.09       256
          45       0.68      0.36      0.47       444
          46       0.14      0.24      0.18        58
          47       0.18      0.36      0.24        56
          48       0.00      0.00      0.00         6
          49       0.00      0.00      0.00         6
          50       1.00      1.00      1.00         1
          51       0.15      1.00      0.26         5
          52       0.00      0.00      0.00         1
          53       0.19      0.84      0.31        19
          54       0.00      0.00      0.00         0
          55       0.00      0.00      0.00         7
          56       0.06      1.00      0.11         1
          57       0.13      0.38      0.19        89
          58       0.09      0.24      0.13        70
          59       0.12      0.54      0.20        54
          60       0.00      0.00      0.00         1
          61       0.00      0.00      0.00         0
          62       0.00      0.00      0.00         1
          63       0.04      0.38      0.07         8
          64       0.20      0.71      0.32       115
          65       0.51      0.40      0.45       238
          66       0.06      0.50      0.11        16
          67       0.00      0.00      0.00         1
          68       0.06      0.33      0.11         3
          69       1.00      0.50      0.67         2
          70       0.03      0.50      0.06         2
          71       0.00      0.00      0.00         0

    accuracy                           0.40      9993
   macro avg       0.25      0.40      0.25      9993
weighted avg       0.57      0.40      0.43      9993

Note: classes with very few samples (e.g. EC class 7, n=0) are expected to score 0 — insufficient data, not a model failure.

--- SentencePieceTokenizer (data/processed/sp_tokenizer.model) ---

SentencePieceTokenizer — 10-fold CV results (train=39969, test=9993):
  accuracy : 0.4617 ± 0.0083
  f1_macro : 0.2918 ± 0.0233
  f1_weighted: 0.4867 ± 0.0087
  cv_time  : 17.0 s | fit_time: 34.3 s

Classification report (held-out test set):
              precision    recall  f1-score   support

           0       0.04      0.19      0.06        27
           1       0.58      0.28      0.37       559
           2       0.08      0.37      0.13        35
           3       0.14      0.28      0.19        64
           4       0.07      0.25      0.11         4
           5       0.45      0.52      0.48       206
           6       0.73      0.20      0.32       980
           7       1.00      1.00      1.00         1
           8       0.10      0.41      0.16        44
           9       0.50      1.00      0.67         1
          10       0.31      0.29      0.30       206
          11       0.33      0.50      0.40         2
          12       0.11      0.54      0.19        28
          13       0.14      0.50      0.21         6
          14       0.36      0.21      0.27       251
          15       0.18      0.50      0.26        58
          16       0.20      0.40      0.26        81
          17       0.18      0.59      0.28        22
          18       0.12      0.54      0.19        24
          19       0.17      0.53      0.26        38
          20       0.03      0.20      0.06         5
          21       0.17      0.67      0.27         3
          22       0.78      0.57      0.66       585
          23       0.50      1.00      0.67         6
          24       0.23      0.76      0.36        45
          25       0.79      0.43      0.56       906
          26       0.89      0.71      0.79      1450
          27       0.75      0.51      0.61       403
          28       0.59      0.72      0.65       231
          29       0.62      0.49      0.55       493
          30       0.45      0.56      0.50       193
          31       0.00      0.00      0.00         2
          32       0.64      0.20      0.31       509
          33       0.25      1.00      0.40         1
          34       0.12      1.00      0.22         1
          35       0.06      0.33      0.11        12
          36       0.50      0.72      0.59       362
          37       0.22      0.64      0.32        50
          38       0.46      0.66      0.54       180
          39       0.44      0.27      0.33       309
          40       0.17      0.61      0.27        72
          41       0.17      0.50      0.26        60
          42       0.29      0.56      0.38        16
          43       0.17      0.50      0.25         2
          44       0.36      0.17      0.23       256
          45       0.71      0.41      0.52       444
          46       0.22      0.53      0.31        58
          47       0.23      0.50      0.31        56
          48       0.15      0.67      0.24         6
          49       0.03      0.17      0.05         6
          50       0.00      0.00      0.00         1
          51       0.25      1.00      0.40         5
          52       0.00      0.00      0.00         1
          53       0.28      0.95      0.43        19
          54       0.00      0.00      0.00         0
          55       0.00      0.00      0.00         7
          56       0.14      1.00      0.25         1
          57       0.17      0.36      0.23        89
          58       0.14      0.40      0.20        70
          59       0.21      0.65      0.32        54
          60       0.00      0.00      0.00         1
          61       0.00      0.00      0.00         0
          62       0.00      0.00      0.00         1
          63       0.06      0.38      0.10         8
          64       0.24      0.71      0.35       115
          65       0.56      0.46      0.50       238
          66       0.08      0.38      0.14        16
          67       0.00      0.00      0.00         1
          68       0.10      0.67      0.17         3
          69       0.67      1.00      0.80         2
          70       0.07      0.50      0.12         2
          71       0.00      0.00      0.00         0

    accuracy                           0.46      9993
   macro avg       0.27      0.47      0.30      9993
weighted avg       0.61      0.46      0.49      9993

Note: classes with very few samples (e.g. EC class 7, n=0) are expected to score 0 — insufficient data, not a model failure.

--- Extracting pretrained embeddings (pooling=mean) ---
Traceback (most recent call last):
  File "/projects/F202508983CPCAA0/jcorreia/work/SmartRxnEmbeddings/scripts/train_ec_classifier.py", line 849, in <module>
    main()
  File "/projects/F202508983CPCAA0/jcorreia/work/SmartRxnEmbeddings/scripts/train_ec_classifier.py", line 749, in main
    X_emb, embed_time_pretrained_s = _extract_embeddings(
                                     ^^^^^^^^^^^^^^^^^^^^
  File "/projects/F202508983CPCAA0/jcorreia/work/SmartRxnEmbeddings/scripts/train_ec_classifier.py", line 477, in _extract_embeddings
    model.load_state_dict(state)
  File "/projects/F202508983CPCAA0/jcorreia/work/smartrxn_env/lib/python3.12/site-packages/torch/nn/modules/module.py", line 2581, in load_state_dict
    raise RuntimeError(
RuntimeError: Error(s) in loading state_dict for SmartsMLMModel:
	size mismatch for encoder.pos_embedding.weight: copying a param with shape torch.Size([512, 256]) from checkpoint, the shape in current model is torch.Size([256, 256]).
