=== Job started on Wed 22 Apr 11:17:22 WEST 2026 ===
Running on node(s): gnx504
=== torch cu124 already present — skipping reinstall ===
Python executable: /projects/F202508983CPCAA0/jcorreia/work/smartrxn_env/bin/python
Python 3.12.3
torch: 2.6.0+cu124 | CUDA: True

Weights:       models/smarts_transformer_20260410_111830.pt
Config:        models/smarts_transformer_20260410_111830.json
Vocab:         data/processed/vocab.json
Data:          data/processed/validated_smarts.csv
Output:        data/embeddings/reaction_embeddings.npy
SMARTS output: data/embeddings/reaction_smarts.txt
Pooling:       mean
Batch size:    256

=== Extracting embeddings (Wed 22 Apr 11:18:00 WEST 2026) ===

Embeddings: data/embeddings/reaction_embeddings.npy
SMARTS list: data/embeddings/reaction_smarts.txt

=== Tracking embedding artifacts with DVC (Wed 22 Apr 11:20:04 WEST 2026) ===

To track the changes with git, run:

	git add data/embeddings/reaction_smarts.txt.dvc data/embeddings/reaction_embeddings.npy.dvc

To enable auto staging, run:

	dvc config core.autostage true
[dev f564e1d] [DVC] Track reaction embeddings (pooling=mean)
 2 files changed, 10 insertions(+)
 create mode 100644 data/embeddings/reaction_embeddings.npy.dvc
 create mode 100644 data/embeddings/reaction_smarts.txt.dvc
2 files pushed
=== Job finished on Wed 22 Apr 11:20:22 WEST 2026 ===
