=== Job started on Wed 29 Apr 10:56:28 WEST 2026 ===
Running on node(s): gnx504
=== torch cu124 already present — skipping reinstall ===
Python executable: /projects/F202508983CPCAA0/jcorreia/work/smartrxn_env/bin/python
Python 3.12.3
torch: 2.6.0+cu124 | CUDA: True

Weights:       models/smarts_transformer_20260428_160310.pt
Config:        models/smarts_transformer_20260428_160310.json
Vocab:         data/processed/vocab.json
Data:          data/processed/validated_smarts.csv
Output:        data/embeddings/reaction_embeddings_512.npy
SMARTS output: data/embeddings/reaction_smarts_512.txt
Pooling:       mean
Batch size:    256

=== Extracting embeddings (Wed 29 Apr 10:57:01 WEST 2026) ===

Embeddings: data/embeddings/reaction_embeddings_512.npy
SMARTS list: data/embeddings/reaction_smarts_512.txt

=== Tracking embedding artifacts with DVC (Wed 29 Apr 10:59:37 WEST 2026) ===

To track the changes with git, run:

	git add data/embeddings/reaction_smarts_512.txt.dvc data/embeddings/reaction_embeddings_512.npy.dvc

To enable auto staging, run:

	dvc config core.autostage true
[dev b0f6c61] [DVC] Track reaction embeddings (pooling=mean)
 2 files changed, 10 insertions(+)
 create mode 100644 data/embeddings/reaction_embeddings_512.npy.dvc
 create mode 100644 data/embeddings/reaction_smarts_512.txt.dvc
1 file pushed
=== Job finished on Wed 29 Apr 10:59:50 WEST 2026 ===
