Loading embeddings from data/embeddings/reaction_embeddings_512.npy...
Embeddings shape: (361751, 256)
Loading SMARTS list from data/embeddings/reaction_smarts_512.txt...
SMARTS with EC label (depth=2): 212952 / 361751
EC labels (depth=2): 212952 / 361751 (58.9%)
/projects/F202508983CPCAA0/jcorreia/work/SmartRxnEmbeddings/scripts/plot_umap.py:96: MatplotlibDeprecationWarning: The get_cmap function was deprecated in Matplotlib 3.7 and will be removed in 3.11. Use ``matplotlib.colormaps[name]`` or ``matplotlib.colormaps.get_cmap()`` or ``pyplot.get_cmap()`` instead.
  cmap = cm.get_cmap(_FAMILY_CMAPS.get(top, "Greys"))
Subclasses found (depth=2): 77
  EC 1: 571
  EC 1.1: 11948
  EC 1.10: 749
  EC 1.11: 1374
  EC 1.12: 80
  EC 1.13: 4395
  EC 1.14: 20600
  EC 1.16: 32
  EC 1.17: 926
  EC 1.18: 24
  EC 1.2: 4359
  EC 1.20: 42
  EC 1.21: 595
  EC 1.23: 141
  EC 1.3: 5331
  EC 1.4: 1239
  EC 1.5: 1714
  EC 1.6: 465
  EC 1.7: 522
  EC 1.8: 801
  EC 1.9: 2
  EC 1.97: 108
  EC 2: 56
  EC 2.1: 12492
  EC 2.10: 128
  EC 2.2: 964
  EC 2.3: 19367
  EC 2.4: 30973
  EC 2.5: 8580
  EC 2.6: 4917
  EC 2.7: 10526
  EC 2.8: 4096
  EC 3: 48
  EC 3.1: 10864
  EC 3.10: 19
  EC 3.11: 26
  EC 3.12: 7
  EC 3.13: 268
  EC 3.2: 7747
  EC 3.3: 1062
  EC 3.4: 3847
  EC 3.5: 6582
  EC 3.6: 1533
  EC 3.7: 1275
  EC 3.8: 351
  EC 3.9: 42
  EC 4: 8
  EC 4.1: 5445
  EC 4.2: 9465
  EC 4.3: 1243
  EC 4.4: 1195
  EC 4.5: 133
  EC 4.6: 138
  EC 4.7: 17
  EC 4.8: 106
  EC 4.98: 23
  EC 4.99: 416
  EC 5: 12
  EC 5.1: 149
  EC 5.2: 22
  EC 5.3: 1905
  EC 5.4: 1449
  EC 5.5: 1146
  EC 5.6: 19
  EC 5.99: 10
  EC 6: 26
  EC 6.1: 166
  EC 6.2: 2460
  EC 6.3: 5074
  EC 6.4: 343
  EC 6.5: 16
  EC 6.6: 70
  EC 6.7: 38
  EC 7.1: 4
  EC 7.2: 50
  EC 7.3: 4
  EC 7.6: 12
Loading cached UMAP coordinates from results/figures/reaction_embeddings_512_umap_coords.npy
Figure saved to results/figures/umap_embedding_space_d2.pdf
