=== Job started on Wed 29 Apr 11:56:28 WEST 2026 ===
Running on node(s): gnx510
Python executable: /projects/F202508983CPCAA0/jcorreia/work/smartrxn_env/bin/python
Python 3.12.3

Embeddings:    data/embeddings/reaction_embeddings_512.npy
SMARTS file:   data/embeddings/reaction_smarts_512.txt
EC depth:      2
UMAP cache:    results/figures/reaction_embeddings_512_umap_coords.npy
Output:        results/figures/umap_embedding_space_d2.pdf
n_neighbors:   15
min_dist:      0.1
metric:        cosine
random_state:  42
point_size:    0.8
alpha:         0.4

=== Running UMAP (Wed 29 Apr 11:56:29 WEST 2026) ===

Figure:     results/figures/umap_embedding_space_d2.pdf
UMAP cache: results/figures/reaction_embeddings_512_umap_coords.npy

=== Committing results to git (Wed 29 Apr 11:56:47 WEST 2026) ===
[dev 7f8efda] [results] UMAP embedding space depth=2 (job 1191279)
 1 file changed, 0 insertions(+), 0 deletions(-)
 rewrite results/figures/umap_embedding_space_d2.pdf (71%)
=== Job finished on Wed 29 Apr 11:56:48 WEST 2026 ===
