=== Job started on Wed 29 Apr 11:55:17 WEST 2026 ===
Running on node(s): gnx510
Python executable: /projects/F202508983CPCAA0/jcorreia/work/smartrxn_env/bin/python
Python 3.12.3

Embeddings:    data/embeddings/reaction_embeddings_512.npy
SMARTS file:   data/embeddings/reaction_smarts_512.txt
EC depth:      1
UMAP cache:    results/figures/reaction_embeddings_512_umap_coords.npy
Output:        results/figures/umap_embedding_space_d1.pdf
n_neighbors:   15
min_dist:      0.1
metric:        cosine
random_state:  42
point_size:    0.8
alpha:         0.4

=== Running UMAP (Wed 29 Apr 11:55:19 WEST 2026) ===

Figure:     results/figures/umap_embedding_space_d1.pdf
UMAP cache: results/figures/reaction_embeddings_512_umap_coords.npy

=== Committing results to git (Wed 29 Apr 11:55:46 WEST 2026) ===
[dev 8691a0f] [results] UMAP embedding space depth=1 (job 1191275)
 1 file changed, 0 insertions(+), 0 deletions(-)
 rewrite results/figures/umap_embedding_space_d1.pdf (72%)
=== Job finished on Wed 29 Apr 11:55:46 WEST 2026 ===
