Loading embeddings from data/embeddings/reaction_embeddings.npy...
Embeddings shape: (361751, 256)
Loading SMARTS list from data/embeddings/reaction_smarts.txt...
SMARTS with EC label (depth=3): 212952 / 361751
EC labels (depth=3): 212952 / 361751 (58.9%)
/projects/F202508983CPCAA0/jcorreia/work/SmartRxnEmbeddings/scripts/plot_umap.py:96: MatplotlibDeprecationWarning: The get_cmap function was deprecated in Matplotlib 3.7 and will be removed in 3.11. Use ``matplotlib.colormaps[name]`` or ``matplotlib.colormaps.get_cmap()`` or ``pyplot.get_cmap()`` instead.
  cmap = cm.get_cmap(_FAMILY_CMAPS.get(top, "Greys"))
Subclasses found (depth=3): 261
  EC 1: 571
  EC 1.1: 304
  EC 1.1.1: 10215
  EC 1.1.2: 40
  EC 1.1.3: 936
  EC 1.1.4: 80
  EC 1.1.5: 77
  EC 1.1.7: 16
  EC 1.1.98: 118
  EC 1.1.99: 162
  EC 1.10.1: 8
  EC 1.10.3: 665
  EC 1.10.5: 30
  EC 1.10.99: 46
  EC 1.11: 47
  EC 1.11.1: 1045
  EC 1.11.2: 282
  EC 1.12.1: 1
  EC 1.12.2: 22
  EC 1.12.98: 47
  EC 1.12.99: 10
  EC 1.13: 81
  EC 1.13.11: 3571
  EC 1.13.12: 590
  EC 1.13.99: 153
  EC 1.14: 978
  EC 1.14.11: 2496
  EC 1.14.12: 818
  EC 1.14.13: 9097
  EC 1.14.14: 3556
  EC 1.14.15: 573
  EC 1.14.16: 105
  EC 1.14.17: 92
  EC 1.14.18: 343
  EC 1.14.19: 701
  EC 1.14.20: 552
  EC 1.14.21: 276
  EC 1.14.99: 1013
  EC 1.16.1: 23
  EC 1.16.3: 9
  EC 1.17: 4
  EC 1.17.1: 260
  EC 1.17.2: 10
  EC 1.17.3: 327
  EC 1.17.4: 58
  EC 1.17.5: 69
  EC 1.17.7: 64
  EC 1.17.8: 29
  EC 1.17.9: 44
  EC 1.17.99: 61
  EC 1.18: 10
  EC 1.18.1: 14
  EC 1.2: 34
  EC 1.2.1: 3339
  EC 1.2.2: 25
  EC 1.2.3: 366
  EC 1.2.4: 415
  EC 1.2.5: 20
  EC 1.2.7: 82
  EC 1.2.98: 42
  EC 1.2.99: 36
  EC 1.20.1: 29
  EC 1.20.4: 13
  EC 1.21: 12
  EC 1.21.1: 49
  EC 1.21.3: 361
  EC 1.21.4: 18
  EC 1.21.98: 147
  EC 1.21.99: 8
  EC 1.23.1: 92
  EC 1.23.5: 49
  EC 1.3: 157
  EC 1.3.1: 3308
  EC 1.3.2: 8
  EC 1.3.3: 713
  EC 1.3.4: 37
  EC 1.3.5: 307
  EC 1.3.7: 184
  EC 1.3.8: 254
  EC 1.3.98: 230
  EC 1.3.99: 133
  EC 1.4: 30
  EC 1.4.1: 436
  EC 1.4.2: 3
  EC 1.4.3: 722
  EC 1.4.4: 24
  EC 1.4.5: 2
  EC 1.4.7: 1
  EC 1.4.99: 21
  EC 1.5: 26
  EC 1.5.1: 922
  EC 1.5.3: 640
  EC 1.5.4: 18
  EC 1.5.7: 9
  EC 1.5.8: 3
  EC 1.5.98: 44
  EC 1.5.99: 52
  EC 1.6: 8
  EC 1.6.2: 12
  EC 1.6.3: 22
  EC 1.6.5: 371
  EC 1.6.6: 35
  EC 1.6.98: 1
  EC 1.6.99: 16
  EC 1.7: 29
  EC 1.7.1: 304
  EC 1.7.2: 47
  EC 1.7.3: 132
  EC 1.7.5: 2
  EC 1.7.6: 6
  EC 1.7.99: 2
  EC 1.8.1: 322
  EC 1.8.2: 4
  EC 1.8.3: 169
  EC 1.8.4: 168
  EC 1.8.5: 138
  EC 1.9.6: 2
  EC 1.97.1: 108
  EC 2: 56
  EC 2.1.1: 10943
  EC 2.1.2: 745
  EC 2.1.3: 443
  EC 2.1.4: 301
  EC 2.1.5: 60
  EC 2.10.1: 128
  EC 2.2.1: 964
  EC 2.3: 60
  EC 2.3.1: 17985
  EC 2.3.2: 457
  EC 2.3.3: 865
  EC 2.4: 36
  EC 2.4.1: 27791
  EC 2.4.2: 2589
  EC 2.4.3: 96
  EC 2.4.99: 461
  EC 2.5.1: 8580
  EC 2.6.1: 4837
  EC 2.6.3: 16
  EC 2.6.99: 64
  EC 2.7.1: 4165
  EC 2.7.11: 16
  EC 2.7.2: 309
  EC 2.7.3: 202
  EC 2.7.4: 931
  EC 2.7.6: 186
  EC 2.7.7: 2541
  EC 2.7.8: 2129
  EC 2.7.9: 47
  EC 2.8.1: 175
  EC 2.8.2: 1087
  EC 2.8.3: 2714
  EC 2.8.4: 100
  EC 2.8.5: 10
  EC 2.8.7: 10
  EC 3: 48
  EC 3.1: 89
  EC 3.1.1: 5614
  EC 3.1.2: 1153
  EC 3.1.27: 19
  EC 3.1.3: 2441
  EC 3.1.4: 997
  EC 3.1.5: 33
  EC 3.1.6: 263
  EC 3.1.7: 93
  EC 3.1.8: 162
  EC 3.10.1: 19
  EC 3.11.1: 26
  EC 3.12.1: 7
  EC 3.13.1: 252
  EC 3.13.2: 16
  EC 3.2: 16
  EC 3.2.1: 6978
  EC 3.2.2: 753
  EC 3.3.1: 46
  EC 3.3.2: 1016
  EC 3.4: 150
  EC 3.4.11: 925
  EC 3.4.13: 928
  EC 3.4.14: 142
  EC 3.4.15: 74
  EC 3.4.16: 264
  EC 3.4.17: 421
  EC 3.4.19: 404
  EC 3.4.21: 413
  EC 3.4.22: 55
  EC 3.4.24: 71
  EC 3.5: 61
  EC 3.5.1: 3916
  EC 3.5.2: 379
  EC 3.5.3: 594
  EC 3.5.4: 965
  EC 3.5.5: 144
  EC 3.5.99: 523
  EC 3.6.1: 1467
  EC 3.6.2: 10
  EC 3.6.3: 44
  EC 3.6.4: 12
  EC 3.7.1: 1275
  EC 3.8.1: 343
  EC 3.8.2: 8
  EC 3.9.1: 42
  EC 4: 8
  EC 4.1.1: 2354
  EC 4.1.2: 1716
  EC 4.1.3: 610
  EC 4.1.99: 765
  EC 4.2.1: 5140
  EC 4.2.2: 210
  EC 4.2.3: 3969
  EC 4.2.99: 146
  EC 4.3.1: 487
  EC 4.3.2: 348
  EC 4.3.3: 314
  EC 4.3.99: 94
  EC 4.4.1: 1195
  EC 4.5.1: 133
  EC 4.6.1: 138
  EC 4.7.1: 17
  EC 4.8.1: 106
  EC 4.98.1: 23
  EC 4.99.1: 416
  EC 5: 12
  EC 5.1: 8
  EC 5.1.1: 28
  EC 5.1.2: 10
  EC 5.1.3: 103
  EC 5.2.1: 22
  EC 5.3: 10
  EC 5.3.1: 482
  EC 5.3.2: 124
  EC 5.3.3: 765
  EC 5.3.99: 524
  EC 5.4.1: 35
  EC 5.4.2: 106
  EC 5.4.3: 107
  EC 5.4.4: 226
  EC 5.4.99: 975
  EC 5.5.1: 1146
  EC 5.6.1: 19
  EC 5.99.1: 10
  EC 6: 26
  EC 6.1: 21
  EC 6.1.1: 18
  EC 6.1.2: 76
  EC 6.1.3: 51
  EC 6.2.1: 2460
  EC 6.3: 330
  EC 6.3.1: 533
  EC 6.3.2: 3077
  EC 6.3.3: 153
  EC 6.3.4: 463
  EC 6.3.5: 518
  EC 6.4.1: 343
  EC 6.5.1: 16
  EC 6.6.1: 70
  EC 6.7.1: 38
  EC 7.1.1: 4
  EC 7.2.1: 23
  EC 7.2.4: 27
  EC 7.3.2: 4
  EC 7.6.2: 12
Loading cached UMAP coordinates from results/figures/reaction_embeddings_umap_coords.npy
Figure saved to results/figures/umap_embedding_space_d3.pdf
