=== Job started on Thu  9 Apr 12:23:20 WEST 2026 ===
Running on node(s): cnx162
Python executable: /projects/F202508983CPCAA0/jcorreia/work/smartrxn_env/bin/python
Python 3.12.3

Validated SMARTS: data/processed/validated_smarts.csv
Raw files:        data/raw/retrorules-v3.0-rhea.csv data/raw/retrorules-v3.0-metanetx.csv
Val split:        0.1
DPI:              300
Output stem:      results/figures/dataset_overview

=== Generating dataset overview figures (Thu  9 Apr 12:23:22 WEST 2026) ===

Figures saved to: results/figures/

=== Committing results to git (Thu  9 Apr 12:23:54 WEST 2026) ===
[dev 7097376] [results] Dataset overview figures — SVG+PNG panels + combined PDF (job 1132384)
 7 files changed, 5619 insertions(+)
 rewrite results/figures/dataset_overview.pdf (92%)
 create mode 100644 results/figures/panel_a_smarts_length.png
 create mode 100644 results/figures/panel_a_smarts_length.svg
 create mode 100644 results/figures/panel_b_ec_distribution.png
 create mode 100644 results/figures/panel_b_ec_distribution.svg
 create mode 100644 results/figures/panel_c_train_val_split.png
 create mode 100644 results/figures/panel_c_train_val_split.svg
=== Job finished on Thu  9 Apr 12:23:54 WEST 2026 ===
