=== Job started on Wed 29 Apr 23:29:16 WEST 2026 ===
Running on node(s): cnx027
Python executable: /projects/F202508983CPCAA0/jcorreia/work/react_selection_x86/bin/python
Python 3.12.3
sys.path ok, site: 
Embedder: smarts_transformer
FP output : data/processed/template_fingerprints_smarts_256.npy
Meta output: data/processed/template_metadata.parquet
23:29:50  INFO     === Template fingerprint pre-computation ===
23:29:50  INFO     Templates : /projects/F202508983CPCAA0/jcorreia/work/reaction_selection_pipeline/data/processed/retrorules-merged.csv
23:29:50  INFO     embedder=smarts_transformer
23:29:53  INFO     Loaded 361751 templates from /projects/F202508983CPCAA0/jcorreia/work/reaction_selection_pipeline/data/processed/retrorules-merged.csv
23:29:53  INFO     Loading SMARTS transformer from /projects/F202508983CPCAA0/jcorreia/work/reaction_selection_pipeline/models/smarts_embedder
23:30:49  INFO     SMARTS transformer loaded  dim=256
23:32:56  INFO     Embedded 1000 / 361751  (0.3%)  ETA 45760s
23:34:05  INFO     Embedded 2000 / 361751  (0.6%)  ETA 35352s
23:35:37  INFO     Embedded 3000 / 361751  (0.8%)  ETA 34411s
23:36:15  INFO     Embedded 4000 / 361751  (1.1%)  ETA 29194s
23:37:31  INFO     Embedded 5000 / 361751  (1.4%)  ETA 28665s
23:38:56  INFO     Embedded 6000 / 361751  (1.7%)  ETA 28879s
23:40:27  INFO     Embedded 7000 / 361751  (1.9%)  ETA 29305s
23:41:30  INFO     Embedded 8000 / 361751  (2.2%)  ETA 28351s
23:42:13  INFO     Embedded 9000 / 361751  (2.5%)  ETA 26804s
23:43:38  INFO     Embedded 10000 / 361751  (2.8%)  ETA 27046s
23:44:49  INFO     Embedded 11000 / 361751  (3.0%)  ETA 26798s
23:45:58  INFO     Embedded 12000 / 361751  (3.3%)  ETA 26508s
23:46:56  INFO     Embedded 13000 / 361751  (3.6%)  ETA 25947s
23:49:06  INFO     Embedded 14000 / 361751  (3.9%)  ETA 27254s
23:50:04  INFO     Embedded 15000 / 361751  (4.1%)  ETA 26703s
23:51:32  INFO     Embedded 16000 / 361751  (4.4%)  ETA 26865s
23:52:35  INFO     Embedded 17000 / 361751  (4.7%)  ETA 26482s
23:53:54  INFO     Embedded 18000 / 361751  (5.0%)  ETA 26446s
23:54:49  INFO     Embedded 19000 / 361751  (5.3%)  ETA 25984s
23:55:33  INFO     Embedded 20000 / 361751  (5.5%)  ETA 25353s
23:56:06  INFO     Embedded 21000 / 361751  (5.8%)  ETA 24611s
23:57:40  INFO     Embedded 22000 / 361751  (6.1%)  ETA 24876s
23:59:26  INFO     Embedded 23000 / 361751  (6.4%)  ETA 25285s
00:00:51  INFO     Embedded 24000 / 361751  (6.6%)  ETA 25359s
00:02:08  INFO     Embedded 25000 / 361751  (6.9%)  ETA 25311s
00:03:40  INFO     Embedded 26000 / 361751  (7.2%)  ETA 25454s
00:05:40  INFO     Embedded 27000 / 361751  (7.5%)  ETA 25921s
00:07:52  INFO     Embedded 28000 / 361751  (7.7%)  ETA 26494s
00:08:29  INFO     Embedded 29000 / 361751  (8.0%)  ETA 25936s
00:09:06  INFO     Embedded 30000 / 361751  (8.3%)  ETA 25398s
00:10:25  INFO     Embedded 31000 / 361751  (8.6%)  ETA 25354s
00:13:11  INFO     Embedded 32000 / 361751  (8.8%)  ETA 26198s
00:15:05  INFO     Embedded 33000 / 361751  (9.1%)  ETA 26457s
00:16:12  INFO     Embedded 34000 / 361751  (9.4%)  ETA 26249s
00:17:30  INFO     Embedded 35000 / 361751  (9.7%)  ETA 26149s
00:18:29  INFO     Embedded 36000 / 361751  (10.0%)  ETA 25882s
00:20:02  INFO     Embedded 37000 / 361751  (10.2%)  ETA 25920s
00:21:08  INFO     Embedded 38000 / 361751  (10.5%)  ETA 25726s
00:23:42  INFO     Embedded 39000 / 361751  (10.8%)  ETA 26257s
00:24:58  INFO     Embedded 40000 / 361751  (11.1%)  ETA 26139s
00:26:52  INFO     Embedded 41000 / 361751  (11.3%)  ETA 26314s
00:28:25  INFO     Embedded 42000 / 361751  (11.6%)  ETA 26315s
00:30:54  INFO     Embedded 43000 / 361751  (11.9%)  ETA 26722s
00:32:02  INFO     Embedded 44000 / 361751  (12.2%)  ETA 26523s
00:33:09  INFO     Embedded 45000 / 361751  (12.4%)  ETA 26323s
00:34:13  INFO     Embedded 46000 / 361751  (12.7%)  ETA 26112s
00:36:25  INFO     Embedded 47000 / 361751  (13.0%)  ETA 26358s
00:37:39  INFO     Embedded 48000 / 361751  (13.3%)  ETA 26210s
00:39:04  INFO     Embedded 49000 / 361751  (13.5%)  ETA 26138s
00:40:45  INFO     Embedded 50000 / 361751  (13.8%)  ETA 26164s
00:41:54  INFO     Embedded 51000 / 361751  (14.1%)  ETA 25989s
00:43:05  INFO     Embedded 52000 / 361751  (14.4%)  ETA 25827s
00:44:13  INFO     Embedded 53000 / 361751  (14.7%)  ETA 25658s
00:45:48  INFO     Embedded 54000 / 361751  (14.9%)  ETA 25643s
00:46:52  INFO     Embedded 55000 / 361751  (15.2%)  ETA 25451s
00:47:46  INFO     Embedded 56000 / 361751  (15.5%)  ETA 25206s
00:48:58  INFO     Embedded 57000 / 361751  (15.8%)  ETA 25070s
00:49:57  INFO     Embedded 58000 / 361751  (16.0%)  ETA 24869s
00:51:15  INFO     Embedded 59000 / 361751  (16.3%)  ETA 24763s
00:52:21  INFO     Embedded 60000 / 361751  (16.6%)  ETA 24603s
00:55:05  INFO     Embedded 61000 / 361751  (16.9%)  ETA 24928s
00:56:17  INFO     Embedded 62000 / 361751  (17.1%)  ETA 24792s
00:57:11  INFO     Embedded 63000 / 361751  (17.4%)  ETA 24576s
00:58:41  INFO     Embedded 64000 / 361751  (17.7%)  ETA 24530s
00:59:57  INFO     Embedded 65000 / 361751  (18.0%)  ETA 24418s
01:01:37  INFO     Embedded 66000 / 361751  (18.2%)  ETA 24413s
01:02:33  INFO     Embedded 67000 / 361751  (18.5%)  ETA 24215s
01:04:38  INFO     Embedded 68000 / 361751  (18.8%)  ETA 24317s
01:05:57  INFO     Embedded 69000 / 361751  (19.1%)  ETA 24220s
01:07:10  INFO     Embedded 70000 / 361751  (19.4%)  ETA 24094s
01:08:09  INFO     Embedded 71000 / 361751  (19.6%)  ETA 23916s
01:08:59  INFO     Embedded 72000 / 361751  (19.9%)  ETA 23702s
01:10:15  INFO     Embedded 73000 / 361751  (20.2%)  ETA 23599s
01:11:19  INFO     Embedded 74000 / 361751  (20.5%)  ETA 23447s
01:12:50  INFO     Embedded 75000 / 361751  (20.7%)  ETA 23402s
01:13:54  INFO     Embedded 76000 / 361751  (21.0%)  ETA 23256s
01:14:56  INFO     Embedded 77000 / 361751  (21.3%)  ETA 23103s
01:16:01  INFO     Embedded 78000 / 361751  (21.6%)  ETA 22963s
01:17:13  INFO     Embedded 79000 / 361751  (21.8%)  ETA 22849s
01:19:13  INFO     Embedded 80000 / 361751  (22.1%)  ETA 22907s
01:20:56  INFO     Embedded 81000 / 361751  (22.4%)  ETA 22902s
01:22:29  INFO     Embedded 82000 / 361751  (22.7%)  ETA 22860s
01:23:16  INFO     Embedded 83000 / 361751  (22.9%)  ETA 22660s
01:24:31  INFO     Embedded 84000 / 361751  (23.2%)  ETA 22557s
01:25:36  INFO     Embedded 85000 / 361751  (23.5%)  ETA 22423s
01:26:58  INFO     Embedded 86000 / 361751  (23.8%)  ETA 22347s
01:28:05  INFO     Embedded 87000 / 361751  (24.0%)  ETA 22221s
01:29:15  INFO     Embedded 88000 / 361751  (24.3%)  ETA 22107s
01:30:33  INFO     Embedded 89000 / 361751  (24.6%)  ETA 22018s
01:31:38  INFO     Embedded 90000 / 361751  (24.9%)  ETA 21887s
01:34:10  INFO     Embedded 91000 / 361751  (25.2%)  ETA 22020s
01:35:25  INFO     Embedded 92000 / 361751  (25.4%)  ETA 21920s
01:36:40  INFO     Embedded 93000 / 361751  (25.7%)  ETA 21822s
01:37:49  INFO     Embedded 94000 / 361751  (26.0%)  ETA 21704s
01:39:34  INFO     Embedded 95000 / 361751  (26.3%)  ETA 21693s
01:40:53  INFO     Embedded 96000 / 361751  (26.5%)  ETA 21604s
01:42:38  INFO     Embedded 97000 / 361751  (26.8%)  ETA 21587s
01:44:13  INFO     Embedded 98000 / 361751  (27.1%)  ETA 21543s
01:45:12  INFO     Embedded 99000 / 361751  (27.4%)  ETA 21401s
01:47:58  INFO     Embedded 100000 / 361751  (27.6%)  ETA 21540s
01:49:47  INFO     Embedded 101000 / 361751  (27.9%)  ETA 21526s
01:50:59  INFO     Embedded 102000 / 361751  (28.2%)  ETA 21418s
01:53:51  INFO     Embedded 103000 / 361751  (28.5%)  ETA 21558s
01:54:57  INFO     Embedded 104000 / 361751  (28.7%)  ETA 21433s
01:56:13  INFO     Embedded 105000 / 361751  (29.0%)  ETA 21333s
01:58:45  INFO     Embedded 106000 / 361751  (29.3%)  ETA 21415s
01:59:48  INFO     Embedded 107000 / 361751  (29.6%)  ETA 21282s
02:01:12  INFO     Embedded 108000 / 361751  (29.9%)  ETA 21201s
02:02:35  INFO     Embedded 109000 / 361751  (30.1%)  ETA 21116s
02:04:27  INFO     Embedded 110000 / 361751  (30.4%)  ETA 21098s
02:05:43  INFO     Embedded 111000 / 361751  (30.7%)  ETA 20995s
02:07:20  INFO     Embedded 112000 / 361751  (31.0%)  ETA 20942s
02:08:42  INFO     Embedded 113000 / 361751  (31.2%)  ETA 20853s
02:10:05  INFO     Embedded 114000 / 361751  (31.5%)  ETA 20767s
02:12:41  INFO     Embedded 115000 / 361751  (31.8%)  ETA 20838s
02:13:39  INFO     Embedded 116000 / 361751  (32.1%)  ETA 20699s
02:16:09  INFO     Embedded 117000 / 361751  (32.3%)  ETA 20752s
02:17:32  INFO     Embedded 118000 / 361751  (32.6%)  ETA 20664s
02:19:15  INFO     Embedded 119000 / 361751  (32.9%)  ETA 20616s
02:21:05  INFO     Embedded 120000 / 361751  (33.2%)  ETA 20581s
02:22:09  INFO     Embedded 121000 / 361751  (33.4%)  ETA 20455s
02:23:15  INFO     Embedded 122000 / 361751  (33.7%)  ETA 20332s
02:25:21  INFO     Embedded 123000 / 361751  (34.0%)  ETA 20327s
02:26:46  INFO     Embedded 124000 / 361751  (34.3%)  ETA 20243s
02:28:22  INFO     Embedded 125000 / 361751  (34.6%)  ETA 20177s
02:29:58  INFO     Embedded 126000 / 361751  (34.8%)  ETA 20112s
02:31:20  INFO     Embedded 127000 / 361751  (35.1%)  ETA 20020s
02:32:30  INFO     Embedded 128000 / 361751  (35.4%)  ETA 19907s
02:34:23  INFO     Embedded 129000 / 361751  (35.7%)  ETA 19873s
02:35:21  INFO     Embedded 130000 / 361751  (35.9%)  ETA 19738s
02:37:17  INFO     Embedded 131000 / 361751  (36.2%)  ETA 19707s
02:38:50  INFO     Embedded 132000 / 361751  (36.5%)  ETA 19635s
02:39:34  INFO     Embedded 133000 / 361751  (36.8%)  ETA 19478s
02:41:08  INFO     Embedded 134000 / 361751  (37.0%)  ETA 19408s
02:41:55  INFO     Embedded 135000 / 361751  (37.3%)  ETA 19260s
02:43:29  INFO     Embedded 136000 / 361751  (37.6%)  ETA 19189s
02:46:12  INFO     Embedded 137000 / 361751  (37.9%)  ETA 19231s
02:48:22  INFO     Embedded 138000 / 361751  (38.1%)  ETA 19219s
02:49:57  INFO     Embedded 139000 / 361751  (38.4%)  ETA 19147s
02:50:50  INFO     Embedded 140000 / 361751  (38.7%)  ETA 19009s
02:52:20  INFO     Embedded 141000 / 361751  (39.0%)  ETA 18929s
02:53:33  INFO     Embedded 142000 / 361751  (39.3%)  ETA 18824s
02:54:17  INFO     Embedded 143000 / 361751  (39.5%)  ETA 18675s
02:55:18  INFO     Embedded 144000 / 361751  (39.8%)  ETA 18553s
02:56:48  INFO     Embedded 145000 / 361751  (40.1%)  ETA 18475s
02:57:15  INFO     Embedded 146000 / 361751  (40.4%)  ETA 18304s
02:58:22  INFO     Embedded 147000 / 361751  (40.6%)  ETA 18193s
02:59:45  INFO     Embedded 148000 / 361751  (40.9%)  ETA 18106s
03:01:20  INFO     Embedded 149000 / 361751  (41.2%)  ETA 18036s
03:02:47  INFO     Embedded 150000 / 361751  (41.5%)  ETA 17954s
03:04:34  INFO     Embedded 151000 / 361751  (41.7%)  ETA 17900s
03:05:54  INFO     Embedded 152000 / 361751  (42.0%)  ETA 17809s
03:07:18  INFO     Embedded 153000 / 361751  (42.3%)  ETA 17722s
03:10:24  INFO     Embedded 154000 / 361751  (42.6%)  ETA 17773s
03:12:29  INFO     Embedded 155000 / 361751  (42.8%)  ETA 17741s
03:13:55  INFO     Embedded 156000 / 361751  (43.1%)  ETA 17655s
03:16:00  INFO     Embedded 157000 / 361751  (43.4%)  ETA 17620s
03:18:50  INFO     Embedded 158000 / 361751  (43.7%)  ETA 17643s
03:19:53  INFO     Embedded 159000 / 361751  (44.0%)  ETA 17526s
03:22:49  INFO     Embedded 160000 / 361751  (44.2%)  ETA 17553s
03:24:47  INFO     Embedded 161000 / 361751  (44.5%)  ETA 17504s
03:26:03  INFO     Embedded 162000 / 361751  (44.8%)  ETA 17404s
03:27:18  INFO     Embedded 163000 / 361751  (45.1%)  ETA 17302s
03:28:57  INFO     Embedded 164000 / 361751  (45.3%)  ETA 17228s
03:30:20  INFO     Embedded 165000 / 361751  (45.6%)  ETA 17137s
03:32:55  INFO     Embedded 166000 / 361751  (45.9%)  ETA 17129s
03:34:49  INFO     Embedded 167000 / 361751  (46.2%)  ETA 17073s
03:37:44  INFO     Embedded 168000 / 361751  (46.4%)  ETA 17085s
03:40:02  INFO     Embedded 169000 / 361751  (46.7%)  ETA 17054s
03:41:16  INFO     Embedded 170000 / 361751  (47.0%)  ETA 16950s
03:42:05  INFO     Embedded 171000 / 361751  (47.3%)  ETA 16818s
03:43:39  INFO     Embedded 172000 / 361751  (47.5%)  ETA 16736s
03:45:24  INFO     Embedded 173000 / 361751  (47.8%)  ETA 16666s
03:46:25  INFO     Embedded 174000 / 361751  (48.1%)  ETA 16549s
03:46:46  INFO     Embedded 175000 / 361751  (48.4%)  ETA 16388s
03:47:33  INFO     Embedded 176000 / 361751  (48.7%)  ETA 16258s
03:49:11  INFO     Embedded 177000 / 361751  (48.9%)  ETA 16181s
03:50:49  INFO     Embedded 178000 / 361751  (49.2%)  ETA 16105s
03:52:04  INFO     Embedded 179000 / 361751  (49.5%)  ETA 16003s
03:53:44  INFO     Embedded 180000 / 361751  (49.8%)  ETA 15928s
03:54:47  INFO     Embedded 181000 / 361751  (50.0%)  ETA 15816s
03:57:55  INFO     Embedded 182000 / 361751  (50.3%)  ETA 15828s
03:59:24  INFO     Embedded 183000 / 361751  (50.6%)  ETA 15741s
04:00:48  INFO     Embedded 184000 / 361751  (50.9%)  ETA 15649s
04:03:26  INFO     Embedded 185000 / 361751  (51.1%)  ETA 15628s
04:04:49  INFO     Embedded 186000 / 361751  (51.4%)  ETA 15534s
04:06:25  INFO     Embedded 187000 / 361751  (51.7%)  ETA 15453s
04:08:46  INFO     Embedded 188000 / 361751  (52.0%)  ETA 15413s
04:10:45  INFO     Embedded 189000 / 361751  (52.2%)  ETA 15352s
04:12:53  INFO     Embedded 190000 / 361751  (52.5%)  ETA 15299s
04:15:23  INFO     Embedded 191000 / 361751  (52.8%)  ETA 15264s
04:18:12  INFO     Embedded 192000 / 361751  (53.1%)  ETA 15245s
04:19:08  INFO     Embedded 193000 / 361751  (53.4%)  ETA 15126s
04:20:30  INFO     Embedded 194000 / 361751  (53.6%)  ETA 15029s
04:23:40  INFO     Embedded 195000 / 361751  (53.9%)  ETA 15026s
04:24:32  INFO     Embedded 196000 / 361751  (54.2%)  ETA 14904s
04:25:47  INFO     Embedded 197000 / 361751  (54.5%)  ETA 14801s
04:27:18  INFO     Embedded 198000 / 361751  (54.7%)  ETA 14712s
04:29:01  INFO     Embedded 199000 / 361751  (55.0%)  ETA 14633s
04:30:25  INFO     Embedded 200000 / 361751  (55.3%)  ETA 14538s
04:33:18  INFO     Embedded 201000 / 361751  (55.6%)  ETA 14515s
04:34:41  INFO     Embedded 202000 / 361751  (55.8%)  ETA 14418s
04:36:56  INFO     Embedded 203000 / 361751  (56.1%)  ETA 14364s
04:37:23  INFO     Embedded 204000 / 361751  (56.4%)  ETA 14224s
04:38:20  INFO     Embedded 205000 / 361751  (56.7%)  ETA 14108s
04:38:40  INFO     Embedded 206000 / 361751  (56.9%)  ETA 13966s
04:40:46  INFO     Embedded 207000 / 361751  (57.2%)  ETA 13903s
04:42:08  INFO     Embedded 208000 / 361751  (57.5%)  ETA 13807s
04:44:04  INFO     Embedded 209000 / 361751  (57.8%)  ETA 13737s
04:45:04  INFO     Embedded 210000 / 361751  (58.1%)  ETA 13625s
04:45:48  INFO     Embedded 211000 / 361751  (58.3%)  ETA 13503s
04:46:57  INFO     Embedded 212000 / 361751  (58.6%)  ETA 13399s
04:48:18  INFO     Embedded 213000 / 361751  (58.9%)  ETA 13303s
04:49:14  INFO     Embedded 214000 / 361751  (59.2%)  ETA 13191s
04:50:42  INFO     Embedded 215000 / 361751  (59.4%)  ETA 13101s
04:53:05  INFO     Embedded 216000 / 361751  (59.7%)  ETA 13047s
04:54:26  INFO     Embedded 217000 / 361751  (60.0%)  ETA 12952s
04:55:30  INFO     Embedded 218000 / 361751  (60.3%)  ETA 12846s
04:56:40  INFO     Embedded 219000 / 361751  (60.5%)  ETA 12744s
04:58:02  INFO     Embedded 220000 / 361751  (60.8%)  ETA 12650s
04:59:05  INFO     Embedded 221000 / 361751  (61.1%)  ETA 12544s
04:59:52  INFO     Embedded 222000 / 361751  (61.4%)  ETA 12428s
05:00:26  INFO     Embedded 223000 / 361751  (61.6%)  ETA 12305s
05:01:18  INFO     Embedded 224000 / 361751  (61.9%)  ETA 12194s
05:02:10  INFO     Embedded 225000 / 361751  (62.2%)  ETA 12083s
05:03:04  INFO     Embedded 226000 / 361751  (62.5%)  ETA 11974s
05:03:31  INFO     Embedded 227000 / 361751  (62.8%)  ETA 11850s
05:04:28  INFO     Embedded 228000 / 361751  (63.0%)  ETA 11744s
05:05:03  INFO     Embedded 229000 / 361751  (63.3%)  ETA 11626s
05:05:54  INFO     Embedded 230000 / 361751  (63.6%)  ETA 11517s
05:07:02  INFO     Embedded 231000 / 361751  (63.9%)  ETA 11419s
05:08:05  INFO     Embedded 232000 / 361751  (64.1%)  ETA 11317s
05:08:51  INFO     Embedded 233000 / 361751  (64.4%)  ETA 11208s
05:10:03  INFO     Embedded 234000 / 361751  (64.7%)  ETA 11112s
05:10:44  INFO     Embedded 235000 / 361751  (65.0%)  ETA 11001s
05:11:15  INFO     Embedded 236000 / 361751  (65.2%)  ETA 10884s
05:13:09  INFO     Embedded 237000 / 361751  (65.5%)  ETA 10812s
05:14:35  INFO     Embedded 238000 / 361751  (65.8%)  ETA 10725s
05:15:35  INFO     Embedded 239000 / 361751  (66.1%)  ETA 10624s
05:16:37  INFO     Embedded 240000 / 361751  (66.3%)  ETA 10525s
05:17:40  INFO     Embedded 241000 / 361751  (66.6%)  ETA 10427s
05:19:13  INFO     Embedded 242000 / 361751  (66.9%)  ETA 10344s
05:20:24  INFO     Embedded 243000 / 361751  (67.2%)  ETA 10250s
05:21:15  INFO     Embedded 244000 / 361751  (67.4%)  ETA 10147s
05:22:10  INFO     Embedded 245000 / 361751  (67.7%)  ETA 10046s
05:23:09  INFO     Embedded 246000 / 361751  (68.0%)  ETA 9947s
05:24:26  INFO     Embedded 247000 / 361751  (68.3%)  ETA 9857s
05:25:34  INFO     Embedded 248000 / 361751  (68.6%)  ETA 9763s
05:26:42  INFO     Embedded 249000 / 361751  (68.8%)  ETA 9669s
05:27:42  INFO     Embedded 250000 / 361751  (69.1%)  ETA 9572s
05:28:39  INFO     Embedded 251000 / 361751  (69.4%)  ETA 9473s
05:29:42  INFO     Embedded 252000 / 361751  (69.7%)  ETA 9378s
05:30:20  INFO     Embedded 253000 / 361751  (69.9%)  ETA 9272s
05:31:08  INFO     Embedded 254000 / 361751  (70.2%)  ETA 9171s
05:32:09  INFO     Embedded 255000 / 361751  (70.5%)  ETA 9076s
05:33:27  INFO     Embedded 256000 / 361751  (70.8%)  ETA 8988s
05:36:10  INFO     Embedded 257000 / 361751  (71.0%)  ETA 8935s
05:37:38  INFO     Embedded 258000 / 361751  (71.3%)  ETA 8851s
05:38:53  INFO     Embedded 259000 / 361751  (71.6%)  ETA 8761s
05:40:08  INFO     Embedded 260000 / 361751  (71.9%)  ETA 8672s
05:42:24  INFO     Embedded 261000 / 361751  (72.1%)  ETA 8606s
05:44:07  INFO     Embedded 262000 / 361751  (72.4%)  ETA 8528s
05:46:24  INFO     Embedded 263000 / 361751  (72.7%)  ETA 8462s
05:48:18  INFO     Embedded 264000 / 361751  (73.0%)  ETA 8386s
05:49:09  INFO     Embedded 265000 / 361751  (73.3%)  ETA 8288s
05:50:31  INFO     Embedded 266000 / 361751  (73.5%)  ETA 8201s
05:52:14  INFO     Embedded 267000 / 361751  (73.8%)  ETA 8121s
05:54:50  INFO     Embedded 268000 / 361751  (74.1%)  ETA 8060s
05:56:08  INFO     Embedded 269000 / 361751  (74.4%)  ETA 7971s
05:58:09  INFO     Embedded 270000 / 361751  (74.6%)  ETA 7897s
05:59:46  INFO     Embedded 271000 / 361751  (74.9%)  ETA 7815s
06:01:10  INFO     Embedded 272000 / 361751  (75.2%)  ETA 7728s
06:01:44  INFO     Embedded 273000 / 361751  (75.5%)  ETA 7625s
06:02:47  INFO     Embedded 274000 / 361751  (75.7%)  ETA 7532s
06:03:13  INFO     Embedded 275000 / 361751  (76.0%)  ETA 7427s
06:04:26  INFO     Embedded 276000 / 361751  (76.3%)  ETA 7338s
06:05:13  INFO     Embedded 277000 / 361751  (76.6%)  ETA 7240s
06:06:05  INFO     Embedded 278000 / 361751  (76.8%)  ETA 7145s
06:07:02  INFO     Embedded 279000 / 361751  (77.1%)  ETA 7051s
06:07:51  INFO     Embedded 280000 / 361751  (77.4%)  ETA 6955s
06:09:26  INFO     Embedded 281000 / 361751  (77.7%)  ETA 6873s
06:10:43  INFO     Embedded 282000 / 361751  (78.0%)  ETA 6786s
06:12:00  INFO     Embedded 283000 / 361751  (78.2%)  ETA 6698s
06:13:01  INFO     Embedded 284000 / 361751  (78.5%)  ETA 6607s
06:13:54  INFO     Embedded 285000 / 361751  (78.8%)  ETA 6513s
06:14:40  INFO     Embedded 286000 / 361751  (79.1%)  ETA 6418s
06:15:21  INFO     Embedded 287000 / 361751  (79.3%)  ETA 6322s
06:16:01  INFO     Embedded 288000 / 361751  (79.6%)  ETA 6226s
06:16:26  INFO     Embedded 289000 / 361751  (79.9%)  ETA 6127s
06:16:54  INFO     Embedded 290000 / 361751  (80.2%)  ETA 6028s
06:17:48  INFO     Embedded 291000 / 361751  (80.4%)  ETA 5937s
06:18:53  INFO     Embedded 292000 / 361751  (80.7%)  ETA 5849s
06:19:43  INFO     Embedded 293000 / 361751  (81.0%)  ETA 5757s
06:20:10  INFO     Embedded 294000 / 361751  (81.3%)  ETA 5660s
06:21:07  INFO     Embedded 295000 / 361751  (81.5%)  ETA 5571s
06:22:23  INFO     Embedded 296000 / 361751  (81.8%)  ETA 5485s
06:23:50  INFO     Embedded 297000 / 361751  (82.1%)  ETA 5403s
06:24:58  INFO     Embedded 298000 / 361751  (82.4%)  ETA 5316s
06:25:48  INFO     Embedded 299000 / 361751  (82.7%)  ETA 5225s
06:26:43  INFO     Embedded 300000 / 361751  (82.9%)  ETA 5136s
06:27:39  INFO     Embedded 301000 / 361751  (83.2%)  ETA 5048s
06:28:41  INFO     Embedded 302000 / 361751  (83.5%)  ETA 4961s
06:29:42  INFO     Embedded 303000 / 361751  (83.8%)  ETA 4873s
06:30:34  INFO     Embedded 304000 / 361751  (84.0%)  ETA 4784s
06:31:28  INFO     Embedded 305000 / 361751  (84.3%)  ETA 4696s
06:32:49  INFO     Embedded 306000 / 361751  (84.6%)  ETA 4613s
06:34:14  INFO     Embedded 307000 / 361751  (84.9%)  ETA 4531s
06:35:39  INFO     Embedded 308000 / 361751  (85.1%)  ETA 4448s
06:36:44  INFO     Embedded 309000 / 361751  (85.4%)  ETA 4363s
06:37:19  INFO     Embedded 310000 / 361751  (85.7%)  ETA 4272s
06:37:49  INFO     Embedded 311000 / 361751  (86.0%)  ETA 4181s
06:39:23  INFO     Embedded 312000 / 361751  (86.2%)  ETA 4100s
06:40:33  INFO     Embedded 313000 / 361751  (86.5%)  ETA 4016s
06:42:02  INFO     Embedded 314000 / 361751  (86.8%)  ETA 3935s
06:43:05  INFO     Embedded 315000 / 361751  (87.1%)  ETA 3849s
06:44:27  INFO     Embedded 316000 / 361751  (87.4%)  ETA 3767s
06:45:30  INFO     Embedded 317000 / 361751  (87.6%)  ETA 3682s
06:46:43  INFO     Embedded 318000 / 361751  (87.9%)  ETA 3598s
06:47:43  INFO     Embedded 319000 / 361751  (88.2%)  ETA 3513s
06:48:56  INFO     Embedded 320000 / 361751  (88.5%)  ETA 3430s
06:51:14  INFO     Embedded 321000 / 361751  (88.7%)  ETA 3355s
06:52:12  INFO     Embedded 322000 / 361751  (89.0%)  ETA 3269s
06:53:37  INFO     Embedded 323000 / 361751  (89.3%)  ETA 3187s
06:54:27  INFO     Embedded 324000 / 361751  (89.6%)  ETA 3101s
06:55:02  INFO     Embedded 325000 / 361751  (89.8%)  ETA 3014s
06:56:15  INFO     Embedded 326000 / 361751  (90.1%)  ETA 2931s
06:57:33  INFO     Embedded 327000 / 361751  (90.4%)  ETA 2848s
06:58:23  INFO     Embedded 328000 / 361751  (90.7%)  ETA 2763s
06:59:11  INFO     Embedded 329000 / 361751  (90.9%)  ETA 2678s
07:00:05  INFO     Embedded 330000 / 361751  (91.2%)  ETA 2594s
07:01:17  INFO     Embedded 331000 / 361751  (91.5%)  ETA 2511s
07:02:19  INFO     Embedded 332000 / 361751  (91.8%)  ETA 2428s
07:03:12  INFO     Embedded 333000 / 361751  (92.1%)  ETA 2344s
07:03:58  INFO     Embedded 334000 / 361751  (92.3%)  ETA 2259s
07:04:54  INFO     Embedded 335000 / 361751  (92.6%)  ETA 2176s
07:05:32  INFO     Embedded 336000 / 361751  (92.9%)  ETA 2091s
07:06:16  INFO     Embedded 337000 / 361751  (93.2%)  ETA 2007s
07:07:17  INFO     Embedded 338000 / 361751  (93.4%)  ETA 1925s
07:08:11  INFO     Embedded 339000 / 361751  (93.7%)  ETA 1842s
07:08:46  INFO     Embedded 340000 / 361751  (94.0%)  ETA 1758s
07:09:54  INFO     Embedded 341000 / 361751  (94.3%)  ETA 1676s
07:11:44  INFO     Embedded 342000 / 361751  (94.5%)  ETA 1597s
07:12:43  INFO     Embedded 343000 / 361751  (94.8%)  ETA 1515s
07:13:59  INFO     Embedded 344000 / 361751  (95.1%)  ETA 1434s
07:15:22  INFO     Embedded 345000 / 361751  (95.4%)  ETA 1353s
07:16:26  INFO     Embedded 346000 / 361751  (95.6%)  ETA 1272s
07:17:16  INFO     Embedded 347000 / 361751  (95.9%)  ETA 1190s
07:18:00  INFO     Embedded 348000 / 361751  (96.2%)  ETA 1108s
07:18:59  INFO     Embedded 349000 / 361751  (96.5%)  ETA 1026s
07:20:14  INFO     Embedded 350000 / 361751  (96.8%)  ETA 946s
07:20:51  INFO     Embedded 351000 / 361751  (97.0%)  ETA 864s
07:21:57  INFO     Embedded 352000 / 361751  (97.3%)  ETA 783s
07:23:26  INFO     Embedded 353000 / 361751  (97.6%)  ETA 703s
07:24:48  INFO     Embedded 354000 / 361751  (97.9%)  ETA 623s
07:25:54  INFO     Embedded 355000 / 361751  (98.1%)  ETA 542s
07:27:25  INFO     Embedded 356000 / 361751  (98.4%)  ETA 462s
07:28:49  INFO     Embedded 357000 / 361751  (98.7%)  ETA 382s
