Loading embeddings from data/embeddings/reaction_embeddings.npy ...
  shape: (361751, 256)
Loading SMARTS list from data/embeddings/reaction_smarts.txt ...
Sampled 3000 reactions (seed=42)
Computing structural reaction fingerprints ...
  Fingerprints computed in 16.2 s
Computing pairwise Tanimoto similarities ...
  Tanimoto done in 18.3 s
Computing pairwise cosine similarities ...
  Cosine done in 0.1 s
Retained 4498500 pairs (100.0% of 4498500 total)
Computing correlation statistics ...

Results:
  Pearson  r = 0.6065  (p = 0.00e+00)
  Spearman ρ = 0.5862  (p = 0.00e+00)
  N pairs    = 4498500
  Cosine  : mean=0.7410  std=0.0961
  Tanimoto: mean=0.3384  std=0.1599
Figure saved to results/figures/sim_corr_1163425.pdf
Statistics saved to results/sim_corr_1163425.json
Loaded environment from results/sim_corr_1163425_env.json
Report written to results/sim_corr_1163425_report.md
fatal: Unable to create '/projects/F202508983CPCAA0/jcorreia/work/SmartRxnEmbeddings/.git/index.lock': File exists.

Another git process seems to be running in this repository, e.g.
an editor opened by 'git commit'. Please make sure all processes
are terminated then try again. If it still fails, a git process
may have crashed in this repository earlier:
remove the file manually to continue.
