Loading embeddings from data/embeddings/reaction_embeddings.npy ...
  shape: (361751, 256)
Loading SMARTS list from data/embeddings/reaction_smarts.txt ...
Sampled 3000 reactions (seed=42)
Computing structural reaction fingerprints ...
  Fingerprints computed in 16.2 s
Computing pairwise Tanimoto similarities ...
  Tanimoto done in 18.1 s
Computing pairwise cosine similarities ...
  Cosine done in 0.1 s
Retained 4498500 pairs (100.0% of 4498500 total)
Computing correlation statistics ...

Results:
  Pearson  r = 0.6065  (p = 0.00e+00)
  Spearman ρ = 0.5862  (p = 0.00e+00)
  N pairs    = 4498500
  Cosine  : mean=0.7410  std=0.0961
  Tanimoto: mean=0.3384  std=0.1599
Figure saved to results/figures/sim_corr_1163426.pdf
Statistics saved to results/sim_corr_1163426.json
Loaded environment from results/sim_corr_1163426_env.json
Report written to results/sim_corr_1163426_report.md
