Loading embeddings from data/embeddings/reaction_embeddings_512.npy ...
  shape: (361751, 256)
Loading SMARTS list from data/embeddings/reaction_smarts_512.txt ...
Sampled 3000 reactions (seed=42)
Computing structural reaction fingerprints ...
  Fingerprints computed in 17.8 s
Computing pairwise Tanimoto similarities ...
  Tanimoto done in 18.0 s
Computing pairwise cosine similarities ...
  Cosine done in 0.1 s
Retained 4498500 pairs (100.0% of 4498500 total)
Computing correlation statistics ...

Results:
  Pearson  r = 0.5915  (p = 0.00e+00)
  Spearman ρ = 0.5745  (p = 0.00e+00)
  N pairs    = 4498500
  Cosine  : mean=0.7569  std=0.0934
  Tanimoto: mean=0.3384  std=0.1599
Figure saved to results/figures/sim_corr_1191304.pdf
Statistics saved to results/sim_corr_1191304.json
Loaded environment from results/sim_corr_1191304_env.json
Report written to results/sim_corr_1191304_report.md
