=== Job started on Wed 29 Apr 12:05:49 WEST 2026 ===
Running on node(s): cnx011
Python executable: /projects/F202508983CPCAA0/jcorreia/work/smartrxn_env/bin/python
Python 3.12.3

Embeddings:  data/embeddings/reaction_embeddings_512.npy
SMARTS file: data/embeddings/reaction_smarts_512.txt
N reactions: 3000  (~4498500 pairs)
Seed:        42
Figure:      results/figures/sim_corr_1191304.pdf
JSON:        results/sim_corr_1191304.json
Report:      results/sim_corr_1191304_report.md

=== Collecting environment info (Wed 29 Apr 12:05:50 WEST 2026) ===
Environment info saved to results/sim_corr_1191304_env.json

=== Running similarity correlation analysis (Wed 29 Apr 12:06:16 WEST 2026) ===

=== Generating report (Wed 29 Apr 12:07:21 WEST 2026) ===

Figure:      results/figures/sim_corr_1191304.pdf
Stats:       results/sim_corr_1191304.json
Environment: results/sim_corr_1191304_env.json
Report:      results/sim_corr_1191304_report.md

=== Committing results to git (Wed 29 Apr 12:07:21 WEST 2026) ===
[dev 4350b35] [results] Similarity correlation (run sim_corr_1191304, N=3000)
 4 files changed, 125 insertions(+)
 create mode 100644 results/figures/sim_corr_1191304.pdf
 create mode 100644 results/sim_corr_1191304.json
 create mode 100644 results/sim_corr_1191304_env.json
 create mode 100644 results/sim_corr_1191304_report.md
=== Job finished on Wed 29 Apr 12:07:21 WEST 2026 ===
