=== Job started on Wed  8 Apr 14:43:56 WEST 2026 ===
Running on node(s): gnx511
=== pip config ===
:env:.index-url='http://sn02:9191/index/'
:env:.trusted-host='sn02'
=== nvidia-smi ===
Wed Apr  8 14:44:05 2026       
+-----------------------------------------------------------------------------------------+
| NVIDIA-SMI 550.90.07              Driver Version: 550.90.07      CUDA Version: 12.4     |
|-----------------------------------------+------------------------+----------------------+
| GPU  Name                 Persistence-M | Bus-Id          Disp.A | Volatile Uncorr. ECC |
| Fan  Temp   Perf          Pwr:Usage/Cap |           Memory-Usage | GPU-Util  Compute M. |
|                                         |                        |               MIG M. |
|=========================================+========================+======================|
|   0  NVIDIA A100-SXM4-40GB          On  |   00000000:2F:00.0 Off |                    0 |
| N/A   31C    P0             56W /  400W |       1MiB /  40960MiB |      0%      Default |
|                                         |                        |             Disabled |
+-----------------------------------------+------------------------+----------------------+
                                                                                         
+-----------------------------------------------------------------------------------------+
| Processes:                                                                              |
|  GPU   GI   CI        PID   Type   Process name                              GPU Memory |
|        ID   ID                                                               Usage      |
|=========================================================================================|
|  No running processes found                                                             |
+-----------------------------------------------------------------------------------------+
=== torch before install ===
Name: torch
Version: 2.11.0
Location: /projects/F202508983CPCAA0/jcorreia/work/smartrxn_env/lib/python3.12/site-packages
Looking in indexes: https://download.pytorch.org/whl/cu124
Collecting torch
  Downloading https://download-r2.pytorch.org/whl/cu124/torch-2.6.0%2Bcu124-cp312-cp312-linux_x86_64.whl.metadata (28 kB)
Collecting torchvision
  Downloading https://download-r2.pytorch.org/whl/cu124/torchvision-0.21.0%2Bcu124-cp312-cp312-linux_x86_64.whl.metadata (6.1 kB)
Collecting torchaudio
  Downloading https://download-r2.pytorch.org/whl/cu124/torchaudio-2.6.0%2Bcu124-cp312-cp312-linux_x86_64.whl.metadata (6.6 kB)
Collecting filelock (from torch)
  Downloading filelock-3.25.2-py3-none-any.whl.metadata (2.0 kB)
Collecting typing-extensions>=4.10.0 (from torch)
  Downloading https://download.pytorch.org/whl/typing_extensions-4.15.0-py3-none-any.whl.metadata (3.3 kB)
Collecting networkx (from torch)
  Downloading networkx-3.6.1-py3-none-any.whl.metadata (6.8 kB)
Collecting jinja2 (from torch)
  Downloading https://download.pytorch.org/whl/jinja2-3.1.6-py3-none-any.whl.metadata (2.9 kB)
Collecting fsspec (from torch)
  Downloading fsspec-2026.2.0-py3-none-any.whl.metadata (10 kB)
Collecting nvidia-cuda-nvrtc-cu12==12.4.127 (from torch)
  Downloading https://download.pytorch.org/whl/cu124/nvidia_cuda_nvrtc_cu12-12.4.127-py3-none-manylinux2014_x86_64.whl (24.6 MB)
     ━━━━━━━━━━━━━━━━━━━━━━━━━━━━━━━━━━━━━━━━ 24.6/24.6 MB 24.8 MB/s eta 0:00:00
Collecting nvidia-cuda-runtime-cu12==12.4.127 (from torch)
  Downloading https://download.pytorch.org/whl/cu124/nvidia_cuda_runtime_cu12-12.4.127-py3-none-manylinux2014_x86_64.whl (883 kB)
     ━━━━━━━━━━━━━━━━━━━━━━━━━━━━━━━━━━━━━━━ 883.7/883.7 kB 5.2 MB/s eta 0:00:00
Collecting nvidia-cuda-cupti-cu12==12.4.127 (from torch)
  Downloading https://download.pytorch.org/whl/cu124/nvidia_cuda_cupti_cu12-12.4.127-py3-none-manylinux2014_x86_64.whl (13.8 MB)
     ━━━━━━━━━━━━━━━━━━━━━━━━━━━━━━━━━━━━━━━━ 13.8/13.8 MB 35.0 MB/s eta 0:00:00
Collecting nvidia-cudnn-cu12==9.1.0.70 (from torch)
  Downloading https://download.pytorch.org/whl/cu124/nvidia_cudnn_cu12-9.1.0.70-py3-none-manylinux2014_x86_64.whl (664.8 MB)
     ━━━━━━━━━━━━━━━━━━━━━━━━━━━━━━━━━━━━━━━ 664.8/664.8 MB 1.7 MB/s eta 0:00:00
Collecting nvidia-cublas-cu12==12.4.5.8 (from torch)
  Downloading https://download.pytorch.org/whl/cu124/nvidia_cublas_cu12-12.4.5.8-py3-none-manylinux2014_x86_64.whl (363.4 MB)
     ━━━━━━━━━━━━━━━━━━━━━━━━━━━━━━━━━━━━━━━ 363.4/363.4 MB 2.9 MB/s eta 0:00:00
Collecting nvidia-cufft-cu12==11.2.1.3 (from torch)
  Downloading https://download.pytorch.org/whl/cu124/nvidia_cufft_cu12-11.2.1.3-py3-none-manylinux2014_x86_64.whl (211.5 MB)
     ━━━━━━━━━━━━━━━━━━━━━━━━━━━━━━━━━━━━━━━ 211.5/211.5 MB 4.9 MB/s eta 0:00:00
Collecting nvidia-curand-cu12==10.3.5.147 (from torch)
  Downloading https://download.pytorch.org/whl/cu124/nvidia_curand_cu12-10.3.5.147-py3-none-manylinux2014_x86_64.whl (56.3 MB)
     ━━━━━━━━━━━━━━━━━━━━━━━━━━━━━━━━━━━━━━━━ 56.3/56.3 MB 12.4 MB/s eta 0:00:00
Collecting nvidia-cusolver-cu12==11.6.1.9 (from torch)
  Downloading https://download.pytorch.org/whl/cu124/nvidia_cusolver_cu12-11.6.1.9-py3-none-manylinux2014_x86_64.whl (127.9 MB)
     ━━━━━━━━━━━━━━━━━━━━━━━━━━━━━━━━━━━━━━━ 127.9/127.9 MB 7.8 MB/s eta 0:00:00
Collecting nvidia-cusparse-cu12==12.3.1.170 (from torch)
  Downloading https://download.pytorch.org/whl/cu124/nvidia_cusparse_cu12-12.3.1.170-py3-none-manylinux2014_x86_64.whl (207.5 MB)
     ━━━━━━━━━━━━━━━━━━━━━━━━━━━━━━━━━━━━━━━ 207.5/207.5 MB 5.0 MB/s eta 0:00:00
Collecting nvidia-cusparselt-cu12==0.6.2 (from torch)
  Downloading https://download.pytorch.org/whl/cu124/nvidia_cusparselt_cu12-0.6.2-py3-none-manylinux2014_x86_64.whl.metadata (6.8 kB)
Collecting nvidia-nccl-cu12==2.21.5 (from torch)
  Downloading https://download.pytorch.org/whl/nvidia_nccl_cu12-2.21.5-py3-none-manylinux2014_x86_64.whl (188.7 MB)
     ━━━━━━━━━━━━━━━━━━━━━━━━━━━━━━━━━━━━━━━ 188.7/188.7 MB 5.5 MB/s eta 0:00:00
Collecting nvidia-nvtx-cu12==12.4.127 (from torch)
  Downloading https://download.pytorch.org/whl/cu124/nvidia_nvtx_cu12-12.4.127-py3-none-manylinux2014_x86_64.whl (99 kB)
     ━━━━━━━━━━━━━━━━━━━━━━━━━━━━━━━━━━━━━━━━ 99.1/99.1 kB 1.3 MB/s eta 0:00:00
Collecting nvidia-nvjitlink-cu12==12.4.127 (from torch)
  Downloading https://download.pytorch.org/whl/cu124/nvidia_nvjitlink_cu12-12.4.127-py3-none-manylinux2014_x86_64.whl (21.1 MB)
     ━━━━━━━━━━━━━━━━━━━━━━━━━━━━━━━━━━━━━━━━ 21.1/21.1 MB 28.7 MB/s eta 0:00:00
Collecting triton==3.2.0 (from torch)
  Downloading https://download-r2.pytorch.org/whl/triton-3.2.0-cp312-cp312-manylinux_2_27_x86_64.manylinux_2_28_x86_64.whl.metadata (1.4 kB)
Collecting setuptools (from torch)
  Downloading https://download.pytorch.org/whl/setuptools-70.2.0-py3-none-any.whl.metadata (5.8 kB)
Collecting sympy==1.13.1 (from torch)
  Downloading sympy-1.13.1-py3-none-any.whl.metadata (12 kB)
Collecting mpmath<1.4,>=1.1.0 (from sympy==1.13.1->torch)
  Downloading mpmath-1.3.0-py3-none-any.whl.metadata (8.6 kB)
Collecting numpy (from torchvision)
  Downloading numpy-2.4.3-cp312-cp312-manylinux_2_27_x86_64.manylinux_2_28_x86_64.whl.metadata (6.6 kB)
Collecting pillow!=8.3.*,>=5.3.0 (from torchvision)
  Downloading pillow-12.1.1-cp312-cp312-manylinux_2_27_x86_64.manylinux_2_28_x86_64.whl.metadata (8.8 kB)
Collecting MarkupSafe>=2.0 (from jinja2->torch)
  Downloading https://download.pytorch.org/whl/markupsafe-3.0.3-cp312-cp312-manylinux2014_x86_64.manylinux_2_17_x86_64.manylinux_2_28_x86_64.whl.metadata (2.7 kB)
Downloading https://download-r2.pytorch.org/whl/cu124/torch-2.6.0%2Bcu124-cp312-cp312-linux_x86_64.whl (768.4 MB)
   ━━━━━━━━━━━━━━━━━━━━━━━━━━━━━━━━━━━━━━━━ 768.4/768.4 MB 1.4 MB/s eta 0:00:00
Downloading https://download.pytorch.org/whl/cu124/nvidia_cusparselt_cu12-0.6.2-py3-none-manylinux2014_x86_64.whl (150.1 MB)
   ━━━━━━━━━━━━━━━━━━━━━━━━━━━━━━━━━━━━━━━━ 150.1/150.1 MB 6.7 MB/s eta 0:00:00
Downloading sympy-1.13.1-py3-none-any.whl (6.2 MB)
   ━━━━━━━━━━━━━━━━━━━━━━━━━━━━━━━━━━━━━━━━ 6.2/6.2 MB 14.4 MB/s eta 0:00:00
Downloading https://download-r2.pytorch.org/whl/triton-3.2.0-cp312-cp312-manylinux_2_27_x86_64.manylinux_2_28_x86_64.whl (166.7 MB)
   ━━━━━━━━━━━━━━━━━━━━━━━━━━━━━━━━━━━━━━━━ 166.7/166.7 MB 6.2 MB/s eta 0:00:00
Downloading https://download-r2.pytorch.org/whl/cu124/torchvision-0.21.0%2Bcu124-cp312-cp312-linux_x86_64.whl (7.3 MB)
   ━━━━━━━━━━━━━━━━━━━━━━━━━━━━━━━━━━━━━━━━ 7.3/7.3 MB 36.7 MB/s eta 0:00:00
Downloading https://download-r2.pytorch.org/whl/cu124/torchaudio-2.6.0%2Bcu124-cp312-cp312-linux_x86_64.whl (3.4 MB)
   ━━━━━━━━━━━━━━━━━━━━━━━━━━━━━━━━━━━━━━━━ 3.4/3.4 MB 26.0 MB/s eta 0:00:00
Downloading pillow-12.1.1-cp312-cp312-manylinux_2_27_x86_64.manylinux_2_28_x86_64.whl (7.0 MB)
   ━━━━━━━━━━━━━━━━━━━━━━━━━━━━━━━━━━━━━━━━ 7.0/7.0 MB 25.8 MB/s eta 0:00:00
Downloading https://download.pytorch.org/whl/typing_extensions-4.15.0-py3-none-any.whl (44 kB)
   ━━━━━━━━━━━━━━━━━━━━━━━━━━━━━━━━━━━━━━━━ 44.6/44.6 kB 531.1 kB/s eta 0:00:00
Downloading filelock-3.25.2-py3-none-any.whl (26 kB)
Downloading fsspec-2026.2.0-py3-none-any.whl (202 kB)
   ━━━━━━━━━━━━━━━━━━━━━━━━━━━━━━━━━━━━━━━━ 202.5/202.5 kB 2.5 MB/s eta 0:00:00
Downloading https://download.pytorch.org/whl/jinja2-3.1.6-py3-none-any.whl (134 kB)
   ━━━━━━━━━━━━━━━━━━━━━━━━━━━━━━━━━━━━━━━━ 134.9/134.9 kB 1.9 MB/s eta 0:00:00
Downloading networkx-3.6.1-py3-none-any.whl (2.1 MB)
   ━━━━━━━━━━━━━━━━━━━━━━━━━━━━━━━━━━━━━━━━ 2.1/2.1 MB 20.7 MB/s eta 0:00:00
Downloading numpy-2.4.3-cp312-cp312-manylinux_2_27_x86_64.manylinux_2_28_x86_64.whl (16.6 MB)
   ━━━━━━━━━━━━━━━━━━━━━━━━━━━━━━━━━━━━━━━━ 16.6/16.6 MB 25.1 MB/s eta 0:00:00
Downloading https://download.pytorch.org/whl/setuptools-70.2.0-py3-none-any.whl (930 kB)
   ━━━━━━━━━━━━━━━━━━━━━━━━━━━━━━━━━━━━━━━━ 930.8/930.8 kB 11.6 MB/s eta 0:00:00
Downloading https://download.pytorch.org/whl/markupsafe-3.0.3-cp312-cp312-manylinux2014_x86_64.manylinux_2_17_x86_64.manylinux_2_28_x86_64.whl (22 kB)
Downloading mpmath-1.3.0-py3-none-any.whl (536 kB)
   ━━━━━━━━━━━━━━━━━━━━━━━━━━━━━━━━━━━━━━━━ 536.2/536.2 kB 7.8 MB/s eta 0:00:00
Installing collected packages: triton, nvidia-cusparselt-cu12, mpmath, typing-extensions, sympy, setuptools, pillow, nvidia-nvtx-cu12, nvidia-nvjitlink-cu12, nvidia-nccl-cu12, nvidia-curand-cu12, nvidia-cufft-cu12, nvidia-cuda-runtime-cu12, nvidia-cuda-nvrtc-cu12, nvidia-cuda-cupti-cu12, nvidia-cublas-cu12, numpy, networkx, MarkupSafe, fsspec, filelock, nvidia-cusparse-cu12, nvidia-cudnn-cu12, jinja2, nvidia-cusolver-cu12, torch, torchvision, torchaudio
  Attempting uninstall: triton
    Found existing installation: triton 3.6.0
    Uninstalling triton-3.6.0:
      Successfully uninstalled triton-3.6.0
  Attempting uninstall: mpmath
    Found existing installation: mpmath 1.3.0
    Uninstalling mpmath-1.3.0:
      Successfully uninstalled mpmath-1.3.0
  Attempting uninstall: typing-extensions
    Found existing installation: typing_extensions 4.15.0
    Uninstalling typing_extensions-4.15.0:
      Successfully uninstalled typing_extensions-4.15.0
  Attempting uninstall: sympy
    Found existing installation: sympy 1.14.0
    Uninstalling sympy-1.14.0:
      Successfully uninstalled sympy-1.14.0
  Attempting uninstall: setuptools
    Found existing installation: setuptools 81.0.0
    Uninstalling setuptools-81.0.0:
      Successfully uninstalled setuptools-81.0.0
  Attempting uninstall: pillow
    Found existing installation: pillow 12.1.1
    Uninstalling pillow-12.1.1:
      Successfully uninstalled pillow-12.1.1
  Attempting uninstall: numpy
    Found existing installation: numpy 2.4.4
    Uninstalling numpy-2.4.4:
      Successfully uninstalled numpy-2.4.4
  Attempting uninstall: networkx
    Found existing installation: networkx 3.6.1
    Uninstalling networkx-3.6.1:
      Successfully uninstalled networkx-3.6.1
  Attempting uninstall: MarkupSafe
    Found existing installation: MarkupSafe 3.0.3
    Uninstalling MarkupSafe-3.0.3:
      Successfully uninstalled MarkupSafe-3.0.3
  Attempting uninstall: fsspec
    Found existing installation: fsspec 2026.3.0
    Uninstalling fsspec-2026.3.0:
      Successfully uninstalled fsspec-2026.3.0
  Attempting uninstall: filelock
    Found existing installation: filelock 3.25.2
    Uninstalling filelock-3.25.2:
      Successfully uninstalled filelock-3.25.2
  Attempting uninstall: jinja2
    Found existing installation: Jinja2 3.1.6
    Uninstalling Jinja2-3.1.6:
      Successfully uninstalled Jinja2-3.1.6
  Attempting uninstall: torch
    Found existing installation: torch 2.11.0
    Uninstalling torch-2.11.0:
      Successfully uninstalled torch-2.11.0
  Attempting uninstall: torchvision
    Found existing installation: torchvision 0.26.0
    Uninstalling torchvision-0.26.0:
      Successfully uninstalled torchvision-0.26.0
  Attempting uninstall: torchaudio
    Found existing installation: torchaudio 2.11.0
    Uninstalling torchaudio-2.11.0:
      Successfully uninstalled torchaudio-2.11.0
Successfully installed MarkupSafe-3.0.3 filelock-3.25.2 fsspec-2026.2.0 jinja2-3.1.6 mpmath-1.3.0 networkx-3.6.1 numpy-2.4.3 nvidia-cublas-cu12-12.4.5.8 nvidia-cuda-cupti-cu12-12.4.127 nvidia-cuda-nvrtc-cu12-12.4.127 nvidia-cuda-runtime-cu12-12.4.127 nvidia-cudnn-cu12-9.1.0.70 nvidia-cufft-cu12-11.2.1.3 nvidia-curand-cu12-10.3.5.147 nvidia-cusolver-cu12-11.6.1.9 nvidia-cusparse-cu12-12.3.1.170 nvidia-cusparselt-cu12-0.6.2 nvidia-nccl-cu12-2.21.5 nvidia-nvjitlink-cu12-12.4.127 nvidia-nvtx-cu12-12.4.127 pillow-12.1.1 setuptools-70.2.0 sympy-1.13.1 torch-2.6.0+cu124 torchaudio-2.6.0+cu124 torchvision-0.21.0+cu124 triton-3.2.0 typing-extensions-4.15.0
=== torch after install ===
Name: torch
Version: 2.6.0+cu124
Location: /projects/F202508983CPCAA0/jcorreia/work/smartrxn_env/lib/python3.12/site-packages
Python executable: /projects/F202508983CPCAA0/jcorreia/work/smartrxn_env/bin/python
Python 3.12.3
torch: 2.6.0+cu124 | CUDA: True

Run ID:          20260408_144751
Data:            data/processed/validated_smarts.csv
Vocab:           data/processed/vocab.json
Max length:      256
d_model:         128
nhead:           4
Layers:          4
FFN dim:         512
Dropout:         0.1
Learning rate:   1e-4
Batch size:      64
Epochs:          20
Mask prob:       0.15
Checkpoint dir:  models/checkpoints/20260408_144751
Output:          models/smarts_transformer_20260408_144751.pt

=== Training MLM transformer (Wed  8 Apr 14:47:51 WEST 2026) ===

Model weights: models/smarts_transformer_20260408_144751.pt
Model config:  models/smarts_transformer_20260408_144751.json
Best checkpoint: models/checkpoints/20260408_144751/best.pt
=== Job finished on Wed  8 Apr 15:46:23 WEST 2026 ===
