=== Job started on Tue 28 Apr 16:02:25 WEST 2026 ===
Running on node(s): gnx513
=== pip config ===
:env:.index-url='http://sn02:9191/index/'
:env:.trusted-host='sn02'
=== nvidia-smi ===
Tue Apr 28 16:02:33 2026       
+-----------------------------------------------------------------------------------------+
| NVIDIA-SMI 550.90.07              Driver Version: 550.90.07      CUDA Version: 12.4     |
|-----------------------------------------+------------------------+----------------------+
| GPU  Name                 Persistence-M | Bus-Id          Disp.A | Volatile Uncorr. ECC |
| Fan  Temp   Perf          Pwr:Usage/Cap |           Memory-Usage | GPU-Util  Compute M. |
|                                         |                        |               MIG M. |
|=========================================+========================+======================|
|   0  NVIDIA A100-SXM4-40GB          On  |   00000000:30:00.0 Off |                    0 |
| N/A   28C    P0             57W /  400W |       1MiB /  40960MiB |      0%      Default |
|                                         |                        |             Disabled |
+-----------------------------------------+------------------------+----------------------+
                                                                                         
+-----------------------------------------------------------------------------------------+
| Processes:                                                                              |
|  GPU   GI   CI        PID   Type   Process name                              GPU Memory |
|        ID   ID                                                               Usage      |
|=========================================================================================|
|  No running processes found                                                             |
+-----------------------------------------------------------------------------------------+
=== torch check ===
Installed torch: 2.6.0+cu124
=== torch cu124 already present — skipping reinstall ===
Python executable: /projects/F202508983CPCAA0/jcorreia/work/smartrxn_env/bin/python
Python 3.12.3
torch: 2.6.0+cu124 | CUDA: True

Run ID:          20260428_160310
Data:            data/processed/validated_smarts.csv
Vocab:           data/processed/vocab.json
Max length:      512
d_model:         256
nhead:           8
Layers:          6
FFN dim:         1024
Dropout:         0.1
Learning rate:   1e-4
Batch size:      64
Epochs:          100
Mask prob:       0.25
Mean span:       3.0
Max span:        10
Val split:       0.1
Warmup steps:    2000
Max grad norm:   1.0
Num workers:     4
Checkpoint dir:  models/checkpoints/20260428_160310
Output:          models/smarts_transformer_20260428_160310.pt

=== Training MLM transformer (Tue 28 Apr 16:03:10 WEST 2026) ===

Model weights: models/smarts_transformer_20260428_160310.pt
Model config:  models/smarts_transformer_20260428_160310.json
Best checkpoint: models/checkpoints/20260428_160310/best.pt

=== Collecting environment info (Tue 28 Apr 22:15:52 WEST 2026) ===
Environment info saved to models/smarts_transformer_20260428_160310_env.json

=== Generating training plot (Tue 28 Apr 22:16:24 WEST 2026) ===

=== Generating report (Tue 28 Apr 22:16:33 WEST 2026) ===

Training plot: models/smarts_transformer_20260428_160310_training_loss.pdf
Report:        models/smarts_transformer_20260428_160310_report.md

=== Committing report and plot to git (Tue 28 Apr 22:16:39 WEST 2026) ===
[dev f4981aa] [results] MLM training report and plot (run 20260428_160310)
 3 files changed, 107 insertions(+)
 create mode 100644 models/smarts_transformer_20260428_160310_env.json
 create mode 100644 models/smarts_transformer_20260428_160310_report.md
 create mode 100644 models/smarts_transformer_20260428_160310_training_loss.pdf

=== Tracking model artifacts with DVC (Tue 28 Apr 22:16:39 WEST 2026) ===

To track the changes with git, run:

	git add models/smarts_transformer_20260428_160310.pt.dvc models/smarts_transformer_20260428_160310.json.dvc models/.gitignore

To enable auto staging, run:

	dvc config core.autostage true
[dev 7c83efe] [DVC] Track MLM model weights and config (run 20260428_160310)
 3 files changed, 12 insertions(+)
 create mode 100644 models/smarts_transformer_20260428_160310.json.dvc
 create mode 100644 models/smarts_transformer_20260428_160310.pt.dvc
2 files pushed
=== Job finished on Tue 28 Apr 22:16:52 WEST 2026 ===
