=== Job started on Thu  9 Apr 14:30:32 WEST 2026 ===
Running on node(s): gnx506
=== pip config ===
:env:.index-url='http://sn02:9191/index/'
:env:.trusted-host='sn02'
=== nvidia-smi ===
Thu Apr  9 14:30:42 2026       
+-----------------------------------------------------------------------------------------+
| NVIDIA-SMI 550.90.07              Driver Version: 550.90.07      CUDA Version: 12.4     |
|-----------------------------------------+------------------------+----------------------+
| GPU  Name                 Persistence-M | Bus-Id          Disp.A | Volatile Uncorr. ECC |
| Fan  Temp   Perf          Pwr:Usage/Cap |           Memory-Usage | GPU-Util  Compute M. |
|                                         |                        |               MIG M. |
|=========================================+========================+======================|
|   0  NVIDIA A100-SXM4-40GB          On  |   00000000:30:00.0 Off |                    0 |
| N/A   28C    P0             57W /  400W |       1MiB /  40960MiB |      0%      Default |
|                                         |                        |             Disabled |
+-----------------------------------------+------------------------+----------------------+
                                                                                         
+-----------------------------------------------------------------------------------------+
| Processes:                                                                              |
|  GPU   GI   CI        PID   Type   Process name                              GPU Memory |
|        ID   ID                                                               Usage      |
|=========================================================================================|
|  No running processes found                                                             |
+-----------------------------------------------------------------------------------------+
=== torch before install ===
Name: torch
Version: 2.6.0+cu124
Location: /projects/F202508983CPCAA0/jcorreia/work/smartrxn_env/lib/python3.12/site-packages
Looking in indexes: https://download.pytorch.org/whl/cu124
Collecting torch
  Using cached https://download-r2.pytorch.org/whl/cu124/torch-2.6.0%2Bcu124-cp312-cp312-linux_x86_64.whl.metadata (28 kB)
Collecting torchvision
  Using cached https://download-r2.pytorch.org/whl/cu124/torchvision-0.21.0%2Bcu124-cp312-cp312-linux_x86_64.whl.metadata (6.1 kB)
Collecting torchaudio
  Using cached https://download-r2.pytorch.org/whl/cu124/torchaudio-2.6.0%2Bcu124-cp312-cp312-linux_x86_64.whl.metadata (6.6 kB)
Collecting filelock (from torch)
  Using cached filelock-3.25.2-py3-none-any.whl.metadata (2.0 kB)
Collecting typing-extensions>=4.10.0 (from torch)
  Using cached https://download.pytorch.org/whl/typing_extensions-4.15.0-py3-none-any.whl.metadata (3.3 kB)
Collecting networkx (from torch)
  Using cached networkx-3.6.1-py3-none-any.whl.metadata (6.8 kB)
Collecting jinja2 (from torch)
  Using cached https://download.pytorch.org/whl/jinja2-3.1.6-py3-none-any.whl.metadata (2.9 kB)
Collecting fsspec (from torch)
  Using cached fsspec-2026.2.0-py3-none-any.whl.metadata (10 kB)
Collecting nvidia-cuda-nvrtc-cu12==12.4.127 (from torch)
  Using cached https://download.pytorch.org/whl/cu124/nvidia_cuda_nvrtc_cu12-12.4.127-py3-none-manylinux2014_x86_64.whl (24.6 MB)
Collecting nvidia-cuda-runtime-cu12==12.4.127 (from torch)
  Using cached https://download.pytorch.org/whl/cu124/nvidia_cuda_runtime_cu12-12.4.127-py3-none-manylinux2014_x86_64.whl (883 kB)
Collecting nvidia-cuda-cupti-cu12==12.4.127 (from torch)
  Using cached https://download.pytorch.org/whl/cu124/nvidia_cuda_cupti_cu12-12.4.127-py3-none-manylinux2014_x86_64.whl (13.8 MB)
Collecting nvidia-cudnn-cu12==9.1.0.70 (from torch)
  Using cached https://download.pytorch.org/whl/cu124/nvidia_cudnn_cu12-9.1.0.70-py3-none-manylinux2014_x86_64.whl (664.8 MB)
Collecting nvidia-cublas-cu12==12.4.5.8 (from torch)
  Using cached https://download.pytorch.org/whl/cu124/nvidia_cublas_cu12-12.4.5.8-py3-none-manylinux2014_x86_64.whl (363.4 MB)
Collecting nvidia-cufft-cu12==11.2.1.3 (from torch)
  Using cached https://download.pytorch.org/whl/cu124/nvidia_cufft_cu12-11.2.1.3-py3-none-manylinux2014_x86_64.whl (211.5 MB)
Collecting nvidia-curand-cu12==10.3.5.147 (from torch)
  Using cached https://download.pytorch.org/whl/cu124/nvidia_curand_cu12-10.3.5.147-py3-none-manylinux2014_x86_64.whl (56.3 MB)
Collecting nvidia-cusolver-cu12==11.6.1.9 (from torch)
  Using cached https://download.pytorch.org/whl/cu124/nvidia_cusolver_cu12-11.6.1.9-py3-none-manylinux2014_x86_64.whl (127.9 MB)
Collecting nvidia-cusparse-cu12==12.3.1.170 (from torch)
  Using cached https://download.pytorch.org/whl/cu124/nvidia_cusparse_cu12-12.3.1.170-py3-none-manylinux2014_x86_64.whl (207.5 MB)
Collecting nvidia-cusparselt-cu12==0.6.2 (from torch)
  Using cached https://download.pytorch.org/whl/cu124/nvidia_cusparselt_cu12-0.6.2-py3-none-manylinux2014_x86_64.whl.metadata (6.8 kB)
Collecting nvidia-nccl-cu12==2.21.5 (from torch)
  Using cached https://download.pytorch.org/whl/nvidia_nccl_cu12-2.21.5-py3-none-manylinux2014_x86_64.whl (188.7 MB)
Collecting nvidia-nvtx-cu12==12.4.127 (from torch)
  Using cached https://download.pytorch.org/whl/cu124/nvidia_nvtx_cu12-12.4.127-py3-none-manylinux2014_x86_64.whl (99 kB)
Collecting nvidia-nvjitlink-cu12==12.4.127 (from torch)
  Using cached https://download.pytorch.org/whl/cu124/nvidia_nvjitlink_cu12-12.4.127-py3-none-manylinux2014_x86_64.whl (21.1 MB)
Collecting triton==3.2.0 (from torch)
  Using cached https://download-r2.pytorch.org/whl/triton-3.2.0-cp312-cp312-manylinux_2_27_x86_64.manylinux_2_28_x86_64.whl.metadata (1.4 kB)
Collecting setuptools (from torch)
  Using cached https://download.pytorch.org/whl/setuptools-70.2.0-py3-none-any.whl.metadata (5.8 kB)
Collecting sympy==1.13.1 (from torch)
  Using cached sympy-1.13.1-py3-none-any.whl.metadata (12 kB)
Collecting mpmath<1.4,>=1.1.0 (from sympy==1.13.1->torch)
  Using cached mpmath-1.3.0-py3-none-any.whl.metadata (8.6 kB)
Collecting numpy (from torchvision)
  Using cached numpy-2.4.3-cp312-cp312-manylinux_2_27_x86_64.manylinux_2_28_x86_64.whl.metadata (6.6 kB)
Collecting pillow!=8.3.*,>=5.3.0 (from torchvision)
  Using cached pillow-12.1.1-cp312-cp312-manylinux_2_27_x86_64.manylinux_2_28_x86_64.whl.metadata (8.8 kB)
Collecting MarkupSafe>=2.0 (from jinja2->torch)
  Using cached https://download.pytorch.org/whl/markupsafe-3.0.3-cp312-cp312-manylinux2014_x86_64.manylinux_2_17_x86_64.manylinux_2_28_x86_64.whl.metadata (2.7 kB)
Using cached https://download-r2.pytorch.org/whl/cu124/torch-2.6.0%2Bcu124-cp312-cp312-linux_x86_64.whl (768.4 MB)
Using cached https://download.pytorch.org/whl/cu124/nvidia_cusparselt_cu12-0.6.2-py3-none-manylinux2014_x86_64.whl (150.1 MB)
Using cached sympy-1.13.1-py3-none-any.whl (6.2 MB)
Using cached https://download-r2.pytorch.org/whl/triton-3.2.0-cp312-cp312-manylinux_2_27_x86_64.manylinux_2_28_x86_64.whl (166.7 MB)
Using cached https://download-r2.pytorch.org/whl/cu124/torchvision-0.21.0%2Bcu124-cp312-cp312-linux_x86_64.whl (7.3 MB)
Using cached https://download-r2.pytorch.org/whl/cu124/torchaudio-2.6.0%2Bcu124-cp312-cp312-linux_x86_64.whl (3.4 MB)
Using cached pillow-12.1.1-cp312-cp312-manylinux_2_27_x86_64.manylinux_2_28_x86_64.whl (7.0 MB)
Using cached https://download.pytorch.org/whl/typing_extensions-4.15.0-py3-none-any.whl (44 kB)
Using cached filelock-3.25.2-py3-none-any.whl (26 kB)
Using cached fsspec-2026.2.0-py3-none-any.whl (202 kB)
Using cached https://download.pytorch.org/whl/jinja2-3.1.6-py3-none-any.whl (134 kB)
Using cached networkx-3.6.1-py3-none-any.whl (2.1 MB)
Using cached numpy-2.4.3-cp312-cp312-manylinux_2_27_x86_64.manylinux_2_28_x86_64.whl (16.6 MB)
Using cached https://download.pytorch.org/whl/setuptools-70.2.0-py3-none-any.whl (930 kB)
Using cached https://download.pytorch.org/whl/markupsafe-3.0.3-cp312-cp312-manylinux2014_x86_64.manylinux_2_17_x86_64.manylinux_2_28_x86_64.whl (22 kB)
Using cached mpmath-1.3.0-py3-none-any.whl (536 kB)
Installing collected packages: triton, nvidia-cusparselt-cu12, mpmath, typing-extensions, sympy, setuptools, pillow, nvidia-nvtx-cu12, nvidia-nvjitlink-cu12, nvidia-nccl-cu12, nvidia-curand-cu12, nvidia-cufft-cu12, nvidia-cuda-runtime-cu12, nvidia-cuda-nvrtc-cu12, nvidia-cuda-cupti-cu12, nvidia-cublas-cu12, numpy, networkx, MarkupSafe, fsspec, filelock, nvidia-cusparse-cu12, nvidia-cudnn-cu12, jinja2, nvidia-cusolver-cu12, torch, torchvision, torchaudio
  Attempting uninstall: triton
    Found existing installation: triton 3.2.0
    Uninstalling triton-3.2.0:
      Successfully uninstalled triton-3.2.0
  Attempting uninstall: nvidia-cusparselt-cu12
    Found existing installation: nvidia-cusparselt-cu12 0.6.2
    Uninstalling nvidia-cusparselt-cu12-0.6.2:
      Successfully uninstalled nvidia-cusparselt-cu12-0.6.2
  Attempting uninstall: mpmath
    Found existing installation: mpmath 1.3.0
    Uninstalling mpmath-1.3.0:
      Successfully uninstalled mpmath-1.3.0
  Attempting uninstall: typing-extensions
    Found existing installation: typing_extensions 4.15.0
    Uninstalling typing_extensions-4.15.0:
      Successfully uninstalled typing_extensions-4.15.0
  Attempting uninstall: sympy
    Found existing installation: sympy 1.13.1
    Uninstalling sympy-1.13.1:
      Successfully uninstalled sympy-1.13.1
  Attempting uninstall: setuptools
    Found existing installation: setuptools 70.2.0
    Uninstalling setuptools-70.2.0:
      Successfully uninstalled setuptools-70.2.0
  Attempting uninstall: pillow
    Found existing installation: pillow 12.1.1
    Uninstalling pillow-12.1.1:
      Successfully uninstalled pillow-12.1.1
  Attempting uninstall: nvidia-nvtx-cu12
    Found existing installation: nvidia-nvtx-cu12 12.4.127
    Uninstalling nvidia-nvtx-cu12-12.4.127:
      Successfully uninstalled nvidia-nvtx-cu12-12.4.127
  Attempting uninstall: nvidia-nvjitlink-cu12
    Found existing installation: nvidia-nvjitlink-cu12 12.4.127
    Uninstalling nvidia-nvjitlink-cu12-12.4.127:
      Successfully uninstalled nvidia-nvjitlink-cu12-12.4.127
  Attempting uninstall: nvidia-nccl-cu12
    Found existing installation: nvidia-nccl-cu12 2.21.5
    Uninstalling nvidia-nccl-cu12-2.21.5:
      Successfully uninstalled nvidia-nccl-cu12-2.21.5
  Attempting uninstall: nvidia-curand-cu12
    Found existing installation: nvidia-curand-cu12 10.3.5.147
    Uninstalling nvidia-curand-cu12-10.3.5.147:
      Successfully uninstalled nvidia-curand-cu12-10.3.5.147
  Attempting uninstall: nvidia-cufft-cu12
    Found existing installation: nvidia-cufft-cu12 11.2.1.3
    Uninstalling nvidia-cufft-cu12-11.2.1.3:
      Successfully uninstalled nvidia-cufft-cu12-11.2.1.3
  Attempting uninstall: nvidia-cuda-runtime-cu12
    Found existing installation: nvidia-cuda-runtime-cu12 12.4.127
    Uninstalling nvidia-cuda-runtime-cu12-12.4.127:
      Successfully uninstalled nvidia-cuda-runtime-cu12-12.4.127
  Attempting uninstall: nvidia-cuda-nvrtc-cu12
    Found existing installation: nvidia-cuda-nvrtc-cu12 12.4.127
    Uninstalling nvidia-cuda-nvrtc-cu12-12.4.127:
      Successfully uninstalled nvidia-cuda-nvrtc-cu12-12.4.127
  Attempting uninstall: nvidia-cuda-cupti-cu12
    Found existing installation: nvidia-cuda-cupti-cu12 12.4.127
    Uninstalling nvidia-cuda-cupti-cu12-12.4.127:
      Successfully uninstalled nvidia-cuda-cupti-cu12-12.4.127
  Attempting uninstall: nvidia-cublas-cu12
    Found existing installation: nvidia-cublas-cu12 12.4.5.8
    Uninstalling nvidia-cublas-cu12-12.4.5.8:
      Successfully uninstalled nvidia-cublas-cu12-12.4.5.8
  Attempting uninstall: numpy
    Found existing installation: numpy 2.4.3
    Uninstalling numpy-2.4.3:
      Successfully uninstalled numpy-2.4.3
  Attempting uninstall: networkx
    Found existing installation: networkx 3.6.1
    Uninstalling networkx-3.6.1:
      Successfully uninstalled networkx-3.6.1
  Attempting uninstall: MarkupSafe
    Found existing installation: MarkupSafe 3.0.3
    Uninstalling MarkupSafe-3.0.3:
      Successfully uninstalled MarkupSafe-3.0.3
  Attempting uninstall: fsspec
    Found existing installation: fsspec 2026.2.0
    Uninstalling fsspec-2026.2.0:
      Successfully uninstalled fsspec-2026.2.0
  Attempting uninstall: filelock
    Found existing installation: filelock 3.25.2
    Uninstalling filelock-3.25.2:
      Successfully uninstalled filelock-3.25.2
  Attempting uninstall: nvidia-cusparse-cu12
    Found existing installation: nvidia-cusparse-cu12 12.3.1.170
    Uninstalling nvidia-cusparse-cu12-12.3.1.170:
      Successfully uninstalled nvidia-cusparse-cu12-12.3.1.170
  Attempting uninstall: nvidia-cudnn-cu12
    Found existing installation: nvidia-cudnn-cu12 9.1.0.70
    Uninstalling nvidia-cudnn-cu12-9.1.0.70:
      Successfully uninstalled nvidia-cudnn-cu12-9.1.0.70
  Attempting uninstall: jinja2
    Found existing installation: Jinja2 3.1.6
    Uninstalling Jinja2-3.1.6:
      Successfully uninstalled Jinja2-3.1.6
  Attempting uninstall: nvidia-cusolver-cu12
    Found existing installation: nvidia-cusolver-cu12 11.6.1.9
    Uninstalling nvidia-cusolver-cu12-11.6.1.9:
      Successfully uninstalled nvidia-cusolver-cu12-11.6.1.9
  Attempting uninstall: torch
    Found existing installation: torch 2.6.0+cu124
    Uninstalling torch-2.6.0+cu124:
      Successfully uninstalled torch-2.6.0+cu124
  Attempting uninstall: torchvision
    Found existing installation: torchvision 0.21.0+cu124
    Uninstalling torchvision-0.21.0+cu124:
      Successfully uninstalled torchvision-0.21.0+cu124
  Attempting uninstall: torchaudio
    Found existing installation: torchaudio 2.6.0+cu124
    Uninstalling torchaudio-2.6.0+cu124:
      Successfully uninstalled torchaudio-2.6.0+cu124
Successfully installed MarkupSafe-3.0.3 filelock-3.25.2 fsspec-2026.2.0 jinja2-3.1.6 mpmath-1.3.0 networkx-3.6.1 numpy-2.4.3 nvidia-cublas-cu12-12.4.5.8 nvidia-cuda-cupti-cu12-12.4.127 nvidia-cuda-nvrtc-cu12-12.4.127 nvidia-cuda-runtime-cu12-12.4.127 nvidia-cudnn-cu12-9.1.0.70 nvidia-cufft-cu12-11.2.1.3 nvidia-curand-cu12-10.3.5.147 nvidia-cusolver-cu12-11.6.1.9 nvidia-cusparse-cu12-12.3.1.170 nvidia-cusparselt-cu12-0.6.2 nvidia-nccl-cu12-2.21.5 nvidia-nvjitlink-cu12-12.4.127 nvidia-nvtx-cu12-12.4.127 pillow-12.1.1 setuptools-70.2.0 sympy-1.13.1 torch-2.6.0+cu124 torchaudio-2.6.0+cu124 torchvision-0.21.0+cu124 triton-3.2.0 typing-extensions-4.15.0
=== torch after install ===
Name: torch
Version: 2.6.0+cu124
Location: /projects/F202508983CPCAA0/jcorreia/work/smartrxn_env/lib/python3.12/site-packages
Python executable: /projects/F202508983CPCAA0/jcorreia/work/smartrxn_env/bin/python
Python 3.12.3
torch: 2.6.0+cu124 | CUDA: True

Run ID:          20260409_143643
Data:            data/processed/validated_smarts.csv
Vocab:           data/processed/vocab.json
Max length:      256
d_model:         256
nhead:           8
Layers:          6
FFN dim:         1024
Dropout:         0.1
Learning rate:   1e-4
Batch size:      64
Epochs:          100
Mask prob:       0.15
Val split:       0.1
Warmup steps:    2000
Max grad norm:   1.0
Num workers:     4
Checkpoint dir:  models/checkpoints/20260409_143643
Output:          models/smarts_transformer_20260409_143643.pt

=== Training MLM transformer (Thu  9 Apr 14:36:43 WEST 2026) ===

Model weights: models/smarts_transformer_20260409_143643.pt
Model config:  models/smarts_transformer_20260409_143643.json
Best checkpoint: models/checkpoints/20260409_143643/best.pt

=== Collecting environment info (Fri 10 Apr 02:00:46 WEST 2026) ===
Environment info saved to models/smarts_transformer_20260409_143643_env.json

=== Generating training plot (Fri 10 Apr 02:01:33 WEST 2026) ===

=== Generating report (Fri 10 Apr 02:01:44 WEST 2026) ===

Training plot: models/smarts_transformer_20260409_143643_training_loss.pdf
Report:        models/smarts_transformer_20260409_143643_report.md

=== Tracking model artifacts with DVC (Fri 10 Apr 02:01:50 WEST 2026) ===

To track the changes with git, run:

	git add models/.gitignore models/smarts_transformer_20260409_143643.pt.dvc models/smarts_transformer_20260409_143643.json.dvc

To enable auto staging, run:

	dvc config core.autostage true
[dev 4bcc700] [DVC] Track MLM model weights and config (run 20260409_143643)
 3 files changed, 12 insertions(+)
 create mode 100644 models/.gitignore
 create mode 100644 models/smarts_transformer_20260409_143643.json.dvc
 create mode 100644 models/smarts_transformer_20260409_143643.pt.dvc
2 files pushed
=== Job finished on Fri 10 Apr 02:02:10 WEST 2026 ===
