=== Job started on Fri 10 Apr 11:17:36 WEST 2026 ===
Running on node(s): gnx510
=== pip config ===
:env:.index-url='http://sn02:9191/index/'
:env:.trusted-host='sn02'
=== nvidia-smi ===
Fri Apr 10 11:17:44 2026       
+-----------------------------------------------------------------------------------------+
| NVIDIA-SMI 550.90.07              Driver Version: 550.90.07      CUDA Version: 12.4     |
|-----------------------------------------+------------------------+----------------------+
| GPU  Name                 Persistence-M | Bus-Id          Disp.A | Volatile Uncorr. ECC |
| Fan  Temp   Perf          Pwr:Usage/Cap |           Memory-Usage | GPU-Util  Compute M. |
|                                         |                        |               MIG M. |
|=========================================+========================+======================|
|   0  NVIDIA A100-SXM4-40GB          On  |   00000000:2F:00.0 Off |                    0 |
| N/A   27C    P0             50W /  400W |       1MiB /  40960MiB |      0%      Default |
|                                         |                        |             Disabled |
+-----------------------------------------+------------------------+----------------------+
                                                                                         
+-----------------------------------------------------------------------------------------+
| Processes:                                                                              |
|  GPU   GI   CI        PID   Type   Process name                              GPU Memory |
|        ID   ID                                                               Usage      |
|=========================================================================================|
|  No running processes found                                                             |
+-----------------------------------------------------------------------------------------+
=== torch check ===
Installed torch: 2.6.0+cu124
=== torch cu124 already present — skipping reinstall ===
Python executable: /projects/F202508983CPCAA0/jcorreia/work/smartrxn_env/bin/python
Python 3.12.3
torch: 2.6.0+cu124 | CUDA: True

Run ID:          20260410_111830
Data:            data/processed/validated_smarts.csv
Vocab:           data/processed/vocab.json
Max length:      256
d_model:         256
nhead:           8
Layers:          6
FFN dim:         1024
Dropout:         0.1
Learning rate:   1e-4
Batch size:      64
Epochs:          100
Mask prob:       0.25
Mean span:       3.0
Max span:        10
Val split:       0.1
Warmup steps:    2000
Max grad norm:   1.0
Num workers:     4
Checkpoint dir:  models/checkpoints/20260410_111830
Output:          models/smarts_transformer_20260410_111830.pt

=== Training MLM transformer (Fri 10 Apr 11:18:30 WEST 2026) ===

Model weights: models/smarts_transformer_20260410_111830.pt
Model config:  models/smarts_transformer_20260410_111830.json
Best checkpoint: models/checkpoints/20260410_111830/best.pt

=== Collecting environment info (Fri 10 Apr 14:43:48 WEST 2026) ===
Environment info saved to models/smarts_transformer_20260410_111830_env.json

=== Generating training plot (Fri 10 Apr 14:44:22 WEST 2026) ===

=== Generating report (Fri 10 Apr 14:44:32 WEST 2026) ===

Training plot: models/smarts_transformer_20260410_111830_training_loss.pdf
Report:        models/smarts_transformer_20260410_111830_report.md

=== Tracking model artifacts with DVC (Fri 10 Apr 14:44:35 WEST 2026) ===

To track the changes with git, run:

	git add models/.gitignore models/smarts_transformer_20260410_111830.pt.dvc models/smarts_transformer_20260410_111830.json.dvc

To enable auto staging, run:

	dvc config core.autostage true
[dev 04f6e12] [DVC] Track MLM model weights and config (run 20260410_111830)
 3 files changed, 12 insertions(+)
 create mode 100644 models/smarts_transformer_20260410_111830.json.dvc
 create mode 100644 models/smarts_transformer_20260410_111830.pt.dvc
2 files pushed
=== Job finished on Fri 10 Apr 14:44:55 WEST 2026 ===
